02-12 08:57:52.622 19546 19978 I AppLovinSdk: [MediationAdapterInitializationManager] Initializing adapter SignalProviderSpec{adObject={"name":"DV360_BIDDING","server_parameters":{"bidder":"dv360"},"class":"com.applovin.mediation.adapters.GoogleMediationAdapter","adapter_timeout_ms":1000,"max_signal_length":32768,"scode":"2!v3!400011.1707728271834!SnE2-H5tmijLik0fUbBZwlvJvfgUckOsDrRzF4AzoMo*","run_on_ui_thread":false,"use_cached_adapter":false}}
02-12 08:57:52.622 19546 19978 D AppLovinSdk: [MediationAdapterWrapper] GoogleMediationAdapter: running initialize...
02-12 08:57:52.622 19546 19978 D AppLovinSdk: [MediationAdapterWrapper] Initializing GoogleMediationAdapter on thread: Thread[AppLovinSdk:shared_thread_pool,1,main] with 'run_on_ui_thread' value: false
02-12 08:57:52.622 19546 19978 I AppLovinSdk: [GoogleMediationAdapter] Initializing Google SDK...
02-12 08:57:52.622 19546 19978 D AppLovinSdk: [MediationAdapterWrapper] GoogleMediationAdapter: finished initialize
02-12 08:57:52.622 19546 19978 D AppLovinSdk: [MediationService] Collecting signal for adapter: DV360_BIDDING
02-12 08:57:52.622 19546 19978 D AppLovinSdk: [MediationAdapterWrapper] GoogleMediationAdapter: running collect_signal...
02-12 08:57:52.626 18188 18204 I FontLog : (REDACTED) Pulling font file for id = %d, cache size = %d
02-12 08:57:52.644 18188 18204 I FontLog : (REDACTED) Received query %s, URI %s
02-12 08:57:52.644 18188 18204 I FontLog : (REDACTED) Query [%s] resolved to %s
02-12 08:57:52.647 18188 18204 I FontLog : (REDACTED) Fetch %s end status %s
02-12 08:57:52.648 19546 19978 D AppLovinSdk: [MediationAdapterWrapper] Setting timeout 1000ms. for SignalProviderSpec{adObject={"name":"DV360_BIDDING","server_parameters":{"bidder":"dv360"},"class":"com.applovin.mediation.adapters.GoogleMediationAdapter","adapter_timeout_ms":1000,"max_signal_length":32768,"scode":"2!v3!400011.1707728271834!SnE2-H5tmijLik0fUbBZwlvJvfgUckOsDrRzF4AzoMo*","run_on_ui_thread":false,"use_cached_adapter":false}}
02-12 08:57:52.648 19546 19978 I AppLovinSdk: [TaskTimeoutSignalCollection] Task execution delayed until after init
02-12 08:57:52.648 19546 19978 D AppLovinSdk: [MediationAdapterWrapper] GoogleMediationAdapter: finished collect_signal
02-12 08:57:52.648 19546 19978 D AppLovinSdk: [MediationAdapterManager] Loaded FACEBOOK_NETWORK
02-12 08:57:52.648 19546 19978 D AppLovinSdk: [MediationAdapterManager] Loaded FACEBOOK_NETWORK
02-12 08:57:52.648 19546 19978 I AppLovinSdk: [MediationAdapterInitializationManager] Initializing adapter SignalProviderSpec{adObject={"name":"FACEBOOK_NETWORK","server_parameters":{"placement_ids":["755146285949791_755146399283113","755146285949791_755146402616446","755146285949791_755146389283114"]},"class":"com.applovin.mediation.adapters.FacebookMediationAdapter","adapter_timeout_ms":30000,"max_signal_length":32768,"scode":"2!v3!400011.1707728271834!Ul-AdZPj5_-L_jZtXhRilpxIPrS2DJ3qqxWXBry-lHM*","run_on_ui_thread":false}}
02-12 08:57:52.648 19546 19978 D AppLovinSdk: [MediationAdapterWrapper] FacebookMediationAdapter: running initialize...
02-12 08:57:52.648 19546 19978 D AppLovinSdk: [MediationAdapterWrapper] Initializing FacebookMediationAdapter on thread: Thread[AppLovinSdk:shared_thread_pool,1,main] with 'run_on_ui_thread' value: false
02-12 08:57:52.648 19546 19978 I AppLovinSdk: [FacebookMediationAdapter] Facebook attempted initialization already - marking initialization as completed
02-12 08:57:52.648 19546 19978 D AppLovinSdk: [MediationAdapterWrapper] FacebookMediationAdapter: finished initialize
02-12 08:57:52.648 19546 19978 D AppLovinSdk: [MediationService] Collecting signal for adapter: FACEBOOK_NETWORK
02-12 08:57:52.648 19546 19978 D AppLovinSdk: [MediationAdapterWrapper] FacebookMediationAdapter: running collect_signal...
02-12 08:57:52.649 19546 19978 I AppLovinSdk: [FacebookMediationAdapter] Collecting signal...
02-12 08:57:52.661  1244  1786 W ServiceManager: Permission failure: android.permission.HIGH_SAMPLING_RATE_SENSORS from uid=13170 pid=19546
02-12 08:57:52.661 19546 20074 W Settings: Setting airplane_mode_on has moved from android.provider.Settings.System to android.provider.Settings.Global, returning read-only value.
02-12 08:57:52.663  1244  1786 W ServiceManager: Permission failure: android.permission.HIGH_SAMPLING_RATE_SENSORS from uid=13170 pid=19546
02-12 08:57:52.663  1244  1786 D SensorService: Calling batch handle==1 flags=0 rate=180000000 timeout== 0
02-12 08:57:52.663   837   837 I Sensors : flush accelerometer_sensor
02-12 08:57:52.665 19546 19978 D SensorManager: registerListener :: 1, LSM6DSO Accelerometer, 200000, 0, 
02-12 08:57:52.666 18188 18204 I FontLog : (REDACTED) Pulling font file for id = %d, cache size = %d
02-12 08:57:52.672  1244  3883 W ServiceManager: Permission failure: android.permission.HIGH_SAMPLING_RATE_SENSORS from uid=13170 pid=19546
02-12 08:57:52.676 19546 20074 D AppLovinSdk: [MediationAdapterWrapper] IronSourceMediationAdapter: finished initialize
02-12 08:57:52.676 19546 20074 D AppLovinSdk: [TaskAutoInitAdapters] Auto-initing adapter: MediationAdapterSpec{adapterClass='com.applovin.mediation.adapters.MintegralMediationAdapter', adapterName='MINTEGRAL_BIDDING', isTesting=false}
02-12 08:57:52.676 19546 20074 D AppLovinSdk: [MediationAdapterManager] Loaded MINTEGRAL_BIDDING
02-12 08:57:52.676 19546 20074 I AppLovinSdk: [MediationAdapterInitializationManager] Initializing adapter MediationAdapterSpec{adapterClass='com.applovin.mediation.adapters.MintegralMediationAdapter', adapterName='MINTEGRAL_BIDDING', isTesting=false}
02-12 08:57:52.676 19546 20074 D AppLovinSdk: [TaskAutoInitAdapters] Auto-initing adapter: MediationAdapterSpec{adapterClass='com.applovin.mediation.adapters.UnityAdsMediationAdapter', adapterName='UNITY_NETWORK', isTesting=false}
02-12 08:57:52.676 19546 20074 D AppLovinSdk: [MediationAdapterManager] Loaded UNITY_NETWORK
02-12 08:57:52.677 19546 20074 I AppLovinSdk: [MediationAdapterInitializationManager] Initializing adapter MediationAdapterSpec{adapterClass='com.applovin.mediation.adapters.UnityAdsMediationAdapter', adapterName='UNITY_NETWORK', isTesting=false}
02-12 08:57:52.677 19546 20074 D AppLovinSdk: [MediationAdapterWrapper] UnityAdsMediationAdapter: running initialize...
02-12 08:57:52.677 19546 20074 D AppLovinSdk: [MediationAdapterWrapper] Initializing UnityAdsMediationAdapter on thread: Thread[AppLovinSdk:auxiliary_operations,1,main] with 'run_on_ui_thread' value: false
02-12 08:57:52.677 19546 19546 I AppLovinSdk: [TaskFireMediationPostbacks] Task execution delayed until after init
02-12 08:57:52.677 19546 19546 D AppLovinSdk: [MediationAdapterWrapper] MintegralMediationAdapter: running initialize...
02-12 08:57:52.677 19546 19546 D AppLovinSdk: [MediationAdapterWrapper] Initializing MintegralMediationAdapter on thread: Thread[main,5,main] with 'run_on_ui_thread' value: true
02-12 08:57:52.678 19546 19546 I AppLovinSdk: [MintegralMediationAdapter] Initializing Mintegral SDK with app id: 263293 and app key: c09b50de7b74ada37b4617d14ec97989...
02-12 08:57:52.678 19546 20074 D UnityAds: com.unity3d.services.core.misc.Utilities.writeFile() (line:130) :: Wrote file: /data/user/0/com.esg.idle.guild.tycoon/files/UnityAdsStorage-public-data.json
02-12 08:57:52.678 19546 20074 D UnityAds: com.unity3d.services.core.device.Storage.sendEvent() (line:87) :: Couldn't send storage event to WebApp
02-12 08:57:52.685 19546 20074 D UnityAds: com.unity3d.services.core.misc.Utilities.writeFile() (line:130) :: Wrote file: /data/user/0/com.esg.idle.guild.tycoon/files/UnityAdsStorage-public-data.json
02-12 08:57:52.685 19546 20074 D UnityAds: com.unity3d.services.core.device.Storage.sendEvent() (line:87) :: Couldn't send storage event to WebApp
02-12 08:57:52.686 19546 20074 I AppLovinSdk: [UnityAdsMediationAdapter] Initializing UnityAds SDK with game id: 5520397...
02-12 08:57:52.686 19546 20074 D UnityAds: com.unity3d.services.core.misc.Utilities.writeFile() (line:130) :: Wrote file: /data/user/0/com.esg.idle.guild.tycoon/files/UnityAdsStorage-public-data.json
02-12 08:57:52.686 19546 20074 D UnityAds: com.unity3d.services.core.device.Storage.sendEvent() (line:87) :: Couldn't send storage event to WebApp
02-12 08:57:52.687 19546 20074 I UnityAds: com.unity3d.services.UnityServices.initialize() (line:145) :: Initializing Unity Services 4.9.2 (4920) with game id 5520397 in production mode, session 1c7a754c-f01b-4a20-bfb1-f9d2a3e8cd4e
02-12 08:57:52.688 18188 18204 I FontLog : (REDACTED) Received query %s, URI %s
02-12 08:57:52.688 18188 18204 I FontLog : (REDACTED) Query [%s] resolved to %s
02-12 08:57:52.689 18188 18204 I FontLog : (REDACTED) Font PFD returned from cache for %s
02-12 08:57:52.689 18188 18204 I FontLog : (REDACTED) Fetch %s end status %s
02-12 08:57:52.690   837  1394 E Sensors : Sensor : Meta event
02-12 08:57:52.691  1244  1400 D SensorService: [EARPROXIMITY] SENSOR_TYPE_META_DATA 1 
02-12 08:57:52.691  1244  1400 I SensorService: [EARPROXIMITY] updateEvent prox -1 tsp -1 cg -1 tiltangle 20 cover 1 enforced on -1
02-12 08:57:52.691  1244  1400 D SensorService: [EARPROXIMITY] ignore sensor events
02-12 08:57:52.692 18188 18204 I FontLog : (REDACTED) Pulling font file for id = %d, cache size = %d
02-12 08:57:52.702  1244  1786 W ServiceManager: Permission failure: android.permission.HIGH_SAMPLING_RATE_SENSORS from uid=13170 pid=19546
02-12 08:57:52.702  1244  1786 D SensorService: Calling batch handle==2 flags=0 rate=180000000 timeout== 0
02-12 08:57:52.702   837   837 I Sensors : flush gyro_sensor
02-12 08:57:52.704 19546 19732 I Unity   : DownloadProgress| Speed: 0 Kb/s
02-12 08:57:52.704 19546 19732 I Unity   : _GuildMakerTycoon.Scripts.<>c__DisplayClass9_0:<TryLoadDependencies>b__0(Int64)
02-12 08:57:52.704 19546 19732 I Unity   : UniRx.Operators.Timer:OnNext()
02-12 08:57:52.704 19546 19732 I Unity   : UniRx.MainThreadDispatcher:UnsafeSend(Action)
02-12 08:57:52.704 19546 19732 I Unity   : UniRx.<PeriodicAction>d__3:MoveNext()
02-12 08:57:52.704 19546 19732 I Unity   : UnityEngine.SetupCoroutine:InvokeMoveNext(IEnumerator, IntPtr)
02-12 08:57:52.704 19546 19732 I Unity   : 
02-12 08:57:52.705 19546 19978 D SensorManager: registerListener :: 2, LSM6DSO Gyroscope, 200000, 0, 
02-12 08:57:52.708 18188 18204 I FontLog : (REDACTED) Received query %s, URI %s
02-12 08:57:52.708 18188 18204 I FontLog : (REDACTED) Query [%s] resolved to %s
02-12 08:57:52.710 19546 20074 I UnityAds: com.unity3d.services.UnityServices.initialize() (line:169) :: Unity Services environment check OK
02-12 08:57:52.719 18188 18204 I FontLog : (REDACTED) Font PFD returned from cache for %s
02-12 08:57:52.719 18188 18204 I FontLog : (REDACTED) Fetch %s end status %s
02-12 08:57:52.729   837  1394 E Sensors : Sensor : Meta event
02-12 08:57:52.729  1244  1400 D SensorService: [EARPROXIMITY] SENSOR_TYPE_META_DATA 2 
02-12 08:57:52.734  1244  1524 W system_server: Long monitor contention with owner android.bg (1316) at android.content.res.Resources android.app.ResourcesManager.createResources(android.content.res.ResourcesKey, java.lang.ClassLoader, android.app.ResourcesManager$ApkAssetsSupplier)(ResourcesManager.java:1409) waiters=0 in android.view.Display android.app.ResourcesManager.getAdjustedDisplay(int, android.content.res.Resources) for 343ms
02-12 08:57:52.736  6296  6296 I AppsEdge.PanelContainer: onPackageChanged
02-12 08:57:52.736  8298  8298 I Launcher.Model: isValidStateInKnoxMode:false user:UserHandle{0}
02-12 08:57:52.738  8298  8362 I PackageUpdatedTask: mAllAppsList.updatePackage com.esg.idle.guild.tycoon
02-12 08:57:52.738 18188 18204 I FontLog : (REDACTED) Pulling font file for id = %d, cache size = %d
02-12 08:57:52.748 19546 19546 I AppLovinSdk: [TaskFireMediationPostbacks] Task execution delayed until after init
02-12 08:57:52.748 19546 19546 D AppLovinSdk: [MediationAdapterWrapper] MintegralMediationAdapter: finished initialize
02-12 08:57:52.749  1244  1524 W SearchableInfo: Invalid searchable metadata for com.samsung.android.messaging/.ui.view.recipientspicker.PickerActivity: Search label must be a resource reference.
02-12 08:57:52.754 19546 19977 I AppLovinSdk: [ConnectionManager] Successful POST returned 200 in 0.136 s over wifi to #781498411 "ms.applovin.com/5.0/i"
02-12 08:57:52.758  1244  3339 D SensorService: Calling activate off 1
02-12 08:57:52.759   837   837 I Sensors : batch(0) - accelerometer_sensor try to batching with 20000000
02-12 08:57:52.762 19546 19546 D SensorManager: unregisterListener
02-12 08:57:52.764  1244  3888 D SensorService: Calling activate off 2
02-12 08:57:52.765   837   837 I Sensors : batch(2) - gyro_sensor try to batching with 180000000
02-12 08:57:52.765 19546 19546 D SensorManager: unregisterListener
02-12 08:57:52.766 19546 20310 E ActivityThread: Failed to find provider info for com.xiaomi.market.provider.DirectMailProvider
02-12 08:57:52.771 19546 19546 I AppLovinSdk: [InMobiMediationAdapter] InMobi SDK successfully initialized.
02-12 08:57:52.772 19546 19546 I AppLovinSdk: [TaskFireMediationPostbacks] Task execution delayed until after init
02-12 08:57:52.779   803   813 E statsd  : Predicate 7729334320784921827 dropping data for dimension key (27)0x10000->10047[I] 
02-12 08:57:52.791 30315 20319 I AppsEdge.Service: changeItem() removed=false
02-12 08:57:52.791 30315 20319 I AppsEdge.DBHelper: getFavoriteItems : true
02-12 08:57:52.824 19546 20169 W AudioCapabilities: Unsupported mime audio/x-ape
02-12 08:57:52.824 19546 20169 W AudioCapabilities: Unsupported mime audio/x-ima
02-12 08:57:52.824 19546 20169 W AudioCapabilities: Unsupported mime audio/mpeg-L1
02-12 08:57:52.824 19546 20169 W AudioCapabilities: Unsupported mime audio/mpeg-L2
02-12 08:57:52.824 19546 20169 W VideoCapabilities: Unsupported mime video/wvc1
02-12 08:57:52.824 19546 20169 W VideoCapabilities: Unsupported mime video/x-ms-wmv
02-12 08:57:52.827 19546 19977 D AppLovinSdk: [CommunicatorService] Sending "safedk_init" message: Bundle[{init_success=true, device_type=phone, installed_mediation_adapters=[Bundle[{sdk_version=12.1.0, name=AppLovin, class=com.applovin.mediation.adapters.AppLovinMediationAdapter, version=12.1.0}], Bundle[{sdk_version=6.16.0, name=Facebook, class=com.applovin.mediation.adapters.FacebookMediationAdapter, version=6.16.0.2}], Bundle[{sdk_version=22.4.0, name=AdMob, class=com.applovin.mediation.adapters.GoogleMediationAdapter, version=22.4.0.0}], Bundle[{sdk_version=10.6.2, name=InMobi, class=com.applovin.mediation.adapters.InMobiMediationAdapter, version=10.6.2.0}], Bundle[{sdk_version=7.6.0, name=ironSource, class=com.applovin.mediation.adapters.IronSourceMediationAdapter, version=7.6.0.0.0}], Bundle[{sdk_version=MAL_16.5.91, name=Mintegral, class=com.applovin.mediation.adapters.MintegralMediationAdapter, version=16.5.91.2}], Bundle[{sdk_version=2.0.0, name=Nimbus, class=com.applovin.mediation.adapters.NimbusMediationAdapter, version=1.0.0.0}], Bundle[{sdk_version=2.0, name=Taboola, class=com.applovin.mediation.adapters.TaboolaMediationAdapter, version=2.0.0}], Bundle[{sdk_version=4.9.2, name=Unity Ads, class=com.applovin.mediation.adapters.UnityAdsMediationAdapter, version=4.9.2.1}], Bundle[{sdk_version=7.1.0, name=Vungle, class=com.applovin.mediation.adapters.VungleMediationAdapter, version=7.1.0.0}]], applovin_random_token=287874d0-4bc0-4f61-bce4-a55fb1f1bac9, sdk_key=bPeU1Toczp4Eor13NlfrGIPKHeTKFIoB1Pw3EMWhN6Qo9_4c8l-N80xTrhXZesZ_sG2hbpSxZxTQQXEyrIqKVC, compass_random_token=3a41f365-157a-4b49-83fd-dd55fc55c6d6}]
02-12 08:57:52.828 19546 19977 D AppLovinSdk: [AppLovinSdk] Initializing SDK in MAX environment...
02-12 08:57:52.828 19546 19977 D AppLovinSdk: [TaskInitializeSdk] Initializing AppLovin SDK v12.1.0...
02-12 08:57:52.828 19546 19977 D AppLovinSdk: [FileManager] Compacting cache...
02-12 08:57:52.828 19546 19977 D AppLovinSdk: [FileManager] Cache has no maximum size set; skipping drop...
02-12 08:57:52.828 19546 19977 D AppLovinSdk: [FileManager] Looking up cached resource: .nomedia
02-12 08:57:52.828 19546 19977 I AppLovinSdk: [TaskApiSubmitData] Task execution delayed until after init
02-12 08:57:52.830  1244  1390 D SensorService: Calling activate off 2
02-12 08:57:52.831   837   837 I Sensors : GyroSensor old sensor_state 147971, new sensor_state : 2112436715012609 en : 0
02-12 08:57:52.832   837   837 I Sensors : disable:: gyro_sensor(2)
02-12 08:57:52.835  1244  3379 D SensorService: Calling activate off 1936159350
02-12 08:57:52.836   837   837 I Sensors : RotationVector old sensor_state 147969, new sensor_state : 2112436714881537 en : 0
02-12 08:57:52.836   837   837 I Sensors : disable:: rotation_vector_sensor(14)
02-12 08:57:52.838 19546 19733 W Settings: Setting airplane_mode_on has moved from android.provider.Settings.System to android.provider.Settings.Global, returning read-only value.
02-12 08:57:52.841 19546 20074 D AppLovinSdk: [MediationAdapterWrapper] UnityAdsMediationAdapter: finished initialize
02-12 08:57:52.841 19546 20074 D AppLovinSdk: [TaskAutoInitAdapters] Auto-initing adapter: MediationAdapterSpec{adapterClass='com.applovin.mediation.adapters.VungleMediationAdapter', adapterName='VUNGLE_BIDDING', isTesting=false}
02-12 08:57:52.841 19546 20074 D AppLovinSdk: [MediationAdapterManager] Loaded VUNGLE_BIDDING
02-12 08:57:52.841 19546 20074 I AppLovinSdk: [MediationAdapterInitializationManager] Initializing adapter MediationAdapterSpec{adapterClass='com.applovin.mediation.adapters.VungleMediationAdapter', adapterName='VUNGLE_BIDDING', isTesting=false}
02-12 08:57:52.841 19546 20074 D AppLovinSdk: [MediationAdapterWrapper] VungleMediationAdapter: running initialize...
02-12 08:57:52.841 19546 20074 D AppLovinSdk: [MediationAdapterWrapper] Initializing VungleMediationAdapter on thread: Thread[AppLovinSdk:auxiliary_operations,1,main] with 'run_on_ui_thread' value: false
02-12 08:57:52.841 19546 20074 I AppLovinSdk: [VungleMediationAdapter] Initializing Vungle SDK with app id: 659bc7565118aef8c2763f22...
02-12 08:57:52.844 19546 19977 D SensorManager: unregisterListener
02-12 08:57:52.846  1244  3403 W ServiceManager: Permission failure: android.permission.HIGH_SAMPLING_RATE_SENSORS from uid=13170 pid=19546
02-12 08:57:52.848 19546 20074 D AppLovinSdk: [MediationAdapterWrapper] VungleMediationAdapter: finished initialize
02-12 08:57:52.849  1244  1390 D SensorService: Calling batch handle==1936159350 flags=0 rate=250000000 timeout== 0
02-12 08:57:52.849  1244  1390 D SensorService: GravitySensor2 setDelay  ns =250000000 handle = 1936159350  mindelay = 250000000
02-12 08:57:52.853   837   837 D Sensors : M requested delay = 250000000, modified delay = 200000000
02-12 08:57:52.854   837   837 I Sensors : batch(14) - rotation_vector_sensor try to batching with 200000000
02-12 08:57:52.854 19800 20164 I [SAUI]  : getAvailableInternalMemorySize() StorageManager
02-12 08:57:52.863   837   837 I Sensors : RotationVector old sensor_state 16897, new sensor_state : 2112436715012609 en : 1
02-12 08:57:52.863   837   837 I Sensors : enable:: rotation_vector_sensor(14)
02-12 08:57:52.866 19546 19977 D SensorManager: registerListener :: 1936159350, Gravity Sensor, 250000, 0, 
02-12 08:57:52.866  1244  3379 W ServiceManager: Permission failure: android.permission.HIGH_SAMPLING_RATE_SENSORS from uid=13170 pid=19546
02-12 08:57:52.866  1244  3379 D SensorService: Calling batch handle==2 flags=0 rate=180000000 timeout== 0
02-12 08:57:52.867   837   837 I Sensors : batch(2) - gyro_sensor try to batching with 180000000
02-12 08:57:52.871   837   837 I Sensors : GyroSensor old sensor_state 147969, new sensor_state : 2112436715012611 en : 1
02-12 08:57:52.871   837   837 I Sensors : enable:: gyro_sensor(2)
02-12 08:57:52.880 18378 18609 I org.webrtc.Logging: SurfaceTextureHelper: A frame is already pending, dropping frame.
02-12 08:57:52.881 19546 19977 D SensorManager: registerListener :: 2, LSM6DSO Gyroscope, 250000, 0, com.applovin.impl.sdk.utils.q@92fe589
02-12 08:57:52.882  1244  3403 D SensorService: Calling activate off 1
02-12 08:57:52.882   837   837 I Sensors : batch(0) - accelerometer_sensor try to batching with 20000000
02-12 08:57:52.889 19546 19977 D SensorManager: unregisterListener
02-12 08:57:52.898 26226 26873 I CategoryBloomFilter: BloomFilterSize:- 2259189
02-12 08:57:52.900  1244  1390 W ServiceManager: Permission failure: android.permission.HIGH_SAMPLING_RATE_SENSORS from uid=13170 pid=19546
02-12 08:57:52.900   816   816 I audio_hw_proxy2: fast_out-proxy_stop_playback_stream: stop Device
02-12 08:57:52.900   816   816 I audio_hw_playback: fast_out-out_standby_locksRequired: transited to Idle
02-12 08:57:52.900   816   816 I audio_hw_proxy2: fast_out-proxy_close_playback_stream: closed PCM Device FD(36) /dev/snd/pcmC0D6p
02-12 08:57:52.901 30315 20319 I AppsEdge.DBHelper: type=0 pos=0 id=4
02-12 08:57:52.901   816   816 I audio_hw_playback: fast_out-out_standby_locksRequired: transited to Standby
02-12 08:57:52.901   816   816 I audio_hw_proxy_usb: proxy_usb_out_pick_best_pcmconfig: Selected config rate[48000] format[3] channels[2]
02-12 08:57:52.901   816   816 I audio_hw_playback: fast_out-out_standby_locksRequired: try to unroute for standby
02-12 08:57:52.901   816   816 I audio_hw_route: fast_out-set_unroute_for_playback-1: current device(speaker) is still in use by other streams or needToSkipUnRoutePlayback
02-12 08:57:52.906   886  1287 D NativeSemDvfsManager: release():: mIsAcquired = 1 , mName =   , mTagName : AudioFlinger 
02-12 08:57:52.908   886  1287 E NativeCustomFrequencyManager: [NativeCFMS] BpCustomFrequencyManager::release()
02-12 08:57:52.908   842   957 I HYPER-HAL: [RequestManager.cpp]releaseLocked(): Released ID : 1780441
02-12 08:57:52.910  1244  2075 W ServiceManager: Permission failure: android.permission.HIGH_SAMPLING_RATE_SENSORS from uid=13170 pid=19546
02-12 08:57:52.911  1244  2075 D SensorService: Calling batch handle==1 flags=0 rate=50000000 timeout== 0
02-12 08:57:52.911   837   837 I Sensors : flush accelerometer_sensor
02-12 08:57:52.912 19546 19977 D SensorManager: registerListener :: 1, LSM6DSO Accelerometer, 50000, 0, 
02-12 08:57:52.937   837  1394 E Sensors : Sensor : Meta event
02-12 08:57:52.939  1244  1400 D SensorService: [EARPROXIMITY] SENSOR_TYPE_META_DATA 1 
02-12 08:57:52.939  1244  1400 I SensorService: [EARPROXIMITY] updateEvent prox -1 tsp -1 cg -1 tiltangle 20 cover 1 enforced on -1
02-12 08:57:52.939  1244  1400 D SensorService: [EARPROXIMITY] ignore sensor events
02-12 08:57:52.939 30315 20319 I AppsEdge.DBHelper: type=4 pos=1 id=5
02-12 08:57:52.946   828   941 W display : deliverWinConfigData:: commit time (16 ms)
02-12 08:57:52.957 19546 19977 D AppLovinSdk: [AppLovinSdk] 
02-12 08:57:52.957 19546 19977 D AppLovinSdk: ========================================
02-12 08:57:52.957 19546 19977 D AppLovinSdk: =====AppLovin SDK=====
02-12 08:57:52.957 19546 19977 D AppLovinSdk: ===SDK Versions===
02-12 08:57:52.957 19546 19977 D AppLovinSdk: Version: 12.1.0
02-12 08:57:52.957 19546 19977 D AppLovinSdk: Plugin Version: Max-Unity-6.1.2
02-12 08:57:52.957 19546 19977 D AppLovinSdk: Ad Review Version: 5.1.2
02-12 08:57:52.957 19546 19977 D AppLovinSdk: OM SDK Version: 1.4.9-Applovin
02-12 08:57:52.957 19546 19977 D AppLovinSdk: ===Device Info===
02-12 08:57:52.957 19546 19977 D AppLovinSdk: OS: 12 (S - API 31)
02-12 08:57:52.957 19546 19977 D AppLovinSdk: GAID: c5fefe41-5a02-48eb-8292-57876c59614c (use this for test devices)
02-12 08:57:52.957 19546 19977 D AppLovinSdk: Model: SM-S908B
02-12 08:57:52.957 19546 19977 D AppLovinSdk: Locale: en_US
02-12 08:57:52.957 19546 19977 D AppLovinSdk: Emulator: false
02-12 08:57:52.957 19546 19977 D AppLovinSdk: Tablet: false
02-12 08:57:52.957 19546 19977 D AppLovinSdk: ===App Info===
02-12 08:57:52.957 19546 19977 D AppLovinSdk: Application ID: com.esg.idle.guild.tycoon
02-12 08:57:52.957 19546 19977 D AppLovinSdk: Target SDK: 33
02-12 08:57:52.957 19546 19977 D AppLovinSdk: ExoPlayer Version: 2015001
02-12 08:57:52.957 19546 19977 D AppLovinSdk: ===SDK Settings===
02-12 08:57:52.957 19546 19977 D AppLovinSdk: SDK Key: bPeU1Toczp4Eor13NlfrGIPKHeTKFIoB1Pw3EMWhN6Qo9_4c8l-N80xTrhXZesZ_sG2hbpSxZxTQQXEyrIqKVC
02-12 08:57:52.957 19546 19977 D AppLovinSdk: Mediation Provider: max
02-12 08:57:52.957 19546 19977 D AppLovinSdk: TG: 64
02-12 08:57:52.957 19546 19977 D AppLovinSdk: AEI: 112
02-12 08:57:52.957 19546 19977 D AppLovinSdk: MEI: 5
02-12 08:57:52.957 19546 19977 D AppLovinSdk: Test Mode On: false
02-12 08:57:52.957 19546 19977 D AppLovinSdk: Verbose Logging On: true
02-12 08:57:52.957 19546 19977 D AppLovinSdk: ===Privacy States===
02-12 08:57:52.957 19546 19977 D AppLovinSdk: Please review AppLovin MAX documentation to be compliant with regional privacy policies.
02-12 08:57:52.957 19546 19977 D AppLovinSdk: 
02-12 08:57:52.957 19546 19977 D AppLovinSdk: Age Restricted User - false
02-12 08:57:52.957 19546 19977 D AppLovinSdk: Has User Consent - No value set
02-12 08:57:52.957 19546 19977 D AppLovinSdk: "Do Not Sell" - No value set
02-12 08:57:52.957 19546 19977 D AppLovinSdk: ===MAX Terms Flow===
02-12 08:57:52.957 19546 19977 D AppLovinSdk: Enabled: false
02-12 08:57:52.957 19546 19977 D AppLovinSdk: Privacy Policy URI: null
02-12 08:57:52.957 19546 19977 D AppLovinSdk: Terms of Service URI: null
02-12 08:57:52.957 19546 19977 D AppLovinSdk: ===CMP (CONSENT MANAGEMENT PLATFORM)===
02-12 08:57:52.957 19546 19977 D AppLovinSdk: 
02-12 08:57:52.957 19546 19977 D AppLovinSdk: CMP Name - No value set
02-12 08:57:52.957 19546 19977 D AppLovinSdk: CMP SDK ID - No value set
02-12 08:57:52.957 19546 19977 D AppLovinSdk: CMP SDK Version - No value set
02-12 08:57:52.957 19546 19977 D AppLovinSdk: IABTCF_gdprApplies - No value set
02-12 08:57:52.957 19546 19977 D AppLovinSdk: IABTCF_TCString - No value set
02-12 08:57:52.957 19546 19977 D AppLovinSdk: IABTCF_AddtlConsent - No value set
02-12 08:57:52.957 19546 19977 D AppLovinSdk: ========================================
02-12 08:57:52.957 19546 19977 D AppLovinSdk: [OpenMeasurementService] Initializing Open Measurement SDK v1.4.9-Applovin...
02-12 08:57:52.957 19546 19977 D AppLovinSdk: [TaskInitializeSdk] AppLovin SDK 12.1.0 initialization succeeded in 129ms
02-12 08:57:52.957 19546 19977 I AppLovinSdk: [TaskFireMediationPostbacks] MEDIATION_POSTBACKS queue finished task TaskFireMediationPostbacks
02-12 08:57:52.957 19546 19977 I AppLovinSdk: [TaskFireMediationPostbacks] MEDIATION_POSTBACKS queue finished task TaskFireMediationPostbacks
02-12 08:57:52.957 19546 19977 E AppLovinSdk: [TaskTimeoutSignalCollection] GoogleMediationAdapter is timing out SignalProviderSpec{adObject={"name":"ADMOB_BIDDING","server_parameters":{"app_id":"ca-app-pub-6580486891752883~8378013428","init_without_callback":true},"class":"com.applovin.mediation.adapters.GoogleMediationAdapter","adapter_timeout_ms":3000,"max_signal_length":32768,"scode":"2!v3!400011.1707728271834!dfMGm9fn00vOLZn_v9tQ7svEhGOaILbxpqEl8QP0SQs*","run_on_ui_thread":false,"use_cached_adapter":false}}...
02-12 08:57:52.957 19546 19546 D AppLovinSdk: [OpenMeasurementService] Init succeeded and took 0ms
02-12 08:57:52.957 19546 19977 E AppLovinSdk: [MediationService] Signal collection failed from: ADMOB_BIDDING for Ad Unit ID: 88c8b3d1c89688bf with error message: "The adapter (GoogleMediationAdapter) timed out"
02-12 08:57:52.958 19546 19977 D AppLovinSdk: [MediationAdapterWrapper] GoogleMediationAdapter: running destroy...
02-12 08:57:52.958 19546 19977 I AppLovinSdk: [MediationAdapterWrapper] Marking GoogleMediationAdapter as disabled due to: destroy
02-12 08:57:52.958 19546 19977 I AppLovinSdk: [GoogleMediationAdapter] Destroy called for adapter com.applovin.mediation.adapters.GoogleMediationAdapter@ce58bd7
02-12 08:57:52.958 19546 19977 D AppLovinSdk: [MediationAdapterWrapper] GoogleMediationAdapter: finished destroy
02-12 08:57:52.958 19546 19977 I AppLovinSdk: [TaskTimeoutSignalCollection] MEDIATION_TIMEOUT queue finished task TaskTimeoutSignalCollection
02-12 08:57:52.958 19546 19977 E AppLovinSdk: [TaskTimeoutSignalCollection] GoogleMediationAdapter is timing out SignalProviderSpec{adObject={"name":"DV360_BIDDING","server_parameters":{"bidder":"dv360"},"class":"com.applovin.mediation.adapters.GoogleMediationAdapter","adapter_timeout_ms":1000,"max_signal_length":32768,"scode":"2!v3!400011.1707728271834!SnE2-H5tmijLik0fUbBZwlvJvfgUckOsDrRzF4AzoMo*","run_on_ui_thread":false,"use_cached_adapter":false}}...
02-12 08:57:52.958 19546 19977 E AppLovinSdk: [MediationService] Signal collection failed from: DV360_BIDDING for Ad Unit ID: 88c8b3d1c89688bf with error message: "The adapter (GoogleMediationAdapter) timed out"
02-12 08:57:52.958 19546 19977 D AppLovinSdk: [MediationAdapterWrapper] GoogleMediationAdapter: running destroy...
02-12 08:57:52.958 19546 19977 I AppLovinSdk: [MediationAdapterWrapper] Marking GoogleMediationAdapter as disabled due to: destroy
02-12 08:57:52.958 19546 19977 I AppLovinSdk: [GoogleMediationAdapter] Destroy called for adapter com.applovin.mediation.adapters.GoogleMediationAdapter@ffceae2
02-12 08:57:52.958 19546 19977 D AppLovinSdk: [MediationAdapterWrapper] GoogleMediationAdapter: finished destroy
02-12 08:57:52.958 19546 19977 I AppLovinSdk: [TaskTimeoutSignalCollection] MEDIATION_TIMEOUT queue finished task TaskTimeoutSignalCollection
02-12 08:57:52.958 19546 19977 I AppLovinSdk: [TaskFireMediationPostbacks] MEDIATION_POSTBACKS queue finished task TaskFireMediationPostbacks
02-12 08:57:52.958 19546 19977 I AppLovinSdk: [TaskFireMediationPostbacks] MEDIATION_POSTBACKS queue finished task TaskFireMediationPostbacks
02-12 08:57:52.958 19546 19977 I AppLovinSdk: [TaskFireMediationPostbacks] MEDIATION_POSTBACKS queue finished task TaskFireMediationPostbacks
02-12 08:57:52.958 19546 19977 I AppLovinSdk: [TaskApiSubmitData] Submitting user data...
02-12 08:57:52.961 19546 20107 W ConnectionStatusConfig: Dynamic lookup for intent failed for action: com.google.android.gms.ads.service.START
02-12 08:57:52.971 13909 15160 I Finsky  : [10730] lnf.a(266): com.esg.idle.guild.tycoon: Account from first account - [M1dBJWIpbSz_dF33zBpR-1d_WsBQvsO7ZG8N2RUkWt4]
02-12 08:57:52.972 13909 15160 I Finsky  : [10730] lnf.a(907): Billing preferred account via installer for com.esg.idle.guild.tycoon: [M1dBJWIpbSz_dF33zBpR-1d_WsBQvsO7ZG8N2RUkWt4]
02-12 08:57:52.972 13909 15160 W Finsky  : [10730] aabo.C(81): Got api version 21 for account: [M1dBJWIpbSz_dF33zBpR-1d_WsBQvsO7ZG8N2RUkWt4]
02-12 08:57:52.974 16051 16051 D BoundBrokerSvc: onBind: Intent { act=com.google.android.gms.ads.service.START pkg=com.google.android.gms }
02-12 08:57:52.974 16051 16051 D BoundBrokerSvc: Loading bound service for intent: Intent { act=com.google.android.gms.ads.service.START pkg=com.google.android.gms }
02-12 08:57:52.985 19546 19977 I AppLovinSdk: [ConnectionManager] Sending POST request to id=#803694539 "d.applovin.com/2.0/device"...
02-12 08:57:52.985 19546 19977 I AppLovinSdk: [TaskApiSubmitData] MAIN queue finished task TaskApiSubmitData
02-12 08:57:52.986 19546 19977 D AppLovinSdk: [PersistentPostbackManager] Preparing to submit postback: PostbackRequest{uniqueId='cdd052eb-fc15-4be5-88c8-1120b02173c4', communicatorRequestId='null', httpMethod='null', targetUrl='https://rt.applovin.com/4.0/pix', backupUrl='https://rt.applvn.com/4.0/pix', attemptNumber=1, isEncodingEnabled=true, isGzipBodyEncoding=false, isAllowedPreInitEvent=true, shouldFireInWebView=false}
02-12 08:57:52.986 19546 19977 D AppLovinSdk: [PersistentPostbackManager] Skipping in progress postback: https://rt.applovin.com/4.0/pix
02-12 08:57:52.986 19546 19977 I AppLovinSdk: [TaskRunnable:runPostbackTask] POSTBACKS queue finished task TaskRunnable:runPostbackTask
02-12 08:57:52.986 19546 19977 I AppLovinSdk: [TaskRunnable:OpenMeasurementService] BACKGROUND queue finished task TaskRunnable:OpenMeasurementService
02-12 08:57:52.986 19546 19977 D AppLovinSdk: [PersistentPostbackManager] Enqueued postback: PostbackRequest{uniqueId='ba34ea7e-3682-4e74-a168-5c65c0411869', communicatorRequestId='null', httpMethod='POST', targetUrl='https://prod-mediate-events.applovin.com/1.0/event/serr?id=9edcc235d113449e2c1ae14f9437a64a772773ee', backupUrl='null', attemptNumber=0, isEncodingEnabled=false, isGzipBodyEncoding=true, isAllowedPreInitEvent=false, shouldFireInWebView=false}
02-12 08:57:52.986 19546 19977 D AppLovinSdk: [PersistentPostbackManager] Preparing to submit postback: PostbackRequest{uniqueId='ba34ea7e-3682-4e74-a168-5c65c0411869', communicatorRequestId='null', httpMethod='POST', targetUrl='https://prod-mediate-events.applovin.com/1.0/event/serr?id=9edcc235d113449e2c1ae14f9437a64a772773ee', backupUrl='null', attemptNumber=0, isEncodingEnabled=false, isGzipBodyEncoding=true, isAllowedPreInitEvent=false, shouldFireInWebView=false}
02-12 08:57:52.986 19546 19977 D AppLovinSdk: [PersistentPostbackManager] Submitting postback: PostbackRequest{uniqueId='ba34ea7e-3682-4e74-a168-5c65c0411869', communicatorRequestId='null', httpMethod='POST', targetUrl='https://prod-mediate-events.applovin.com/1.0/event/serr?id=9edcc235d113449e2c1ae14f9437a64a772773ee', backupUrl='null', attemptNumber=1, isEncodingEnabled=false, isGzipBodyEncoding=true, isAllowedPreInitEvent=false, shouldFireInWebView=false}
02-12 08:57:52.986 19546 19977 I AppLovinSdk: [TaskFireMediationPostbacks] MEDIATION_POSTBACKS queue finished task TaskFireMediationPostbacks
02-12 08:57:52.988 19546 19977 D AppLovinSdk: [PersistentPostbackManager] Enqueued postback: PostbackRequest{uniqueId='fd3bb981-6423-4611-8555-8c4074279c72', communicatorRequestId='null', httpMethod='POST', targetUrl='https://prod-mediate-events.applovin.com/1.0/event/serr?id=9edcc235d113449e2c1ae14f9437a64a772773ee', backupUrl='null', attemptNumber=0, isEncodingEnabled=false, isGzipBodyEncoding=true, isAllowedPreInitEvent=false, shouldFireInWebView=false}
02-12 08:57:52.988 19546 19977 D AppLovinSdk: [PersistentPostbackManager] Preparing to submit postback: PostbackRequest{uniqueId='fd3bb981-6423-4611-8555-8c4074279c72', communicatorRequestId='null', httpMethod='POST', targetUrl='https://prod-mediate-events.applovin.com/1.0/event/serr?id=9edcc235d113449e2c1ae14f9437a64a772773ee', backupUrl='null', attemptNumber=0, isEncodingEnabled=false, isGzipBodyEncoding=true, isAllowedPreInitEvent=false, shouldFireInWebView=false}
02-12 08:57:52.988 19546 19977 D AppLovinSdk: [PersistentPostbackManager] Submitting postback: PostbackRequest{uniqueId='fd3bb981-6423-4611-8555-8c4074279c72', communicatorRequestId='null', httpMethod='POST', targetUrl='https://prod-mediate-events.applovin.com/1.0/event/serr?id=9edcc235d113449e2c1ae14f9437a64a772773ee', backupUrl='null', attemptNumber=1, isEncodingEnabled=false, isGzipBodyEncoding=true, isAllowedPreInitEvent=false, shouldFireInWebView=false}
02-12 08:57:52.988 19546 19977 I AppLovinSdk: [TaskFireMediationPostbacks] MEDIATION_POSTBACKS queue finished task TaskFireMediationPostbacks
02-12 08:57:52.988 19546 19977 I AppLovinSdk: [ConnectionManager] Sending POST request to id=#-1138550245 "prod-mediate-events.applovin.com/1.0/event/serr"...
02-12 08:57:52.988 19546 19977 I AppLovinSdk: [TaskDispatchPostback] POSTBACKS queue finished task TaskDispatchPostback
02-12 08:57:52.988 19546 19977 I AppLovinSdk: [ConnectionManager] Sending POST request to id=#-1138550243 "prod-mediate-events.applovin.com/1.0/event/serr"...
02-12 08:57:52.988 19546 19977 I AppLovinSdk: [TaskDispatchPostback] POSTBACKS queue finished task TaskDispatchPostback
02-12 08:57:52.996  8298  8362 I AppIconSolution: getThemeIconWithBG called with public API, pkg = com.esg.idle.guild.tycoon
02-12 08:57:52.996  8298  8362 I AppIconSolution: return adaptive icon for com.esg.idle.guild.tycoon, isNight = false
02-12 08:57:52.996  8298  8362 I LauncherActivityInfo: packageName: com.esg.idle.guild.tycoon, useThemeIcon: false, height: 288, width: 288, density: 640
02-12 08:57:52.998 16051 16051 D BoundBrokerSvc: onBind: Intent { act=com.google.android.gms.ads.identifier.service.EVENT_ATTESTATION dat=chimera-action: cmp=com.google.android.gms/.chimera.GmsBoundBrokerService }
02-12 08:57:52.998 16051 16051 D BoundBrokerSvc: Loading bound service for intent: Intent { act=com.google.android.gms.ads.identifier.service.EVENT_ATTESTATION dat=chimera-action: cmp=com.google.android.gms/.chimera.GmsBoundBrokerService }
02-12 08:57:53.012 19546 20321 I UnityAds: com.unity3d.services.core.domain.task.InitializeStateConfig$doWork$2.invokeSuspend() (line:22) :: Unity Ads init: load configuration from https://configv2.unityads.unity3d.com/webview/4.9.2/release/config.json
02-12 08:57:53.019  1244  1566 D SemNscXgbMsL1: Probability - Cloud gaming: [0.01019601]
02-12 08:57:53.019  1244  1566 D SemNscXgbMsL1: Probability - Real time: [0.14495344]
02-12 08:57:53.019  1244  1566 D SemNscXgbMsL1: Probability - Non real time: [0.94507694]
02-12 08:57:53.019  1244  1566 D SemNscXgbMsL1: 1 sample inference time: 0.227226 msecs
02-12 08:57:53.019  1244  1566 D SemNscXgbL2Rt: L2 RT 1 sample inference time: 0.396289 msecs
02-12 08:57:53.020  1244  1566 D SemNscXgbL2Nrt: L2 NRT 1 sample inference time: 1.068399 msecs
02-12 08:57:53.026 30315 20319 I AppsEdge.DBHelper: type=0 pos=2 id=6
02-12 08:57:53.034 18378 18609 I org.webrtc.Logging: SurfaceTextureHelper: A frame is already pending, dropping frame.
02-12 08:57:53.036 16051 16313 D ConnectivityManager: StackLog: [android.net.ConnectivityManager.sendRequestForNetwork(ConnectivityManager.java:4322)] [android.net.ConnectivityManager.registerDefaultNetworkCallbackForUid(ConnectivityManager.java:4886)] [android.net.ConnectivityManager.registerDefaultNetworkCallback(ConnectivityManager.java:4853)] [android.net.ConnectivityManager.registerDefaultNetworkCallback(ConnectivityManager.java:4827)] [com.google.android.gms.ads.internal.state.e.b(:com.google.android.gms@234816038@23.48.16 (190400-590025996):154)] [rgl.h(:com.google.android.gms@234816038@23.48.16 (190400-590025996):54)] [com.google.android.gms.ads.AdRequestBrokerChimeraService.iu(:com.google.android.gms@234816038@23.48.16 (190400-590025996):4)] [bgqh.a(:com.google.android.gms@234816038@23.48.16 (190400-590025996):3)] [bgrj.a(:com.google.android.gms@234816038@23.48.16 (190400-590025996):10)] [bgrm.ha(:com.google.android.gms@234816038@23.48.16 (190400-590025996):807)] [ajlf.onTransact(:com.google.android.gms@234816038@23.48.16 (190400-590025996):70)]
02-12 08:57:53.045 19546 20257 I AdQualityComponent: starting
02-12 08:57:53.045 19546 20257 I AdQualityBeaconExecutor: adding listener to dao
02-12 08:57:53.048 19546 20257 I AdQualityBeaconExecutor: beacon executor starting
02-12 08:57:53.054 19546 20336 I AdQualityBeaconExecutor: beacon handler execute
02-12 08:57:53.055 19546 20336 I AdQualityDao: peek
02-12 08:57:53.055 30315 20319 I AppsEdge.DBHelper: type=0 pos=3 id=7
02-12 08:57:53.103  1244  1427 D SamsungAlarmManager: Expired : 8
02-12 08:57:53.108   917   917 D SurfaceFlinger: GPIS:: requestGPIS
02-12 08:57:53.114  1244  1390 D ConnectivityService: requestNetwork for uid/pid:10244/16051 activeRequest: null callbackRequest: 84266 [NetworkRequest [ REQUEST id=84267, [ Capabilities: INTERNET&NOT_RESTRICTED&TRUSTED&NOT_VCN_MANAGED Uid: 10244 RequestorUid: 10244 RequestorPkg: com.google.android.gms UnderlyingNetworks: Null] ]] callback flags: 0 order: 2147483647
02-12 08:57:53.114  1244  1505 D ConnectivityService:    accepting network in place of null
02-12 08:57:53.115  1244  1852 I SLocation: SPManager - need to Login samsung account.
02-12 08:57:53.115  1244  1505 D ConnectivityService: Rematched networks [computed 1ms] [applied 0ms] [issued 0]
02-12 08:57:53.115  1244  1505 D ConnectivityService: NetworkReassignment :
02-12 08:57:53.115  1244  1505 D ConnectivityService:   84267 : null  127
02-12 08:57:53.115  1244  1489 D WifiNetworkFactory: got request NetworkRequest [ REQUEST id=84267, [ Capabilities: INTERNET&NOT_RESTRICTED&TRUSTED&NOT_VCN_MANAGED Uid: 10244 RequestorUid: 10244 RequestorPkg: com.google.android.gms UnderlyingNetworks: Null] ]
02-12 08:57:53.116  1244  1489 D UntrustedWifiNetworkFactory: got request NetworkRequest [ REQUEST id=84267, [ Capabilities: INTERNET&NOT_RESTRICTED&TRUSTED&NOT_VCN_MANAGED Uid: 10244 RequestorUid: 10244 RequestorPkg: com.google.android.gms UnderlyingNetworks: Null] ]
02-12 08:57:53.116  1244  1489 D OemPaidWifiNetworkFactory: got request NetworkRequest [ REQUEST id=84267, [ Capabilities: INTERNET&NOT_RESTRICTED&TRUSTED&NOT_VCN_MANAGED Uid: 10244 RequestorUid: 10244 RequestorPkg: com.google.android.gms UnderlyingNetworks: Null] ]
02-12 08:57:53.116 19546 19977 I AppLovinSdk: [ConnectionManager] Successful POST returned 200 in 0.112 s over wifi to #803694539 "d.applovin.com/2.0/device"
02-12 08:57:53.119  1244  1852 D CompatibilityChangeReporter: Compat change id reported: 171306433; UID 1000; state: ENABLED
02-12 08:57:53.132  8298  8362 I WidgetsModel: EasyModeWidget will be excluded on WidgetList.
02-12 08:57:53.149  8298  8362 I PackageUpdatedTask: modified, appInfo : AppInfo(id=92 type=APP hidden=0 container=all_apps screen=1 rank=5 rankOfList=-1 user=UserHandle{0} title=IDLE Hero Tycoon componentName=ComponentInfo{com.esg.idle.guild.tycoon/com.unity3d.player.UnityPlayerActivity} screenType=0)
02-12 08:57:53.150  8298  8362 I AppsModelWriter: updateItems(start) : needToNormalize = true
02-12 08:57:53.150  8298  8362 I AppsModelWriter: updateItems(start) > needToBind = true
02-12 08:57:53.150  8298  8362 I AppsModelWriter: updateItems(start)> 0, 92, 0, -102, 1, 5, UserHandle{0}, 0, IDLE Hero Tycoon, -1, -1
02-12 08:57:53.150  8298  8362 I AppsModelWriter: normalizeVisibleItems : [matched = true] col = 4, raw : 5
02-12 08:57:53.151  8298  8362 I AppsModelWriter: normalizeVisibleItems(visibleItems)> 0, 27, 2, -102, 0, 0, UserHandle{0}, 0, Samsung, -1, -1
02-12 08:57:53.151  8298  8362 I AppsModelWriter: normalizeVisibleItems(visibleItems)> 0, 41, 2, -102, 0, 1, UserHandle{0}, 0, Google, -1, -1
02-12 08:57:53.151  8298  8362 I AppsModelWriter: normalizeVisibleItems(visibleItems)> 0, 57, 0, -102, 0, 2, UserHandle{0}, 0, Galaxy Store, -1, -1
02-12 08:57:53.151  8298  8362 I AppsModelWriter: normalizeVisibleItems(visibleItems)> 0, 58, 0, -102, 0, 3, UserHandle{0}, 0, Play Store, -1, -1
02-12 08:57:53.151  8298  8362 I AppsModelWriter: normalizeVisibleItems(visibleItems)> 0, 62, 0, -102, 0, 4, UserHandle{0}, 0, Phone, -1, -1
02-12 08:57:53.151  8298  8362 I AppsModelWriter: normalizeVisibleItems(visibleItems)> 0, 63, 0, -102, 0, 5, UserHandle{0}, 0, Messages, -1, -1
02-12 08:57:53.151  8298  8362 I AppsModelWriter: normalizeVisibleItems(visibleItems)> 0, 64, 0, -102, 0, 6, UserHandle{0}, 0, Camera, -1, -1
02-12 08:57:53.151  8298  8362 I AppsModelWriter: normalizeVisibleItems(visibleItems)> 0, 65, 0, -102, 0, 7, UserHandle{0}, 0, Gallery, -1, -1
02-12 08:57:53.151  8298  8362 I AppsModelWriter: normalizeVisibleItems(visibleItems)> 0, 66, 0, -102, 0, 8, UserHandle{0}, 0, Clock, -1, -1
02-12 08:57:53.151  8298  8362 I AppsModelWriter: normalizeVisibleItems(visibleItems)> 0, 67, 0, -102, 0, 9, UserHandle{0}, 0, Contacts, -1, -1
02-12 08:57:53.151  8298  8362 I AppsModelWriter: normalizeVisibleItems(visibleItems)> 0, 68, 0, -102, 0, 10, UserHandle{0}, 0, Settings, -1, -1
02-12 08:57:53.151  8298  8362 I AppsModelWriter: normalizeVisibleItems(visibleItems)> 0, 71, 0, -102, 0, 11, UserHandle{0}, 0, Calendar, -1, -1
02-12 08:57:53.151  8298  8362 I AppsModelWriter: normalizeVisibleItems(visibleItems)> 0, 73, 0, -102, 0, 12, UserHandle{0}, 0, Samsung Notes, -1, -1
02-12 08:57:53.151  8298  8362 I AppsModelWriter: normalizeVisibleItems(visibleItems)> 0, 74, 0, -102, 0, 13, UserHandle{0}, 0, Game Launcher, -1, -1
02-12 08:57:53.151  8298  8362 I AppsModelWriter: normalizeVisibleItems(visibleItems)> 0, 76, 0, -102, 0, 14, UserHandle{0}, 0, Samsung News, -1, -1
02-12 08:57:53.151  8298  8362 I AppsModelWriter: normalizeVisibleItems(visibleItems)> 0, 91, 0, -102, 0, 15, UserHandle{0}, 0, AndroidWebRTC-2-0, -1, -1
02-12 08:57:53.151  8298  8362 I AppsModelWriter: normalizeVisibleItems(visibleItems)> 0, 83, 0, -102, 0, 16, UserHandle{0}, 0, App Tester, -1, -1
02-12 08:57:53.151  8298  8362 I AppsModelWriter: normalizeVisibleItems(visibleItems)> 0, 85, 0, -102, 0, 17, UserHandle{0}, 0, Appium Settings, -1, -1
02-12 08:57:53.151  8298  8362 I AppsModelWriter: normalizeVisibleItems(visibleItems)> 0, 87, 0, -102, 0, 18, UserHandle{0}, 0, Browser, -1, -1
02-12 08:57:53.151  8298  8362 I AppsModelWriter: normalizeVisibleItems(visibleItems)> 0, 86, 0, -102, 0, 19, UserHandle{0}, 0, Edge, -1, -1
02-12 08:57:53.151  8298  8362 I AppsModelWriter: normalizeVisibleItems(visibleItems)> 0, 82, 0, -102, 1, 0, UserHandle{0}, 0, Firefox, -1, -1
02-12 08:57:53.151  8298  8362 I AppsModelWriter: normalizeVisibleItems(visibleItems)> 0, 90, 0, -102, 1, 1, UserHandle{0}, 0, LambdaTestService, -1, -1
02-12 08:57:53.151  8298  8362 I AppsModelWriter: normalizeVisibleItems(visibleItems)> 0, 89, 0, -102, 1, 2, UserHandle{0}, 0, LT App, -1, -1
02-12 08:57:53.151  8298  8362 I AppsModelWriter: normalizeVisibleItems(visibleItems)> 0, 84, 0, -102, 1, 3, UserHandle{0}, 0, ME MDM, -1, -1
02-12 08:57:53.151  8298  8362 I AppsModelWriter: normalizeVisibleItems(visibleItems)> 0, 88, 0, -102, 1, 4, UserHandle{0}, 0, UC Turbo, -1, -1
02-12 08:57:53.151  8298  8362 I AppsModelWriter: normalizeVisibleItems(visibleItems)> 0, 92, 0, -102, 1, 5, UserHandle{0}, 0, IDLE Hero Tycoon, -1, -1
02-12 08:57:53.152  8298  8362 I AppsModelWriter: updateItems(end) : updateItem> 0, 92, 0, -102, 1, 5, UserHandle{0}, 0, IDLE Hero Tycoon, -1, -1
02-12 08:57:53.152  8298  8362 I PostPositionOperator: addAllItems() - All
02-12 08:57:53.152  8298  8362 I PostPositionOperator: addItem() - , isWidgetOnly : false
02-12 08:57:53.153  8298  8362 I PostPositionOperator: addItem(): Can't find ActivityInfo. - com.zhiliaoapp.musically/com.ss.android.ugc.aweme.splash.SplashActivity
02-12 08:57:53.153  8298  8362 I PostPositionOperator: addItem(): Can't find ActivityInfo. - com.hutchison3g.threelikes/.ThreeLikesActivity
02-12 08:57:53.153  8298  8298 I AppsModelWriter: bindAppsItems() - visibleAddItems : 0, visibleUpdateItems : 1, removeItems : 0
02-12 08:57:53.153  8298  8362 I PostPositionOperator: addItem(): Can't find ActivityInfo. - com.amazon.mShop.android.shopping/com.amazon.mShop.home.HomeActivity
02-12 08:57:53.154  8298  8298 I Launcher.AppsContainerView: bindAppsUpdates() => add: 0, update: 1, remove: 0
02-12 08:57:53.154  8298  8298 I Launcher.AppsPagedView: UpdateItems => id: 92, rank: 5, screenId: 1, cellX: 1, cellY: 1, container: -102, dirty: false, title: IDLE Hero Tycoon, isFolder: false, user: UserHandle{0}, disabled: false, screenType: 0
02-12 08:57:53.155 19546 19978 D AppLovinSdk: [MediationService] Signal collection successful from: FACEBOOK_NETWORK for Ad Unit ID: 88c8b3d1c89688bf with signal: "eJx1VVtvm0oQ/ivIT61k8C53J09rg20UDAiwc6JytOKydlGwiTBOm1T9751dnPqkp3lBc9tvZ3a+GX6MSBTNNp7vjG5GKkaj8chz6JzMVy5NE7pOwCxjsM4hznWo53DLl3/BsiV+RGIiQn5ko/pE2eGcjW6y0S5vTiwbjbNR/vRIT/UrE2ZsaNOpZWAsXH19YK/tkdF2tzuxXkSgy6EneurzrmcV7Vh+ao/CGYTUJ5sAMovpItwEDiWRpw5gcHnFivN+nxcN+yMH4aDPeXP+01Oc66ai/cvT4OhYA7eB/BOq2wRe+gCV9d2ZgUrmczdJvJnng5m6AZn5Ln8yAcb9URSQtQsWz/FdacW6VkpfyrY9gnNFEur+E0Y+eXDjK2bCEcOApp44iC1kWaqtWqpiWzr41+SO20/54XQ+7kUP4tgTCPy0cwd9isiQEm+KNtbHxtgaYzzG5hiDYPM+OW6QDBEAjFWDn53HrhvQlestVyk4LN2+IG7dmOcENlPBpoKuwfeek67Artn6QJIk3MRzniA0ZgksEACg5seqa+sK9DDhcLw0VWggkd9OEhA/XA7c6ds+b+iBHdruRbTCMg2kqbpuXxhRltCbrj2wnnV0CJGRgpE6NZBpiZgOMPq6PdLvA5UUBF6ETfwXhCFEnkKJyMDGXyJeRYSmGICPBojya97t6+N+4PJw5jmvG065/+auIc1S4WrDfJ/XACnrimFj3Z4arqy/D3h5SxwjbBimNuRV5D0kNPgwAq+w7jrG6OkpLy+jheBG1UTm1DIH/jokJTSKQ0HbYEnDKIW+8hYcz03DCZ7AHJGlG3ACrNvXumnybGIoSPrk18fz91vp0isJq7dSspaTKbJn0ozPTDZJIkwU2BdAKMjXvJW+PX+WyNNTw+5ZcVf3gKRZimZKn+5W6dofS039yKQlKx/bz9KWdScoOJvocNv8K3/zbIJVqE0x0RS6MtWkdVvUDZOSfJd39W+0L4sZCbIJOVc1O5YsYP23tntctN0l19vFLOH+q7blyCCQWTYp24PCTnulrhqm7HkhSi9mlPshEBilQDmgzUCD6kDaJtlkGAVQ/Hk2YUe6SfhcxWGYih3A1+M6dFwf5Ld3AtNiEwSuT+dh7FJ3C+/MH1+H3o51rJvwUS34ICFpXNLHug6zCx+Vf9AVAwZl+W7dzGD9+Xz2PiyJT1gCiwdiqhzphlZV1s5iJSumFjJxAasmz7FW7Xa5rVuVqaHdLZzxwzkRwKJMMARueh/GdzR9iNxLrZ6zIPxqY8d2TMeykSNV1m1WyDaQUDYs2zJLY2piveRZpGnszTacffD3GHZXnC7oYgb7O6JekKTE/98yvSyOS0f4A7uORwQI8HbricUDcX649QIKJMQKuhn6pKgf0x+6sQnS+OE6Bm/3X7bqR+cgKHWvp95WtyioKlRTLWxd1uyKyfq0sGVbq0xZKwtcmLmm21Y5+vkLQ94VZw=="
02-12 08:57:53.155 19546 19978 D AppLovinSdk: [MediationAdapterWrapper] FacebookMediationAdapter: finished collect_signal
02-12 08:57:53.155 19546 19978 D AppLovinSdk: [MediationAdapterManager] Loaded VUNGLE_BIDDING
02-12 08:57:53.155 19546 19978 D AppLovinSdk: [MediationAdapterManager] Loaded VUNGLE_BIDDING
02-12 08:57:53.155 19546 19978 I AppLovinSdk: [MediationAdapterInitializationManager] Initializing adapter SignalProviderSpec{adObject={"name":"VUNGLE_BIDDING","server_parameters":{"app_id":"659bc7565118aef8c2763f22"},"class":"com.applovin.mediation.adapters.VungleMediationAdapter","adapter_timeout_ms":3000,"max_signal_length":32768,"scode":"2!v3!400011.1707728271834!veulzCDnphWG4s86MeL75i_pHYGXLjBv2wRfdXyx7_Q*","run_on_ui_thread":false}}
02-12 08:57:53.155 19546 19978 D AppLovinSdk: [MediationAdapterWrapper] VungleMediationAdapter: running initialize...
02-12 08:57:53.156 19546 19978 D AppLovinSdk: [MediationAdapterWrapper] Initializing VungleMediationAdapter on thread: Thread[AppLovinSdk:shared_thread_pool,1,main] with 'run_on_ui_thread' value: false
02-12 08:57:53.156 19546 19978 I AppLovinSdk: [VungleMediationAdapter] Vungle SDK already initialized
02-12 08:57:53.156 19546 19978 D AppLovinSdk: [MediationAdapterWrapper] VungleMediationAdapter: finished initialize
02-12 08:57:53.156 19546 19978 D AppLovinSdk: [MediationService] Collecting signal for adapter: VUNGLE_BIDDING
02-12 08:57:53.156 19546 19978 D AppLovinSdk: [MediationAdapterWrapper] VungleMediationAdapter: running collect_signal...
