02-13 07:59:47.435  4692  4779 I Routine@Core[4.6.00.41]: DebugModeRepository: initialized.
02-13 07:59:47.435  1111  7745 D EdmStorageProvider: getCount(AppSeparationTable) - 0
02-13 07:59:47.435  1111  7745 D KnoxMUMContainerPolicy: getAppSeparationConfig(): no record. Return null
02-13 07:59:47.435  4692  4781 I Routine@Core[4.6.00.41]: GooglePlayServiceChecker: isWearableClientAvailable : Global device 
02-13 07:59:47.435  4692  4692 I Routine@Core[4.6.00.41]: BroadcastRegister: registerReceivers
02-13 07:59:47.436  4692  4692 I Routine@Core[4.6.00.41]: BroadcastRegister: registerPackageAddedIntentFilterInternal
02-13 07:59:47.437  1111  4513 D EdmStorageProvider: getCount(AppSeparationTable) - 0
02-13 07:59:47.437  1111  4513 D KnoxMUMContainerPolicy: getAppSeparationConfig(): no record. Return null
02-13 07:59:47.437  4692  4692 I SEP_UNION_SemUnionManager: initializeManagerMapData(10055) context = android.app.ContextImpl@5c2cfb1 
02-13 07:59:47.437  4692  4692 I SEP_UNION_SemUnionManager: getUnionService(semeventdelegator) 
02-13 07:59:47.437  4692  4692 I SEP_UNION_SemUnionManager: getSemSystemService : semeventdelegator 
02-13 07:59:47.437  1111  4513 D SEP_UNION_SemUnionMainServiceImpl: getSemSystemService - semeventdelegator 
02-13 07:59:47.438  4692  4692 I Routine@Core[4.6.00.41]: BroadcastRegister: registerPackageMonitoringIntentFilterInternal
02-13 07:59:47.438  4692  4692 I SEP_UNION_SemUnionManager: getUnionService(semeventdelegator) 
02-13 07:59:47.438  4692  4692 I SEP_UNION_SemUnionManager: getUnionService(semeventdelegator) 
02-13 07:59:47.438  4692  4692 I SEP_UNION_SemUnionManager: getUnionService(semeventdelegator) 
02-13 07:59:47.438  4692  4692 I SEP_UNION_SemUnionManager: getUnionService(semeventdelegator) 
02-13 07:59:47.439  4692  4692 I SEP_UNION_SemUnionManager: getUnionService(semeventdelegator) 
02-13 07:59:47.439  1111  4513 D SEP_UNION_SemDeviceInfoManagerService: Register intent = android.intent.action.PACKAGE_ADDED,  package = com.samsung.android.app.routines, userId = 0, flag = 0, conditions = null 
02-13 07:59:47.439  1111  4513 D SEP_UNION_SemDeviceInfoManagerService: Same PendingIntent is in com.samsung.android.app.routines 
02-13 07:59:47.439  1111  4513 D SEP_UNION_SemDeviceInfoManagerService: Register intent = android.intent.action.PACKAGE_REPLACED, android.intent.action.PACKAGE_CHANGED, android.intent.action.PACKAGE_REMOVED, android.intent.action.PACKAGE_FULLY_REMOVED, android.intent.action.MY_PACKAGE_REPLACED,  package = com.samsung.android.app.routines, userId = 0, flag = 1, conditions = [com.samsung.android.app.routines, com.samsung.android.app.routineplus, com.android.settings, com.android.systemui, com.samsung.accessibility, com.samsung.accessory.atticmgr, com.samsung.accessory.berrymgr, com.samsung.accessory.neobeanmgr, com.samsung.accessory.pearlmgr, com.samsung.accessory.popcornmgr, com.samsung.android.app.aodservice, com.samsung.android.app.clockpack, com.samsung.android.app.cocktailbarservice, com.samsung.android.app.dressroom, com.samsung.android.app.galaxyregistry, com.samsung.android.app.sharelive, com.samsung.android.app.smartcapture, com.samsung.android.app.smartwidget, com.samsung.android.fast, com.samsung.android.heartplugin, com.samsung.android.honeyboard, com.samsung.android.lool, com.samsung.android.mdecservice, com.samsung.android.mdx, com.samsung.android.service.aircommand, com.samsung.android.smartmirroring, com.samsung.android.sm_cn, com.samsung.android.waterplugin, com.samsung.wearable.watch6plugin, com.sec.android.app.clockpackage, com.sec.android.app.soundalive, com.sec.android.desktopmode.uiservice, com.sec.android.app.launcher, com.samsung.android.routinesdkv3] 
02-13 07:59:47.439  1111  4513 D SEP_UNION_SemDeviceInfoManagerService: Same PendingIntent is in com.samsung.android.app.routines 
02-13 07:59:47.439  1111  4513 D SEP_UNION_SemDeviceInfoManagerService: Same PendingIntent is in com.samsung.android.app.routines 
02-13 07:59:47.439  1111  4513 D SEP_UNION_SemDeviceInfoManagerService: Same PendingIntent is in com.samsung.android.app.routines 
02-13 07:59:47.439  1111  4513 D SEP_UNION_SemDeviceInfoManagerService: Same PendingIntent is in com.samsung.android.app.routines 
02-13 07:59:47.439  1111  4513 D SEP_UNION_SemDeviceInfoManagerService: Same PendingIntent is in com.samsung.android.app.routines 
02-13 07:59:47.439  1111  4513 D SEP_UNION_SemDeviceInfoManagerService: Register intent = android.intent.action.DATE_CHANGED,  package = com.samsung.android.app.routines, userId = 0, flag = 0, conditions = null 
02-13 07:59:47.440  1111  4513 D SEP_UNION_SemDeviceInfoManagerService: Same PendingIntent is in com.samsung.android.app.routines 
02-13 07:59:47.440  1111  4513 D SEP_UNION_SemDeviceInfoManagerService: Register intent = android.location.PROVIDERS_CHANGED,  package = com.samsung.android.app.routines, userId = 0, flag = 0, conditions = null 
02-13 07:59:47.440  1111  4513 D SEP_UNION_SemDeviceInfoManagerService: Same PendingIntent is in com.samsung.android.app.routines 
02-13 07:59:47.440  1111  4513 D SEP_UNION_SemDeviceInfoManagerService: Register intent = android.intent.action.PACKAGE_DATA_CLEARED,  package = com.samsung.android.app.routines, userId = 0, flag = 0, conditions = null 
02-13 07:59:47.440  1111  4513 D SEP_UNION_SemDeviceInfoManagerService: Same PendingIntent is in com.samsung.android.app.routines 
02-13 07:59:47.440  1111  4513 D SEP_UNION_SemDeviceInfoManagerService: Register intent = com.samsung.android.theme.themecenter.THEME_APPLY,  package = com.samsung.android.app.routines, userId = 0, flag = 0, conditions = null 
02-13 07:59:47.440  1111  4513 D SEP_UNION_SemDeviceInfoManagerService: Same PendingIntent is in com.samsung.android.app.routines 
02-13 07:59:47.440  4692  4781 I Routine@Core[4.6.00.41]: WearSyncObserver: registerObservers: registered
02-13 07:59:47.440  4692  4781 I Routine@Core[4.6.00.41]: ModeManagerImpl: start(6061b40)
02-13 07:59:47.440  1111  2940 D CompatibilityChangeReporter: Compat change id reported: 161145287; UID 10055; state: ENABLED
02-13 07:59:47.441  1111  2940 D CompatibilityChangeReporter: Compat change id reported: 161145287; UID 10055; state: DISABLED
02-13 07:59:47.441  4692  4692 I SEP_UNION_SemUnionManager: getUnionService(semeventdelegator) 
02-13 07:59:47.441  4692  4692 I Routine@Core[4.6.00.41]: LifestyleModeTileHelper: observeModeInfo
02-13 07:59:47.442  1111  7928 D SEP_UNION_SemDeviceInfoManagerService: Register intent = com.samsung.android.scs.ai.search.ACTION_UPDATE_INDEX,  package = com.samsung.android.app.routines, userId = 0, flag = 0, conditions = null 
02-13 07:59:47.442  1111  7928 D SEP_UNION_SemDeviceInfoManagerService: Same PendingIntent is in com.samsung.android.app.routines 
02-13 07:59:47.442  4692  4692 I Routine@Core[4.6.00.41]: ModeMetaObserver: register
02-13 07:59:47.443  4692  4781 I Routine@Core[4.6.00.41]: ModeLocalDataSource: isCompanionWatchSupportModeMirror, result: false
02-13 07:59:47.443  4692  4781 I Routine@Core[4.6.00.41]: WearDataLayerHelper: getNodeOfCompanionWatchSupportModeMirror: onlyNearby - false
02-13 07:59:47.443  4692  4692 I Routine@Sdk[3.1.6]: RoutineSdkImpl: setHandler - conditionHandler initialized
02-13 07:59:47.443  4692  4692 I Routine@Sdk[3.1.6]: RoutineSdkImpl: setHandler - actionHandler initialized
02-13 07:59:47.443  4692  4692 I Routine@Core[4.6.00.41]: LifestyleModeTileHelper: setLifestyleModeTile
02-13 07:59:47.444  1111  2940 D PackageManager: setEnabledSetting : userId = 0 packageName = com.samsung.android.app.routines cmp = com.samsung.android.app.routines.LifestyleModeTile newState = 1 callingPackage = com.samsung.android.app.routines
02-13 07:59:47.444  1111  2940 D ApplicationPolicy: getApplicationStateEnabled : pkg = com.samsung.android.app.routines userId : 0
02-13 07:59:47.444  1111  2940 D ApplicationPolicy: getApplicationComponentState : pkg = com.samsung.android.app.routines userId : 0
02-13 07:59:47.445  1111  7928 I ActivityManager: Flag disabled. Ignoring finishAttachApplication from uid: 10055. pid: 4692
02-13 07:59:47.445  4692  4692 I Routine@Core[4.6.00.41]: RoutineService: onCreate
02-13 07:59:47.445  4692  4692 I Routine@Core[4.6.00.41]: ServiceExt: setServiceForeground: isForeground=true, reason=ROUTINE_SERVICE
02-13 07:59:47.446  4692  4692 I Routine@Core[4.6.00.41]: RoutineService: onStartCommand: com.samsung.android.routine.ACTION_PACKAGE_CHANGED
02-13 07:59:47.446  4692  4692 I Routine@Core[4.6.00.41]: MetadataLoaderImpl: collectInBackground - packageName:com.esg.idle.guild.tycoon
02-13 07:59:47.447  4692  4692 I Routine@Core[4.6.00.41]: MetadataSyncBacklog: add: null + com.esg.idle.guild.tycoon
02-13 07:59:47.447  4692  4692 I Routine@Core[4.6.00.41]: Pref: putSharedPrefsData: key=meta_loading_target_package_name, data.size=25
02-13 07:59:47.448  1111  7745 D CompatibilityChangeReporter: Compat change id reported: 253665015; UID 10055; state: ENABLED
02-13 07:59:47.448  1111  7745 D CompatibilityChangeReporter: Compat change id reported: 253665015; UID 10055; state: DISABLED
02-13 07:59:47.448  1111  7745 D CompatibilityChangeReporter: Compat change id reported: 194532703; UID 10055; state: ENABLED
02-13 07:59:47.451  1111  1640 D CompatibilityChangeReporter: Compat change id reported: 261072174; UID 10055; state: ENABLED
02-13 07:59:47.456  4692  4692 I Routine@Core[4.6.00.41]: ServiceExt: setServiceForeground: isForeground=true, reason=PRELOAD_CONDITION_SERVICE
02-13 07:59:47.457  4692  4692 I AbstractProxyReflection: Create proxy instance for interface : android.hardware.input.InputManager$SemOnSwitchEventChangedListener
02-13 07:59:47.458  4692  4692 I Routine@Core[4.6.00.41]: WatchingConditions: clear
02-13 07:59:47.458  4692  4692 I Routine@Core[4.6.00.41]: Pref: removeSharedPrefsData() key=condition_launch_app_data_resume_pkg
02-13 07:59:47.458  4692  4692 I Routine@Core[4.6.00.41]: AppLifecycleWatcher: updateUsageStateWatcher: 0
02-13 07:59:47.479  1111  1111 I Telecom:SamsungTelecomServiceImpl: isInManagedCall - callingPackage : android / callingUser : UserHandle{0} / hasCrossUserAccess : true
02-13 07:59:47.479  1111  1111 I NotificationService: Cannot find enqueued record for key: 0|com.manageengine.mdm.android|1|null|10311
02-13 07:59:47.502 31968 31968 I Wear_Controller: Wearable module requires a companion app to be installed.
02-13 07:59:47.502 31968 31968 I WearableService: onCreate: Wearable Services not starting. Wear is not available on this device.
02-13 07:59:47.503  1111  1131 I system_server: Background concurrent copying GC freed 465598(27MB) AllocSpace objects, 21(508KB) LOS objects, 10% free, 207MB/231MB, paused 526us,200us total 377.835ms
02-13 07:59:47.507  4692  4692 I AbstractProxyReflection: initializeProxyReflectionByClass Create proxy instance for class : com.samsung.android.app.usage.IUsageStatsWatcher$Stub
02-13 07:59:47.508  4692  4692 I Routine@Core[4.6.00.41]: ActivityWatcherForSolo: unregister
02-13 07:59:47.508  4692  4692 I Routine@Core[4.6.00.41]: WatchingConditions: clear
02-13 07:59:47.508  4692  4692 I Routine@Core[4.6.00.41]: Pref: removeSharedPrefsData() key=condition_launch_app_data_resume_pkg
02-13 07:59:47.508  4692  4692 I Routine@Core[4.6.00.41]: PreloadConditionService: onEnd: tag=launch_app, stop service.
02-13 07:59:47.508  4692  4692 I Routine@Core[4.6.00.41]: ServiceExt: setServiceForeground: isForeground=false, reason=PRELOAD_CONDITION_SERVICE
02-13 07:59:47.510  4692  4692 I Routine@Core[4.6.00.41]: WatchingConditions: clear
02-13 07:59:47.510  4692  4692 I Routine@Core[4.6.00.41]: Pref: removeSharedPrefsData() key=condition_launch_game_data_resume_pkg
02-13 07:59:47.511  4692  4692 I Routine@Core[4.6.00.41]: AppLifecycleWatcher: updateUsageStateWatcher: 0
02-13 07:59:47.511  4692  4692 I AbstractProxyReflection: initializeProxyReflectionByClass Create proxy instance for class : com.samsung.android.app.usage.IUsageStatsWatcher$Stub
02-13 07:59:47.511  4692  4692 I Routine@Core[4.6.00.41]: ActivityWatcherForSolo: unregister
02-13 07:59:47.511  4692  4692 I Routine@Core[4.6.00.41]: WatchingConditions: clear
02-13 07:59:47.511  4692  4692 I Routine@Core[4.6.00.41]: Pref: removeSharedPrefsData() key=condition_launch_game_data_resume_pkg
02-13 07:59:47.511  4692  4692 I Routine@Core[4.6.00.41]: PreloadConditionService: onEnd: tag=launch_game, stop service.
02-13 07:59:47.511  4692  4692 I Routine@Core[4.6.00.41]: ServiceExt: setServiceForeground: isForeground=false, reason=PRELOAD_CONDITION_SERVICE
02-13 07:59:47.515  1111  1133 W System  : A resource failed to call close. 
02-13 07:59:47.518 16774  4015 W Role    : Cannot get ApplicationInfo for default holder: com.android.devicelockcontroller
02-13 07:59:47.520  1111  7745 D EdmStorageProvider: getCount(AppSeparationTable) - 0
02-13 07:59:47.520  1111  7745 D KnoxMUMContainerPolicy: getAppSeparationConfig(): no record. Return null
02-13 07:59:47.523  4692  4692 I Routine@Core[4.6.00.41]: MediaConditionUtils: isNeedToUnregister: result(true)
02-13 07:59:47.523  4692  4692 I Routine@Core[4.6.00.41]: MediaPlayConditionImpl: reloadCondition: isRunning(false)
02-13 07:59:47.523  4692  4692 I Routine@Core[4.6.00.41]: MediaPlayConditionImpl: unregisterMediaSessionListener
02-13 07:59:47.526  4692  4692 W System.err: android.hardware.input.InputManager InvocationTargetException encountered invoking semUnregisterOnSwitchEventChangedListenerjava.lang.reflect.InvocationTargetException
02-13 07:59:47.526  4692  4692 E Routine@Core[4.6.00.41]: android.hardware.input.InputManager: invokeNormalMethod: java.lang.reflect.InvocationTargetException
02-13 07:59:47.527  4692  4692 I Routine@Core[4.6.00.41]: MetadataLoaderJobService: onCreate
02-13 07:59:47.527  4692  4692 I Routine@Core[4.6.00.41]: Pref: putSharedPrefsData: key=pref_metaloader_loading, data.size=5
02-13 07:59:47.528  4692  4692 I Routine@Core[4.6.00.41]: RoutineService: onDestroy
02-13 07:59:47.528  4692  4692 I Routine@Core[4.6.00.41]: ServiceExt: setServiceForeground: isForeground=false, reason=ROUTINE_SERVICE
02-13 07:59:47.529  4692  4692 I Routine@Core[4.6.00.41]: PreloadConditionService: onDestroy
02-13 07:59:47.529  4692  4692 I Routine@Core[4.6.00.41]: ServiceExt: setServiceForeground: isForeground=false, reason=PRELOAD_CONDITION_SERVICE
02-13 07:59:47.529  4692  4692 I Routine@Core[4.6.00.41]: ActivityWatcherForSolo: unregister
02-13 07:59:47.529  4692  4692 I Routine@Core[4.6.00.41]: WatchingConditions: clear
02-13 07:59:47.529  4692  4692 I Routine@Core[4.6.00.41]: Pref: removeSharedPrefsData() key=condition_launch_app_data_resume_pkg
02-13 07:59:47.529  4692  4692 I Routine@Core[4.6.00.41]: PreloadConditionService: onEnd: tag=launch_app, stop service.
02-13 07:59:47.529  4692  4692 I Routine@Core[4.6.00.41]: ServiceExt: setServiceForeground: isForeground=false, reason=PRELOAD_CONDITION_SERVICE
02-13 07:59:47.530  4692  4692 I Routine@Core[4.6.00.41]: ActivityWatcherForSolo: unregister
02-13 07:59:47.530  4692  4692 I Routine@Core[4.6.00.41]: WatchingConditions: clear
02-13 07:59:47.530  4692  4692 I Routine@Core[4.6.00.41]: Pref: removeSharedPrefsData() key=condition_launch_game_data_resume_pkg
02-13 07:59:47.530  4692  4692 I Routine@Core[4.6.00.41]: PreloadConditionService: onEnd: tag=launch_game, stop service.
02-13 07:59:47.530  4692  4692 I Routine@Core[4.6.00.41]: ServiceExt: setServiceForeground: isForeground=false, reason=PRELOAD_CONDITION_SERVICE
02-13 07:59:47.531  4692  4692 I Routine@Core[4.6.00.41]: MetadataLoaderJobService: onStartJob: collectPackageInBG - com.esg.idle.guild.tycoon
02-13 07:59:47.531  4692  4692 I Routine@Core[4.6.00.41]: MetadataSyncHistory: latest : 4.6.00.41, currentVersion : 4.6.00.41
02-13 07:59:47.532  4692  4692 I Routine@Core[4.6.00.41]: MetadataSyncHistory: latest : 4.6.00.41, currentVersion : 4.6.00.41
02-13 07:59:47.532  4692  4692 I Routine@Core[4.6.00.41]: MetadataLoaderJobService: packageName : com.esg.idle.guild.tycoon, forced : true
02-13 07:59:47.532  4692  4692 I Routine@Core[4.6.00.41]: MetadataLoadManager: asyncCollectPackage
02-13 07:59:47.533 31968  4704 W WearableService: onGetService: Wear is not available on this device.
02-13 07:59:47.534  4692  4794 I Routine@Core[4.6.00.41]: MetadataLoadManager: collect: com.esg.idle.guild.tycoon
02-13 07:59:47.534  4692  4794 I Routine@Core[4.6.00.41]: MetadataLoadManager: collectWithCollectors - com.esg.idle.guild.tycoon
02-13 07:59:47.535  4692  4781 E Routine@Core[4.6.00.41]: WearDataLayerHelper: getNodeOfCompanionWatchSupportModeMirror: onFailure - com.google.android.gms.common.api.ApiException: 17: API: Wearable.API is not available on this device. Connection failed with: ConnectionResult{statusCode=API_UNAVAILABLE, resolution=null, message=null}
02-13 07:59:47.536  4692  4781 E Routine@Core[4.6.00.41]: WearDataLayerHelper: getNodeOfCompanionWatchSupportModeMirror return null
02-13 07:59:47.536  4692  4781 I Routine@Core[4.6.00.41]: WearDataLayerHelper: getNodeOfCompanionWatchSupportModeMirror: first node - null
02-13 07:59:47.536  1111  7928 D EdmStorageProvider: getCount(AppSeparationTable) - 0
02-13 07:59:47.536  4692  4781 I Routine@Core[4.6.00.41]: ModeLocalDataSource: putCompanionWatchSupportModeMirror, isSupported: false
02-13 07:59:47.536  1111  7928 D KnoxMUMContainerPolicy: getAppSeparationConfig(): no record. Return null
02-13 07:59:47.537  4692  4781 I Routine@Core[4.6.00.41]: Routine@Core[4.6.00.41]: GlobalSettingsAdapterImpl: putStringIgnoreEquals - ($)
02-13 07:59:47.537  4692  4781 W Routine@Core[4.6.00.41]: GlobalSettingsAdapterImpl: putStringIgnoreEquals, it is the same as the current value
02-13 07:59:47.537  4692  4781 I Routine@Core[4.6.00.41]: ModeManagerImpl: checkCapability, isSupported: false
02-13 07:59:47.537  4692  4781 I Routine@Core[4.6.00.41]: ModeManagerImpl: updateState, isSupported: false
02-13 07:59:47.537  4692  4794 I Routine@Core[4.6.00.41]: MetadataLoadManager: doPostCollectionTasks - packageName:com.esg.idle.guild.tycoon
02-13 07:59:47.538  4692  4794 I Routine@Core[4.6.00.41]: MetaUpdater: update
02-13 07:59:47.549  4692  4794 I Routine@Core[4.6.00.41]: SupportStateUpdater: update
02-13 07:59:47.549  4692  4794 I Routine@Core[4.6.00.41]: ConflictItemConverter: convertConflictActions - 0
02-13 07:59:47.551  4692  4794 I Routine@Core[4.6.00.41]: Pref: removeSharedPrefsData() key=meta_loading_target_package_name
02-13 07:59:47.556  4692  4758 I Routine@Core[4.6.00.41]: ModeOrderObserver: ModeOrderObserver:onChange: uri content://com.samsung.android.app.routines.routineprovider/preference
02-13 07:59:47.557  4692  4692 I Routine@Core[4.6.00.41]: Pref: putSharedPrefsData: key=routine_meta_data_loading_statue, data.size=8
02-13 07:59:47.560  1111  1640 D CompatibilityChangeReporter: Compat change id reported: 135634846; UID 10055; state: DISABLED
02-13 07:59:47.560  1111  1640 D CompatibilityChangeReporter: Compat change id reported: 177438394; UID 10055; state: DISABLED
02-13 07:59:47.560  1111  1640 D CompatibilityChangeReporter: Compat change id reported: 135772972; UID 10055; state: DISABLED
02-13 07:59:47.560  1111  1640 D CompatibilityChangeReporter: Compat change id reported: 135754954; UID 10055; state: ENABLED
02-13 07:59:47.561  1111  1170 D CompatibilityChangeReporter: Compat change id reported: 143937733; UID 10055; state: ENABLED
02-13 07:59:47.561  4692  4692 I Routine@Core[4.6.00.41]: DatabaseJobIntentService: Stop no more task
02-13 07:59:47.563  4692  4692 I Routine@Core[4.6.00.41]: MetadataLoaderJobService: metadataLoadingFinished: collectPackageInBG - com.esg.idle.guild.tycoon
02-13 07:59:47.567  4692  4692 I Routine@Core[4.6.00.41]: RoutineService: onCreate
02-13 07:59:47.567  4692  4692 I Routine@Core[4.6.00.41]: ServiceExt: setServiceForeground: isForeground=true, reason=ROUTINE_SERVICE
02-13 07:59:47.568  4692  4692 I Routine@Core[4.6.00.41]: RoutineService: onStartCommand: com.samsung.android.app.routine.ACTION_METADATA_LOADING_FINISHED
02-13 07:59:47.568  4692  4692 I Routine@Core[4.6.00.41]: RoutineDataMigrator: migration - begin
02-13 07:59:47.574   761   761 D Zygote  : Forked child process 4796
02-13 07:59:47.575  1111  1170 I ActivityManager: Start proc 4796:com.samsung.android.app.routines:RoutineUIProcess/u0a55 for service {com.samsung.android.app.routines/com.samsung.android.app.routines.domainmodel.notification.NotificationUpdateService}
02-13 07:59:47.585  4692  4692 I Routine@Core[4.6.00.41]: MigrationParser: getMigrationData rawMigrationData : [vibrate_once]
02-13 07:59:47.585  4692  4692 I Routine@Core[4.6.00.41]: RoutineDataMigrator: isAvailableToMigrate() newPackageName:com.samsung.android.app.routines, newTag:read_notifications, isAvailableToMigrate:true
02-13 07:59:47.586  4692  4692 I Routine@Core[4.6.00.41]: RoutineDataMigrator: isAvailableToMigrate() newPackageName:com.samsung.android.app.routines, newTag:flashlight, isAvailableToMigrate:true
02-13 07:59:47.586  4692  4692 I Routine@Core[4.6.00.41]: RoutineDataMigrator: isAvailableToMigrate() newPackageName:com.samsung.android.app.routines, newTag:message_received, isAvailableToMigrate:true
02-13 07:59:47.586  4692  4692 I Routine@Core[4.6.00.41]: RoutineDataMigrator: isAvailableToMigrate() newPackageName:com.samsung.android.app.routines, newTag:message_received, isAvailableToMigrate:true
02-13 07:59:47.586  4692  4692 I Routine@Core[4.6.00.41]: RoutineDataMigrator: isAvailableToMigrate() newPackageName:com.samsung.android.app.aodservice, newTag:aod_main_setting, isAvailableToMigrate:true
02-13 07:59:47.586  4692  4692 I Routine@Core[4.6.00.41]: RoutineDataMigrator: isAvailableToMigrate() newPackageName:com.android.settings, newTag:sec_eye_comfort_shield_routine, isAvailableToMigrate:true
02-13 07:59:47.586  4692  4692 I Routine@Core[4.6.00.41]: RoutineDataMigrator: isAvailableToMigrate() newPackageName:com.samsung.android.app.routines, newTag:control_smartthings_not_reversible, isAvailableToMigrate:true
02-13 07:59:47.587  4692  4692 I Routine@Core[4.6.00.41]: RoutineDataMigrator: isAvailableToMigrate() newPackageName:com.samsung.android.app.routines, newTag:control_smartthings_not_reversible, isAvailableToMigrate:true
02-13 07:59:47.587  4692  4692 I Routine@Core[4.6.00.41]: RoutineDataMigrator: isAvailableToMigrate() newPackageName:com.samsung.accessibility, newTag:command://com.samsung.accessibility.command/ColorCorrectionRoutine, isAvailableToMigrate:false
02-13 07:59:47.587  4692  4692 W Routine@Core[4.6.00.41]: RoutineDataMigrator: canMigrate: newTag (command://com.samsung.accessibility.command/ColorCorrectionRoutine) is not available to migrate
02-13 07:59:47.587  4692  4692 I Routine@Core[4.6.00.41]: RoutineDataMigrator: isAvailableToMigrate() newPackageName:com.samsung.android.lool, newTag:dc_power_mode_action, isAvailableToMigrate:true
02-13 07:59:47.587  4692  4692 I Routine@Core[4.6.00.41]: RoutineDataMigrator: isAvailableToMigrate() newPackageName:com.samsung.accessibility, newTag:accessibility_amplify_ambient_sound, isAvailableToMigrate:true
02-13 07:59:47.587  4692  4692 I Routine@Core[4.6.00.41]: RoutineDataMigrator: isAvailableToMigrate() newPackageName:com.android.settings, newTag:accessibility_camera_flash, isAvailableToMigrate:true
02-13 07:59:47.587  4692  4692 I Routine@Core[4.6.00.41]: RoutineDataMigrator: isAvailableToMigrate() newPackageName:com.android.settings, newTag:accessibility_color_correction, isAvailableToMigrate:true
02-13 07:59:47.587  4692  4692 I Routine@Core[4.6.00.41]: RoutineDataMigrator: isAvailableToMigrate() newPackageName:com.android.settings, newTag:accessibility_color_filter, isAvailableToMigrate:true
02-13 07:59:47.588  4692  4692 I Routine@Core[4.6.00.41]: RoutineDataMigrator: isAvailableToMigrate() newPackageName:com.android.settings, newTag:accessibility_color_inversion, isAvailableToMigrate:true
02-13 07:59:47.588  4692  4692 I Routine@Core[4.6.00.41]: RoutineDataMigrator: isAvailableToMigrate() newPackageName:com.android.settings, newTag:accessibility_extra_dim, isAvailableToMigrate:true
02-13 07:59:47.588  4692  4692 I Routine@Core[4.6.00.41]: RoutineDataMigrator: isAvailableToMigrate() newPackageName:com.android.settings, newTag:accessibility_live_caption, isAvailableToMigrate:true
02-13 07:59:47.588  4692  4692 I Routine@Core[4.6.00.41]: RoutineDataMigrator: isAvailableToMigrate() newPackageName:com.android.settings, newTag:accessibility_mono_audio, isAvailableToMigrate:true
02-13 07:59:47.588  4692  4692 I Routine@Core[4.6.00.41]: RoutineDataMigrator: isAvailableToMigrate() newPackageName:com.android.settings, newTag:accessibility_mute_all_sounds, isAvailableToMigrate:true
02-13 07:59:47.588  4692  4692 I Routine@Core[4.6.00.41]: RoutineDataMigrator: isAvailableToMigrate() newPackageName:com.android.settings, newTag:accessibility_screen_flash, isAvailableToMigrate:true
02-13 07:59:47.589  4692  4692 I Routine@Core[4.6.00.41]: RoutineDataMigrator: isAvailableToMigrate() newPackageName:com.android.settings, newTag:accessibility_sound_balance, isAvailableToMigrate:true
02-13 07:59:47.589  4692  4692 I Routine@Core[4.6.00.41]: RoutineDataMigrator: isAvailableToMigrate() newPackageName:com.samsung.android.waterplugin, newTag:watch_theater_mode, isAvailableToMigrate:false
02-13 07:59:47.589  4692  4692 W Routine@Core[4.6.00.41]: RoutineDataMigrator: canMigrate: newTag (watch_theater_mode) is not available to migrate
02-13 07:59:47.589  4692  4692 I Routine@Core[4.6.00.41]: RoutineDataMigrator: isAvailableToMigrate() newPackageName:com.samsung.android.heartplugin, newTag:watch_theater_mode, isAvailableToMigrate:false
02-13 07:59:47.589  4692  4692 W Routine@Core[4.6.00.41]: RoutineDataMigrator: canMigrate: newTag (watch_theater_mode) is not available to migrate
02-13 07:59:47.589  4692  4692 I Routine@Core[4.6.00.41]: RoutineDataMigrator: isAvailableToMigrate() newPackageName:com.samsung.android.lool, newTag:dc_enhanced_processing, isAvailableToMigrate:false
02-13 07:59:47.589  4692  4692 W Routine@Core[4.6.00.41]: RoutineDataMigrator: canMigrate: newTag (dc_enhanced_processing) is not available to migrate
02-13 07:59:47.589  4692  4692 I Routine@Core[4.6.00.41]: RoutineDataMigrator: isAvailableToMigrate() newPackageName:com.samsung.android.lool, newTag:dc_fast_cable_charging, isAvailableToMigrate:true
02-13 07:59:47.589  4692  4692 I Routine@Core[4.6.00.41]: RoutineDataMigrator: isAvailableToMigrate() newPackageName:com.samsung.android.lool, newTag:dc_fast_wireless_charging, isAvailableToMigrate:true
02-13 07:59:47.589  4692  4692 I Routine@Core[4.6.00.41]: RoutineDataMigrator: isAvailableToMigrate() newPackageName:com.samsung.android.lool, newTag:dc_processing_speed, isAvailableToMigrate:false
02-13 07:59:47.589  4692  4692 W Routine@Core[4.6.00.41]: RoutineDataMigrator: canMigrate: newTag (dc_processing_speed) is not available to migrate
02-13 07:59:47.589  4692  4692 I Routine@Core[4.6.00.41]: RoutineDataMigrator: isAvailableToMigrate() newPackageName:com.samsung.android.lool, newTag:dc_protect_battery, isAvailableToMigrate:true
02-13 07:59:47.589  4692  4692 I Routine@Core[4.6.00.41]: RoutineDataMigrator: isAvailableToMigrate() newPackageName:com.samsung.android.lool, newTag:dc_super_fast_cable_charging, isAvailableToMigrate:false
02-13 07:59:47.589  4692  4692 W Routine@Core[4.6.00.41]: RoutineDataMigrator: canMigrate: newTag (dc_super_fast_cable_charging) is not available to migrate
02-13 07:59:47.589  4692  4692 I Routine@Core[4.6.00.41]: RoutineDataMigrator: isAvailableToMigrate() newPackageName:com.samsung.android.sm_cn, newTag:dc_enhanced_processing, isAvailableToMigrate:false
02-13 07:59:47.589  4692  4692 W Routine@Core[4.6.00.41]: RoutineDataMigrator: canMigrate: newTag (dc_enhanced_processing) is not available to migrate
02-13 07:59:47.589  4692  4692 I Routine@Core[4.6.00.41]: RoutineDataMigrator: isAvailableToMigrate() newPackageName:com.samsung.android.sm_cn, newTag:dc_fast_cable_charging, isAvailableToMigrate:false
02-13 07:59:47.589  4692  4692 W Routine@Core[4.6.00.41]: RoutineDataMigrator: canMigrate: newTag (dc_fast_cable_charging) is not available to migrate
02-13 07:59:47.589  4692  4692 I Routine@Core[4.6.00.41]: RoutineDataMigrator: isAvailableToMigrate() newPackageName:com.samsung.android.sm_cn, newTag:dc_fast_wireless_charging, isAvailableToMigrate:false
02-13 07:59:47.589  4692  4692 W Routine@Core[4.6.00.41]: RoutineDataMigrator: canMigrate: newTag (dc_fast_wireless_charging) is not available to migrate
02-13 07:59:47.590  4692  4692 I Routine@Core[4.6.00.41]: RoutineDataMigrator: isAvailableToMigrate() newPackageName:com.samsung.android.sm_cn, newTag:dc_power_mode_action, isAvailableToMigrate:false
02-13 07:59:47.590  4692  4692 W Routine@Core[4.6.00.41]: RoutineDataMigrator: canMigrate: newTag (dc_power_mode_action) is not available to migrate
02-13 07:59:47.590  4692  4692 I Routine@Core[4.6.00.41]: RoutineDataMigrator: isAvailableToMigrate() newPackageName:com.samsung.android.sm_cn, newTag:dc_processing_speed, isAvailableToMigrate:false
02-13 07:59:47.590  4692  4692 W Routine@Core[4.6.00.41]: RoutineDataMigrator: canMigrate: newTag (dc_processing_speed) is not available to migrate
02-13 07:59:47.590  4692  4692 I Routine@Core[4.6.00.41]: RoutineDataMigrator: isAvailableToMigrate() newPackageName:com.samsung.android.sm_cn, newTag:dc_protect_battery, isAvailableToMigrate:false
02-13 07:59:47.590  4692  4692 W Routine@Core[4.6.00.41]: RoutineDataMigrator: canMigrate: newTag (dc_protect_battery) is not available to migrate
02-13 07:59:47.590  4692  4692 I Routine@Core[4.6.00.41]: RoutineDataMigrator: isAvailableToMigrate() newPackageName:com.samsung.android.sm_cn, newTag:dc_super_fast_cable_charging, isAvailableToMigrate:false
02-13 07:59:47.590  4692  4692 W Routine@Core[4.6.00.41]: RoutineDataMigrator: canMigrate: newTag (dc_super_fast_cable_charging) is not available to migrate
02-13 07:59:47.590  4692  4692 I Routine@Core[4.6.00.41]: RoutineDataMigrator: isAvailableToMigrate() newPackageName:com.samsung.android.app.dressroom, newTag:change_lock_screen_wallpaper_profile, isAvailableToMigrate:true
02-13 07:59:47.590  4796  4796 I outineUIProcess: Using CollectorTypeCC GC.
02-13 07:59:47.590  4692  4692 I Routine@Core[4.6.00.41]: RoutineDataMigrator: routineId: 1, instanceInfoList: []
02-13 07:59:47.590  4692  4692 I Routine@Core[4.6.00.41]: RoutineDataMigrator: isAvailableToMigrate() newPackageName:com.samsung.android.app.routines, newTag:nfc_on_off, isAvailableToMigrate:true
02-13 07:59:47.590  4692  4692 I Routine@Core[4.6.00.41]: RoutineDataMigrator: isAvailableToMigrate() newPackageName:com.sec.android.app.launcher, newTag:edge_panel, isAvailableToMigrate:true
02-13 07:59:47.591  4692  4692 I Routine@Core[4.6.00.41]: RoutineDataMigrator: isAvailableToMigrate() newPackageName:com.samsung.android.app.routines, newTag:vibrate_once, isAvailableToMigrate:true
02-13 07:59:47.591  4692  4692 I Routine@Core[4.6.00.41]: RoutineDataMigrator: isAvailableToMigrate() newPackageName:com.samsung.android.app.routines, newTag:show_action_list, isAvailableToMigrate:true
02-13 07:59:47.591  4692  4692 I Routine@Core[4.6.00.41]: RoutineDataMigrator: deprecateOldTag() should not deprecate oldTag(show_action_list
02-13 07:59:47.591  4692  4692 I Routine@Core[4.6.00.41]: RoutineDataMigrator: migration - end, results = []
02-13 07:59:47.593  4796  4796 E outineUIProcess: Not starting debugger since process cannot load the jdwp agent.
02-13 07:59:47.594  4692  4692 I Routine@Core[4.6.00.41]: SleepScheduleInfoRequester: getMigrationDataAboutSleepSchedule
02-13 07:59:47.596  4692  4692 E ActivityThread: Failed to find provider info for com.samsung.sec.android.clockpackage
02-13 07:59:47.596  4692  4692 E Routine@Core[4.6.00.41]: SleepScheduleInfoRequester: getMigrationDataAboutSleepSchedule: Exception in calling content provider method - getMigrationDataAboutSleepSchedule, exception(java.lang.IllegalArgumentException: Unknown authority com.samsung.sec.android.clockpackage)
02-13 07:59:47.596  4692  4692 I Routine@Core[4.6.00.41]: SleepScheduleMigrator: migrateSleepMode: MigrationResultState is NOT YET, try migration
02-13 07:59:47.596  4692  4692 I Routine@Core[4.6.00.41]: SleepScheduleMigrator: migrateSleepMode: try migration dwb data is separate thread
02-13 07:59:47.596  4692  4781 I Routine@Core[4.6.00.41]: SleepScheduleMigrator: migrateDWBData
02-13 07:59:47.596  4692  4692 I Routine@Core[4.6.00.41]: SmartThingsMetadataUpdater: calculate: isEnabled=false
02-13 07:59:47.598  4796  4796 D ActivityThread: setConscryptValidator
02-13 07:59:47.598  4796  4796 D ActivityThread: setConscryptValidator - put
02-13 07:59:47.599  4692  4692 I Routine@Core[4.6.00.41]: LifestyleModeMigrator: migrate
02-13 07:59:47.602  4692  4781 I Routine@Core[4.6.00.41]: SleepScheduleMigrator: migrateDWBData: do not have Migration data about DWB
02-13 07:59:47.602  4692  4692 I Routine@Core[4.6.00.41]: InstanceCleaner: clean() - begin
02-13 07:59:47.604  4796  4796 D CompatibilityChangeReporter: Compat change id reported: 171979766; UID 10055; state: ENABLED
02-13 07:59:47.604  4796  4796 D CompatibilityChangeReporter: Compat change id reported: 242716250; UID 10055; state: ENABLED
02-13 07:59:47.604  4692  4692 I Routine@Core[4.6.00.41]: RoutineLoadHelper: getAllRoutineIds: list= [1]
02-13 07:59:47.606  4692  4692 I Routine@Core[4.6.00.41]: RoutineLoadHelper: getAllRoutineIds: list= [1]
02-13 07:59:47.608  4692  4692 E Routine@Core[4.6.00.41]: InstanceCleaner: deleteRoutines: id=[]
02-13 07:59:47.608  4692  4692 I Routine@Core[4.6.00.41]: InstanceCleaner: clean() - listToDelete is Empty !
02-13 07:59:47.608  4692  4692 I Routine@Core[4.6.00.41]: InstanceCleaner: clean() - end
02-13 07:59:47.610  4692  4692 I Routine@Core[4.6.00.41]: MetadataLoaderJobService: onDestroy
02-13 07:59:47.610  4692  4692 I Routine@Core[4.6.00.41]: RoutineService: onDestroy
02-13 07:59:47.610  4692  4692 I Routine@Core[4.6.00.41]: ServiceExt: setServiceForeground: isForeground=false, reason=ROUTINE_SERVICE
02-13 07:59:47.611  1111  7745 I ActivityManager: Killing 1421:com.sec.android.provider.badge/u0a57 (adj 999): empty #33
02-13 07:59:47.622  1111  1171 I libprocessgroup: Successfully killed process cgroup uid 10057 pid 1421 in 10ms
02-13 07:59:47.624  1294  2546 I SearchEngineAppSuggestion: packageUpdateEvent: com.honeyspace.sdk.source.entity.PackageOperation$Added@570e938
02-13 07:59:47.624  1294  2546 I SearchEngineAppSuggestion: package added: com.esg.idle.guild.tycoon
02-13 07:59:47.624  1294  2546 I SearchEngine: query: reTriggered SUGGESTED_APPS 3
02-13 07:59:47.625  1294  2546 I HoneySpace.SuggestAppDecor: cellX : 4
02-13 07:59:47.625  1294  2546 I ResultDataManager: Results: keys=SUGGESTED_TIPCARD, SUGGESTED_APPS, SUGGESTED_TAG, SUGGESTED_DIRECTORY
02-13 07:59:47.625  1294  2548 I HoneySpace.ContentsViewModel: observed com.honeyspace.search.ui.honeypot.presentation.content.ContentsViewModel@2a79b22 
02-13 07:59:47.625  1294  2548 I HoneySpace.ContentsViewModel: result onUpdated: SUGGESTED_APPS_
02-13 07:59:47.625  1294  2548 I HoneySpace.ContentsViewModel: result onRemoved: SUGGESTED_APPS_
02-13 07:59:47.625  1294  2548 I HoneySpace.ContentsViewModel: result onAdded: SUGGESTED_APPS_
02-13 07:59:47.627  1294  2548 I ContentsUI: onUpdate: [p9.a@55fd65d, p9.a@fd7e999, p9.a@60ccbd2, p9.a@ff8f4a3]
02-13 07:59:47.627  1294  2548 I ContentsUI: before Latch : Normal
02-13 07:59:47.627  1294  2548 I ContentsUI: request post
02-13 07:59:47.629 30906 30906 I Finsky  : [2] xeb.g(1): xeb - Received: android.intent.action.PACKAGE_ADDED, [TxdNQj65PUzvUlpDCMVjsT9LvMDUE9oU4DEnKgsTOV0]
02-13 07:59:47.629  1513  1513 I AccountReloadObserver: [C] received action: android.intent.action.PACKAGE_ADDED, dat: package:com.esg.idle.guild.tycoon
02-13 07:59:47.629 17444 17444 I SCS@AiSearch user 0: (PackageBroadcastReceiver) onReceive android.intent.action.PACKAGE_ADDED
02-13 07:59:47.629  1513  1513 I AccountReloadObserver: [C] request reload: 3
02-13 07:59:47.630 17444 17444 I SCS@AiSearch user 0: (PackageBroadcastReceiver) packageName: com.esg.idle.guild.tycoon
02-13 07:59:47.630 17444 17444 I SCS@AiSearch user 0: (PackageBroadcastReceiver) Packages changed: [com.esg.idle.guild.tycoon]
02-13 07:59:47.630 17444 17444 I SCS@AiSearch user 0: (AppsDataObserver) scheduling worker CMD_UPDATE_LIST
02-13 07:59:47.630  1513  1545 I AccountTypeModel: [C] account reload start: 3
02-13 07:59:47.633  1111  7928 D EdmStorageProvider: getCount(AppSeparationTable) - 0
02-13 07:59:47.633  1111  1640 D SecContentProvider: query(), uri = 30 selection = isLocalContactStorageAllowed
02-13 07:59:47.633  1111  1640 D SecContentProvider: called from com.samsung.android.app.contacts
02-13 07:59:47.633  1111  1640 D RestrictionPolicy: isLocalContactStorageAllowed
02-13 07:59:47.633  1111  1640 D RestrictionPolicy: isLocalContactStorageAllowed(0) : true
02-13 07:59:47.633  1111  7928 D KnoxMUMContainerPolicy: getAppSeparationConfig(): no record. Return null
02-13 07:59:47.634  1111  7928 D EdmStorageProvider: getCount(AppSeparationTable) - 0
02-13 07:59:47.634  1111  7928 D KnoxMUMContainerPolicy: getAppSeparationConfig(): no record. Return null
02-13 07:59:47.634  1513  1545 I AccountTypeLoader: [C] add secure accounts (Knox:false, table:false)
02-13 07:59:47.635  1111  3618 I NSLocationMonitor: getGPSUsingApps() called
02-13 07:59:47.636  3575 24034 I NSLocationManager_FLP: getGPSUsingApps, NO_FREEZE={5013} / FREEZE={10252}
02-13 07:59:47.636  1111  1640 D EdmStorageProvider: getCount(AppSeparationTable) - 0
02-13 07:59:47.636  1111  1640 D KnoxMUMContainerPolicy: getAppSeparationConfig(): no record. Return null
02-13 07:59:47.637  1111  1640 D EdmStorageProvider: getCount(AppSeparationTable) - 0
02-13 07:59:47.637  1111  1640 D KnoxMUMContainerPolicy: getAppSeparationConfig(): no record. Return null
02-13 07:59:47.637  1111  7928 D PackageManager: setEnabledSetting : userId = 0 packageName = com.samsung.android.scs cmp = androidx.work.impl.background.systemalarm.RescheduleReceiver newState = 1 callingPackage = com.samsung.android.scs
02-13 07:59:47.637  1111  7928 D ApplicationPolicy: getApplicationStateEnabled : pkg = com.samsung.android.scs userId : 0
02-13 07:59:47.638  1111  7928 D ApplicationPolicy: getApplicationComponentState : pkg = com.samsung.android.scs userId : 0
02-13 07:59:47.639  1111  3618 D MARs:ActiveTrafficFilter: filter : com.google.android.youtube(0)
02-13 07:59:47.639  1111  3618 D FreecessController: com.google.android.youtube(10280) is important[8]
02-13 07:59:47.639  1111  3618 I NSLocationMonitor: getGPSUsingApps() called
02-13 07:59:47.639  3575 24034 I NSLocationManager_FLP: getGPSUsingApps, NO_FREEZE={5013} / FREEZE={10252}
02-13 07:59:47.641  1513  1545 I AccountTypeLoader: [C] add readonly account (readonly:false, table:false, att:false)
02-13 07:59:47.641  1513  1545 I TelephonyDataSource: [C] isMultiSimModel multiSimConfig : dsds
02-13 07:59:47.641  1513  1545 I SimModel: [C] isMultiSimModel : true
02-13 07:59:47.641  1513  1545 I AccountTypeLoader: [C] add sim1 account(support:true, multi:true)
02-13 07:59:47.642  1111  3618 D MARs:ActiveTrafficFilter: filter : com.google.android.gm(0)
02-13 07:59:47.642  1111  3618 D FreecessController: com.google.android.gm(10279) is important[8]
02-13 07:59:47.643 30906 30906 I Finsky  : [2] acpq.f(9): Clearing split related stale data.
02-13 07:59:47.643  1513  1545 I EsimUtil: [C] esimState MEP : Finally not esim, slot = 0
02-13 07:59:47.643  1513  1545 I EsimUtil: [C] esimState MEP : true, isEsim = false, slotid = 0
02-13 07:59:47.643  1513  1545 I CmcSettingManager: cmc activation : 0
02-13 07:59:47.643  1513  1545 I TelephonyDataSource: [C] isMultiSimModel multiSimConfig : dsds
02-13 07:59:47.644  1513  1545 I SimModel: [C] isMultiSimModel : true
02-13 07:59:47.644 30906 31173 I Finsky  : [9936] kgx.a(55): AIM: AppInfoManager-Perf > OnDeviceAppInfo > cacheHitCount=0, cacheMissCount=1. Missed  in cache (limit 10) : [com.esg.idle.guild.tycoon]
02-13 07:59:47.644 30906 30906 I Finsky  : [2] kfc.f(9): AIM: AppInfoCacheUpdater -> invalidating apps: [com.esg.idle.guild.tycoon]
02-13 07:59:47.645 30906 30906 I Finsky  : [2] kft.g(21): AIM: AppInfoManager-Perf > getApps > called for 1 apps
02-13 07:59:47.646 30906 31187 I Finsky  : [9940] kgx.a(55): AIM: AppInfoManager-Perf > OnDeviceAppInfo > cacheHitCount=0, cacheMissCount=1. Missed  in cache (limit 10) : [com.esg.idle.guild.tycoon]
02-13 07:59:47.647 30906 31173 I Finsky  : [9936] keu.apply(1129): AIM: Got app ownership map. App counts: . Unique apps: 0
02-13 07:59:47.648 30906 31173 I Finsky  : [9936] keu.apply(1129): AIM: Got app ownership map. App counts: . Unique apps: 0
02-13 07:59:47.649 30906  3999 I Finsky  : [10034] osn.run(45): Wrote row to frosting DB: 522
02-13 07:59:47.649  1111  7928 D IntervalStats: Unable to parse usage stats packages: [177, 301, 400, 432, 434, 437, 438, 442, 444, 445, 449, 450, 476, 477, 478, 479, 484]
02-13 07:59:47.655 30906 30906 I Finsky  : [2] ajss.c(44): Do not start WearSupportService due to Wear service optimization
02-13 07:59:47.655 30906 30906 I Finsky  : [2] rws.ajC(13): DTU: Received onPackageAdded, replacing: false
02-13 07:59:47.658 30906  4064 I Finsky  : [10039] jne.a(180): Asset module storage cleared for package com.esg.idle.guild.tycoon.
02-13 07:59:47.658 30906  4069 I Finsky  : [10041] leh.aiy(124): [ContentSync] finished, scheduled=false
02-13 07:59:47.665 30906  3999 I Finsky  : [10034] osn.run(45): Wrote row to frosting DB: 523
02-13 07:59:47.685  1111  7928 D EdmStorageProvider: getCount(AppSeparationTable) - 0
02-13 07:59:47.686  1111  7928 D KnoxMUMContainerPolicy: getAppSeparationConfig(): no record. Return null
02-13 07:59:47.692  4796  4796 I Routine : attachBaseContext
02-13 07:59:47.692  4796  4796 I Routine : injectImplementation
02-13 07:59:47.716  1513  1545 I SimModel: [C] CompleteActiveSubscriptionInfoList : 0
02-13 07:59:47.716  1513  1545 I SimDataSource: [C] getSimIconIndex() iccTypeSlot : 0,0
02-13 07:59:47.716  1513  1545 I SimDataSource: [C] getSimIconIndex() [0] nIndex : 11
02-13 07:59:47.716  1513  1545 I SimDataSource: [C] getSimIcon(0) simIcon: 2131232028, iconIdx: 11
02-13 07:59:47.716  1111  7928 D SecContentProvider: query(), uri = 30 selection = isLocalContactStorageAllowed
02-13 07:59:47.716  1111  7928 D SecContentProvider: called from com.samsung.android.app.contacts
02-13 07:59:47.716  1111  7928 D RestrictionPolicy: isLocalContactStorageAllowed
02-13 07:59:47.716  1111  7928 D RestrictionPolicy: isLocalContactStorageAllowed(0) : true
02-13 07:59:47.717  1111  7928 D SecContentProvider2: query(), uri = 18 selection = isCopyContactToSimAllowed
02-13 07:59:47.717  1111  7928 D SecContentProvider2: isCopyContactToSimAllowed = true
02-13 07:59:47.718  1513  1545 I SimModel: [C] CompleteActiveSubscriptionInfoList : 0
02-13 07:59:47.718  1513  1545 I AccountTypeLoader: [C] add sim2 account(support:true, opportunistic:false)
02-13 07:59:47.719  1513  1545 I EsimUtil: [C] esimState MEP : Finally not esim, slot = 1
02-13 07:59:47.719  1513  1545 I EsimUtil: [C] esimState MEP : true, isEsim = false, slotid = 1
02-13 07:59:47.719  1513  1545 I CmcSettingManager: cmc activation : 0
02-13 07:59:47.719  1513  1545 I TelephonyDataSource: [C] isMultiSimModel multiSimConfig : dsds
02-13 07:59:47.719  1513  1545 I SimModel: [C] isMultiSimModel : true
02-13 07:59:47.719  1513  1545 I SimModel: [C] CompleteActiveSubscriptionInfoList : 0
02-13 07:59:47.719  1513  1545 I SimDataSource: [C] getSimIconIndex() iccTypeSlot : 0,0
02-13 07:59:47.719  1513  1545 I SimDataSource: [C] getSimIconIndex() [1] nIndex : 12
02-13 07:59:47.719  1513  1545 I SimDataSource: [C] getSimIcon(1) simIcon: 2131232030, iconIdx: 12
02-13 07:59:47.719  1111  7928 D SecContentProvider: query(), uri = 30 selection = isLocalContactStorageAllowed
02-13 07:59:47.719  1111  7928 D SecContentProvider: called from com.samsung.android.app.contacts
02-13 07:59:47.719  1111  7928 D RestrictionPolicy: isLocalContactStorageAllowed
02-13 07:59:47.719  1111  7928 D RestrictionPolicy: isLocalContactStorageAllowed(0) : true
02-13 07:59:47.720  1111  7928 D SecContentProvider2: query(), uri = 18 selection = isCopyContactToSimAllowed
02-13 07:59:47.720  1111  7928 D SecContentProvider2: isCopyContactToSimAllowed = true
02-13 07:59:47.721  1513  1545 I AccountTypeLoader: [C] add syncable account types
02-13 07:59:47.746  1513  1545 I AccountTypeLoader: [C]  > added: accountType : com.google, dataSet : null
02-13 07:59:47.747  1513  1545 I ExternalAccountType: [C] loadContactsXml : com.google.android.apps.tachyon
02-13 07:59:47.747  1513  1545 I ExternalAccountType: [C] Metadata loaded from: com.google.android.apps.tachyon, com.google.android.apps.tachyon.contacts.sync.SyncService, android.provider.CONTACTS_STRUCTURE
02-13 07:59:47.747  1513  1545 I AccountTypeLoader: [C]  > added: resource packageName : com.google.android.apps.tachyon, sync adapter packageName : com.google.android.apps.tachyon, isExtension : false
02-13 07:59:47.751  1513  1545 I AccountTypeLoader: [C]  > added: accountType : com.google.android.gm.exchange, dataSet : null
02-13 07:59:47.751  1513  1545 I AccountTypeLoader: [C]  > added: accountType : com.osp.app.signin, dataSet : null
02-13 07:59:47.752  1513  1545 I AccountTypeLoader: [C]  > added: accountType : com.samsung.android.coreapps, dataSet : null
02-13 07:59:47.752  1513  1545 I ExternalAccountType: [C] loadContactsXml : com.google.android.apps.plus
02-13 07:59:47.752  1513  1545 E ExternalAccountType: [C] Package was found, but that doesn't contain the CONTACTS_STRUCTURE metadata
02-13 07:59:47.752  1513  1545 I AccountTypeLoader: [C] add syncable accounts (table:false, UIM:false, Samsung:false)
02-13 07:59:47.773  1513  1545 I AccountTypeModel: [C] Accounts change = false, types change = true, loaded = true
02-13 07:59:47.774  1513  1545 I AccountTypeModel: [C] account reload finish: 3
02-13 07:59:47.777  1294  1294 I CardAdapter: setCards: SUGGESTED_TIPCARD, SUGGESTED_APPS, SUGGESTED_TAG, SUGGESTED_DIRECTORY
02-13 07:59:47.780  1111  7745 D EdmStorageProvider: getCount(AppSeparationTable) - 0
02-13 07:59:47.780  1111  7745 D KnoxMUMContainerPolicy: getAppSeparationConfig(): no record. Return null
02-13 07:59:47.783  4796  4796 I Routine@Ui[4.6.00.41]: Routine: Routine:onCreate: sIsDebugLevelMid=true, secLevel=false
02-13 07:59:47.786 30906 31200 I Finsky  : [9948] kgu.a(206): AIM: AppInfoManager-Perf > ItemModel > CacheSize=47, cacheHitCount=0, cacheMissCount=0, total appsWithNoServerDataCount=5. Missed  in cache (limit 10) : []
02-13 07:59:47.786 30906 31187 I Finsky  : [9940] kgu.a(206): AIM: AppInfoManager-Perf > ItemModel > CacheSize=47, cacheHitCount=0, cacheMissCount=0, total appsWithNoServerDataCount=5. Missed  in cache (limit 10) : []
02-13 07:59:47.797  4796  4796 I Routine@Ui[4.6.00.41]: RoutinesAppWidgetProviderPolicyImpl: getAvailableAppWidgetProviderComponentName - [old : 0, new : 0]
02-13 07:59:47.797  4796  4796 I Routine@Ui[4.6.00.41]: RoutinesAppWidgetProviderPolicyImpl: getAvailableComponentName - don't have any widget ids.
02-13 07:59:47.797  4796  4796 I Routine@Ui[4.6.00.41]: SALogger: setConfiguration start
02-13 07:59:47.798  4796  4796 I Routine@Ui[4.6.00.41]: SALogger: registerSharedPreferences()
02-13 07:59:47.798  4796  4796 I Routine@Ui[4.6.00.41]: SALogger: setConfiguration done
02-13 07:59:47.800  1111  7928 D EdmStorageProvider: getCount(AppSeparationTable) - 0
02-13 07:59:47.800  1111  7928 D KnoxMUMContainerPolicy: getAppSeparationConfig(): no record. Return null
02-13 07:59:47.801  4796  4796 I DIAGMON_SDK[605065]: DiagMonAgent type: 2
02-13 07:59:47.801  4796  4796 I DIAGMON_SDK[605065][br23r9jsjw] : generated SR object
02-13 07:59:47.802  4796  4796 I CapsuleProvider_1.0.25: releasing initialize wait lock.
02-13 07:59:47.803  4796  4796 I a_1.0.25: initialized
02-13 07:59:47.807  4692  4692 I Routine@Core[4.6.00.41]: ServiceExt: setServiceForeground: isForeground=true, reason=PRELOAD_CONDITION_SERVICE
02-13 07:59:47.807  4796  4796 I Routine@Sdk[3.1.6]: RoutineSdkImpl: setHandler - conditionHandler initialized
02-13 07:59:47.807  4796  4796 I Routine@Sdk[3.1.6]: RoutineSdkImpl: setHandler - actionHandler initialized
02-13 07:59:47.807  4796  4796 I Routine@Ui[4.6.00.41]: LifestyleModeTileHelper: setLifestyleModeTile
02-13 07:59:47.808  1111  7745 D PackageManager: setEnabledSetting : userId = 0 packageName = com.samsung.android.app.routines cmp = com.samsung.android.app.routines.LifestyleModeTile newState = 1 callingPackage = com.samsung.android.app.routines
02-13 07:59:47.808  1111  7745 D ApplicationPolicy: getApplicationStateEnabled : pkg = com.samsung.android.app.routines userId : 0
02-13 07:59:47.808  4692  4692 I AbstractProxyReflection: Create proxy instance for interface : android.hardware.input.InputManager$SemOnSwitchEventChangedListener
02-13 07:59:47.809  1111  7745 D ApplicationPolicy: getApplicationComponentState : pkg = com.samsung.android.app.routines userId : 0
02-13 07:59:47.809  4692  4692 I Routine@Core[4.6.00.41]: WatchingConditions: clear
02-13 07:59:47.809  4692  4692 I Routine@Core[4.6.00.41]: Pref: removeSharedPrefsData() key=condition_launch_app_data_resume_pkg
02-13 07:59:47.809  4692  4692 I Routine@Core[4.6.00.41]: AppLifecycleWatcher: updateUsageStateWatcher: 0
02-13 07:59:47.810  1111  7745 I ActivityManager: Flag disabled. Ignoring finishAttachApplication from uid: 10055. pid: 4796
02-13 07:59:47.810  4692  4692 I AbstractProxyReflection: initializeProxyReflectionByClass Create proxy instance for class : com.samsung.android.app.usage.IUsageStatsWatcher$Stub
02-13 07:59:47.810  4692  4692 I Routine@Core[4.6.00.41]: ActivityWatcherForSolo: unregister
02-13 07:59:47.810  4692  4692 I Routine@Core[4.6.00.41]: WatchingConditions: clear
02-13 07:59:47.810  4692  4692 I Routine@Core[4.6.00.41]: Pref: removeSharedPrefsData() key=condition_launch_app_data_resume_pkg
