02-12 08:57:48.069  1244  1425 D CompatibilityChangeReporter: Compat change id reported: 135754954; UID 10071; state: ENABLED
02-12 08:57:48.069  1244  1319 I DropBoxManagerService: add tag=system_server_wtf isTagEnabled=true flags=0x2
02-12 08:57:48.069  1244  1425 D ActivityManager: Received SERVICE intent 0xcba6e22 Key{startService pkg=com.samsung.android.app.galaxyfinder intent=act=package_changed cmp=com.samsung.android.app.galaxyfinder/.acceleration.AppCoreService flags=0x0 u=0} requestCode=0 from uid 1000
02-12 08:57:48.069  1244  1425 D SEP_UNION_SemDeviceInfoManagerService: sendIntentAction() action = android.intent.action.PACKAGE_ADDED, tag =  
02-12 08:57:48.069   803   813 E statsd  : Predicate 7729334320784921827 dropping data for dimension key (27)0x10000->13170[I] 
02-12 08:57:48.069   803   813 E statsd  : Predicate 7729334320784921827 dropping data for dimension key (27)0x10000->10071[I] 
02-12 08:57:48.069  1244  1425 D ActivityManager: Received BROADCAST intent 0x5af7629 Key{broadcastIntent pkg=com.android.settings intent=act=com.samsung.android.settings.intent.action.PACKAGE_ADDED flg=0x10000000 cmp=com.android.settings/com.samsung.android.settings.applications.cachedb.AppListCacheReceiver flags=0x2000000 u=0} requestCode=0 sent=0 from uid 1000
02-12 08:57:48.069  1244  1425 D SEP_UNION_SemDeviceInfoManagerService: sendIntentAction() action = android.intent.action.PACKAGE_ADDED, tag =  
02-12 08:57:48.069  1244  1425 D ActivityManager: Received BROADCAST intent 0xe6bfdae Key{broadcastIntent pkg=com.samsung.android.smartsuggestions intent=act=package_added cmp=com.samsung.android.smartsuggestions/com.samsung.android.app.deepsky.donation.receiver.PackageChangeReceiver flags=0x0 u=0} requestCode=0 sent=0 from uid 1000
02-12 08:57:48.069  1244  1425 D SEP_UNION_SemDeviceInfoManagerService: sendIntentAction() action = android.intent.action.PACKAGE_ADDED, tag =  
02-12 08:57:48.069  1244  1320 I ActivityManager: Start proc 19546:com.esg.idle.guild.tycoon/u0a3170 for pre-top-activity {com.esg.idle.guild.tycoon/com.unity3d.player.UnityPlayerActivity}
02-12 08:57:48.070  1244  1320 D CompatibilityChangeReporter: Compat change id reported: 143937733; UID 10071; state: ENABLED
02-12 08:57:48.070  1663  1919 D OpenGLRenderer: eglCreateWindowSurface
02-12 08:57:48.070  1244  3886 D SEP_UNION_SemDeviceInfoManagerService: Same PendingIntent is in com.samsung.android.app.routines 
02-12 08:57:48.070  1244  3886 D SEP_UNION_SemDeviceInfoManagerService: Same PendingIntent is in com.samsung.android.app.routines 
02-12 08:57:48.070  1244  3886 D SEP_UNION_SemDeviceInfoManagerService: Same PendingIntent is in com.samsung.android.app.routines 
02-12 08:57:48.070  1244  3886 D SEP_UNION_SemDeviceInfoManagerService: Same PendingIntent is in com.samsung.android.app.routines 
02-12 08:57:48.070  1244  3886 D SEP_UNION_SemDeviceInfoManagerService: Same PendingIntent is in com.samsung.android.app.routines 
02-12 08:57:48.070  1244  3886 D SEP_UNION_SemDeviceInfoManagerService: Same PendingIntent is in com.samsung.android.app.routines 
02-12 08:57:48.070  1244  3886 D SEP_UNION_SemDeviceInfoManagerService: registerPendingIntentInternal() action = android.intent.action.DATE_CHANGED, callingPackage = com.samsung.android.app.routines, userId = 0, flag = 0, conditions = null 
02-12 08:57:48.070  1244  3886 D SEP_UNION_SemDeviceInfoManagerService: Same PendingIntent is in com.samsung.android.app.routines 
02-12 08:57:48.070  1244  3886 D SEP_UNION_SemDeviceInfoManagerService: registerPendingIntentInternal() action = android.intent.action.PACKAGE_DATA_CLEARED, callingPackage = com.samsung.android.app.routines, userId = 0, flag = 0, conditions = null 
02-12 08:57:48.070  1244  3886 D SEP_UNION_SemDeviceInfoManagerService: Same PendingIntent is in com.samsung.android.app.routines 
02-12 08:57:48.070  1244  1660 D SEP_UNION_SemDeviceInfoManagerService: registerPendingIntentInternal() action = com.samsung.android.theme.themecenter.THEME_APPLY, callingPackage = com.samsung.android.app.routines, userId = 0, flag = 0, conditions = null 
02-12 08:57:48.070  1244  1660 D SEP_UNION_SemDeviceInfoManagerService: Same PendingIntent is in com.samsung.android.app.routines 
02-12 08:57:48.073  1244  1279 W System  : A resource failed to call close. 
02-12 08:57:48.077   917   917 I SurfaceFlinger: [34688b6 com.sec.android.app.launcher/com.sec.android.app.launcher.activities.LauncherActivity#0] FrameRatePriority: -1
02-12 08:57:48.079 19510 19510 I ResourceOverlayService_0: onCreate() called. UserId: 0
02-12 08:57:48.080  3229  3639 E MediaProvider: Creating or writing to a non-default top level directory is not allowed!
02-12 08:57:48.080 11903 11903 I Routine@Core[3.5.01.31]: MetadataLoaderImpl: collectInBackground - packageName:com.esg.idle.guild.tycoon
02-12 08:57:48.081 11903 11903 I Routine@Core[3.5.01.31]: MetadataSyncBacklog: add: null + com.esg.idle.guild.tycoon
02-12 08:57:48.081 11903 11903 I Routine@Core[3.5.01.31]: Pref: putSharedPrefsData() key=meta_loading_target_package_name
02-12 08:57:48.082 19546 19546 I le.guild.tycoo: Using CollectorTypeCC GC.
02-12 08:57:48.083   805   805 D Zygote  : Forked child process 19549
02-12 08:57:48.086 19546 19546 E le.guild.tycoo: Not starting debugger since process cannot load the jdwp agent.
02-12 08:57:48.087 19546 19546 E USNET   : USNET: appName: com.esg.idle.guild.tycoon
02-12 08:57:48.088  1244  1319 W BroadcastQueue: Background execution not allowed: receiving Intent { act=android.intent.action.PACKAGE_ADDED dat=package:com.esg.idle.guild.tycoon flg=0x4000010 (has extras) } to com.android.vending/com.google.android.finsky.packagemonitor.impl.PackageMonitorReceiverImpl$RegisteredReceiver
02-12 08:57:48.088  1244  1320 I ActivityManager: Start proc 19549:com.samsung.android.app.galaxyfinder:appservice/u0a71 for service {com.samsung.android.app.galaxyfinder/com.samsung.android.app.galaxyfinder.acceleration.AppCoreService}
02-12 08:57:48.089   926   963 I heimdall: insert_task_to_group:64, insert tgid 19546 to group com.sec.android.app.chromecustomizations, ret = 0
02-12 08:57:48.089  1244  1319 D CompatibilityChangeReporter: Compat change id reported: 168419799; UID 1000; state: DISABLED
02-12 08:57:48.089 19546 19546 D ActivityThread: setConscryptValidator
02-12 08:57:48.089 19546 19546 D ActivityThread: setConscryptValidator - put
02-12 08:57:48.090  1244  1319 W BroadcastQueue: Background execution not allowed: receiving Intent { act=android.intent.action.PACKAGE_ADDED dat=package:com.esg.idle.guild.tycoon flg=0x4000010 (has extras) } to com.android.vending/com.google.android.finsky.packagemonitor.backgroundimpl.BackgroundPackageMonitorReceiverImpl$RegisteredReceiver
02-12 08:57:48.090  1244  1319 W BroadcastQueue: Background execution not allowed: receiving Intent { act=android.intent.action.PACKAGE_ADDED dat=package:com.esg.idle.guild.tycoon flg=0x4000010 (has extras) } to com.google.android.gms/.games.chimera.GamesSystemBroadcastReceiverProxy
02-12 08:57:48.090  1244  1319 W BroadcastQueue: Background execution not allowed: receiving Intent { act=android.intent.action.PACKAGE_ADDED dat=package:com.esg.idle.guild.tycoon flg=0x4000010 (has extras) } to com.google.android.gms/.gass.chimera.PackageChangeBroadcastReceiver
02-12 08:57:48.090  1244  1529 D SamsungAlarmManager: setInexact (T:3/F:0/AC:false) 20340209T085748 now=4715010924 - CU:10244/CP:18188/OP:PendingIntent{4394916: PendingIntentRecord{dad0297 com.google.android.gms/ startService}}
02-12 08:57:48.092 19510 19510 I SEP_UNION_SemUnionManager: getUnionService() : semeventdelegator 
02-12 08:57:48.093  1244  1319 W BroadcastQueue: Background execution not allowed: receiving Intent { act=android.intent.action.PACKAGE_ADDED dat=package:com.esg.idle.guild.tycoon flg=0x4000010 (has extras) } to com.google.android.gms/.chimera.GmsIntentOperationService$PersistentTrustedReceiver
02-12 08:57:48.093  1244  1319 W BroadcastQueue: Background execution not allowed: receiving Intent { act=android.intent.action.PACKAGE_ADDED dat=package:com.esg.idle.guild.tycoon flg=0x4000010 (has extras) } to com.google.android.googlequicksearchbox/com.google.android.apps.gsa.googlequicksearchbox.GelStubAppWatcher
02-12 08:57:48.093  1244  1319 W BroadcastQueue: Background execution not allowed: receiving Intent { act=android.intent.action.PACKAGE_ADDED dat=package:com.esg.idle.guild.tycoon flg=0x4000010 (has extras) } to com.ironsource.appcloud.oobe.hutchison/com.ironsource.appmanager.receivers.SystemEventsBroadcastReceiver
02-12 08:57:48.093  1244  1319 W BroadcastQueue: Background execution not allowed: receiving Intent { act=android.intent.action.PACKAGE_ADDED dat=package:com.esg.idle.guild.tycoon flg=0x4000010 (has extras) } to com.ironsource.appcloud.oobe.hutchison/com.ironsource.aura.profiler_integrator.internal.client.event_producer.apps.ChangedPackagesReceiver
02-12 08:57:48.094  3229 13694 E MediaProvider: Creating or writing to a non-default top level directory is not allowed!
02-12 08:57:48.094  1244  1319 D BaseRestrictionMgr: Package: com.microsoft.appmanager, userid: 0, hostingType: broadcast is allowed by freecess, caller is: null
02-12 08:57:48.094  1244  1319 W BroadcastQueue: Background execution not allowed: receiving Intent { act=android.intent.action.PACKAGE_ADDED dat=package:com.esg.idle.guild.tycoon flg=0x4000010 (has extras) } to com.microsoft.appmanager/com.microsoft.mmx.continuity.receiver.InstallUninstallReceiver
02-12 08:57:48.095  1244  1319 D BaseRestrictionMgr: Package: com.samsung.android.app.taskedge, userid: 0, hostingType: broadcast is allowed by freecess, caller is: null
02-12 08:57:48.096  1244  1319 W BroadcastQueue: Background execution not allowed: receiving Intent { act=android.intent.action.PACKAGE_ADDED dat=package:com.esg.idle.guild.tycoon flg=0x4000010 (has extras) } to com.samsung.android.app.taskedge/.edgepanel.TaskEdgePanelProvider
02-12 08:57:48.096  1244  1319 W BroadcastQueue: Background execution not allowed: receiving Intent { act=android.intent.action.PACKAGE_ADDED dat=package:com.esg.idle.guild.tycoon flg=0x4000010 (has extras) } to com.sec.android.app.samsungapps/.receiver.PackageAddedReceiver
02-12 08:57:48.096  1244  1319 W BroadcastQueue: Background execution not allowed: receiving Intent { act=android.intent.action.PACKAGE_ADDED dat=package:com.esg.idle.guild.tycoon flg=0x4000010 (has extras) } to com.sec.imsservice/com.sec.internal.ims.imsservice.ImsIntentReceiver
02-12 08:57:48.096  1244  1319 W BroadcastQueue: Background execution not allowed: receiving Intent { act=android.intent.action.PACKAGE_ADDED dat=package:com.esg.idle.guild.tycoon flg=0x4000010 (has extras) } to com.manageengine.mdm.android/com.manageengine.mdm.framework.appmgmt.AppInstallationNotifier
02-12 08:57:48.096  1244  1319 I ActivityManager: com.google.android.packageinstaller is exempt from freezer
02-12 08:57:48.096 19549 19549 I nder:appservic: Using CollectorTypeCC GC.
02-12 08:57:48.096  1244  1319 D CompatibilityChangeReporter: Compat change id reported: 135634846; UID 10075; state: DISABLED
02-12 08:57:48.096  1244  1319 D CompatibilityChangeReporter: Compat change id reported: 177438394; UID 10075; state: DISABLED
02-12 08:57:48.097  1244  1319 D CompatibilityChangeReporter: Compat change id reported: 135772972; UID 10075; state: DISABLED
02-12 08:57:48.097  1244  1319 D CompatibilityChangeReporter: Compat change id reported: 135754954; UID 10075; state: ENABLED
02-12 08:57:48.097  1244  1320 D CompatibilityChangeReporter: Compat change id reported: 143937733; UID 10075; state: ENABLED
02-12 08:57:48.097 19510 19510 I SEP_UNION_SemUnionManager: getSemSystemService : semeventdelegator 
02-12 08:57:48.098   803   813 E statsd  : Predicate 7729334320784921827 dropping data for dimension key (27)0x10000->10075[I] 
02-12 08:57:48.098  1244  1660 D SEP_UNION_SemUnionMainServiceImpl: getSemSystemService - semeventdelegator 
02-12 08:57:48.098 19549 19549 E nder:appservic: Not starting debugger since process cannot load the jdwp agent.
02-12 08:57:48.098 19510 19510 I ResourceOverlayService_0: initManager thread creation
02-12 08:57:48.099  1244  1660 D SEP_UNION_SemDeviceInfoManagerService: registerPendingIntentForUriAsUser() uri = content://settings/global/device_provisioned, callingPackage = com.samsung.android.localeoverlaymanager, tag = , userId = 0 
02-12 08:57:48.099  1244  1660 D SEP_UNION_SemDeviceInfoManagerService: PendingIntentWithConditions added f=0 
02-12 08:57:48.099  1663  2459 D ViewRootImpl@38d76bc[tycoon]: Received frameDrawingCallback frameNum=1. Creating transactionCompleteCallback=false
02-12 08:57:48.100  1244  1660 I ActivityManager: DSS OFF for com.esg.idle.guild.tycoon
02-12 08:57:48.100 19510 19510 I ResourceOverlayService_0: requestPendingActions() called - No pending actions!
02-12 08:57:48.100 19510 19510 I ResourceOverlayService_0: setProcessForeground: true
02-12 08:57:48.100 19549 19549 E USNET   : USNET: appName: com.samsung.android.app.galaxyfinder:appservice
02-12 08:57:48.101   926   963 I heimdall: insert_task_to_group:64, insert tgid 19549 to group com.sec.android.app.chromecustomizations, ret = 0
02-12 08:57:48.102 19549 19549 D ActivityThread: setConscryptValidator
02-12 08:57:48.102 19549 19549 D ActivityThread: setConscryptValidator - put
02-12 08:57:48.103  1244  1660 I DexController: getTaskHasActivityIsWaitingToRun: r=ActivityRecord{7182f5a u0 com.esg.idle.guild.tycoon/com.unity3d.player.UnityPlayerActivity t10581}, app=ProcessRecord{32ca6 19546:com.esg.idle.guild.tycoon/u0a3170}
02-12 08:57:48.103  1244  1660 D ActivityManager: attachApplicationLocked() app=ProcessRecord{32ca6 19546:com.esg.idle.guild.tycoon/u0a3170} app.isolatedEntryPoint=null instr2=null
02-12 08:57:48.105  1244  1660 D WindowManager: rotationForOrientation, orientationSource=ActivityRecord{7182f5a u0 com.esg.idle.guild.tycoon/com.unity3d.player.UnityPlayerActivity t10581}
02-12 08:57:48.111 19510 19572 I LocaleOverlayManager_0: Handler ready Handler (com.samsung.android.localeoverlaymanager.LocaleOverlayManager$OverlayHandler) {b18b64c}
02-12 08:57:48.112  1663  1919 D ViewRootImpl@38d76bc[tycoon]: Received frameCompleteCallback  lastAcquiredFrameNum=1 lastAttemptedDrawFrameNum=1
02-12 08:57:48.112   805   805 D Zygote  : Forked child process 19580
02-12 08:57:48.112 13909 18750 I Finsky  : [10752] kvl.aiy(30): [ContentSync] finished, scheduled=false
02-12 08:57:48.121  2756  2844 I PackageInfoManager_FLP: onPermissionsChanged, uid = 13170
02-12 08:57:48.122 19580 19580 I ackageinstalle: Using CollectorTypeCC GC.
02-12 08:57:48.122 18920 19539 I GOS:GameIntentService: onPackageChanged(). extras: Bundle[{changeType=2, userId=0, type=15, packageName=com.esg.idle.guild.tycoon}]
02-12 08:57:48.122 18920 19539 I GOS:GameIntentService: onPackageChanged(). changeType(INSTALL_STARTED), pkgName(com.esg.idle.guild.tycoon), UserHandle(0), userId(0), Installed(true)
02-12 08:57:48.123 30911 30911 I MDMAppMgmtLogger: App UI not updated 0false
02-12 08:57:48.123  1663  1813 I ViewRootImpl@38d76bc[tycoon]: [DP] pdf(0) 0 android.view.ViewRootImpl.lambda$addFrameCompleteCallbackIfNeeded$3$ViewRootImpl:4995 android.view.ViewRootImpl$$ExternalSyntheticLambda16.run:6 android.os.Handler.handleCallback:938 
02-12 08:57:48.123  1663  1813 I ViewRootImpl@38d76bc[tycoon]: [DP] rdf()
02-12 08:57:48.123  1663  1813 D ViewRootImpl@38d76bc[tycoon]: reportDrawFinished (fn: -1) 
02-12 08:57:48.124  3229   541 E MediaProvider: Creating or writing to a non-default top level directory is not allowed!
02-12 08:57:48.126 19580 19580 E ackageinstalle: Not starting debugger since process cannot load the jdwp agent.
02-12 08:57:48.126 19580 19580 E USNET   : USNET: appName: com.google.android.packageinstaller
02-12 08:57:48.127  3229  3644 E MediaProvider: Creating or writing to a non-default top level directory is not allowed!
02-12 08:57:48.127  1244  1660 D TspStateManager: updateCustomValue customSetting=
02-12 08:57:48.127   926   963 I heimdall: insert_task_to_group:64, insert tgid 19580 to group com.sec.android.app.chromecustomizations, ret = 0
02-12 08:57:48.128 19580 19580 D ActivityThread: setConscryptValidator
02-12 08:57:48.128 19580 19580 D ActivityThread: setConscryptValidator - put
02-12 08:57:48.130 30911 30911 I MDMAgentLogger: AndroidNotificationManager: Notification added successfully!
02-12 08:57:48.130  1244  1660 D TspStateManager: updateCustomValue customSetting=
02-12 08:57:48.131  3229 18307 E MediaProvider: Creating or writing to a non-default top level directory is not allowed!
02-12 08:57:48.131  1244  1660 D SGM:PkgDataHelper: notifyAppCreate(), pkgName: com.esg.idle.guild.tycoon, userId: 0, sendRet: true
02-12 08:57:48.131  1244  1467 D SGM:GameManager: onLooperPrepared(), msg: MSG_APP_CREATE, pkgName: com.esg.idle.guild.tycoon, userId: 0
02-12 08:57:48.132  1244  1660 D MARsPolicyManager: onPackageResumedFG pkgName = com.esg.idle.guild.tycoon, userId = 0
02-12 08:57:48.132  1244  1660 D InputDispatcher: Focused application set to (0): 7182f5a
02-12 08:57:48.132  1244  1660 D SGM:GameManager: TaskStackListener.onTaskFocusChanged(), taskId=10572, focused=false
02-12 08:57:48.132  1244  1660 D SGM:GameManager: TaskStackListener.onTaskFocusChanged(), taskId=10581, focused=true
02-12 08:57:48.132  1244  1660 D SGM:GameManager:   sendRunningComponentFocus(), pkgName: com.esg.idle.guild.tycoon, userId: 0
02-12 08:57:48.133  1244  1467 D SGM:GameManager: onLooperPrepared(), msg: MSG_TASK_FOCUSED, pkgName: com.esg.idle.guild.tycoon, userId: 0
02-12 08:57:48.133  1244  1467 D SGM:GameManager: handleTaskFocused().
02-12 08:57:48.133  1244  1467 D SGM:GameManager:   handleTaskFocused(), pkgName: com.esg.idle.guild.tycoon, userID:0
02-12 08:57:48.133  1244  1467 D SGM:GameManager: handleResume().
02-12 08:57:48.133  1244  1467 D SGM:GameManager:   handleResume(). pkgName: com.esg.idle.guild.tycoon, userId: 0, isTunableApp: null
02-12 08:57:48.133  1244  1467 D SGM:GameManager: notifyFocusInOut(). of pkg: com.esg.idle.guild.tycoon, type: 4, isMinimized: false, isTunableApp: false, userId: 0
02-12 08:57:48.133  1244  1467 D SGM:GameManager:   notifyFocusInOut(). do nothing. mKillNotiCount: 1
02-12 08:57:48.133  1244  1467 D SGM:NetworkLimit: callRelease
02-12 08:57:48.133  1244  1467 D SGM:SystemHelper: callReleaseBlock needReleaseBlock:false
02-12 08:57:48.133  3229  3638 E MediaProvider: Creating or writing to a non-default top level directory is not allowed!
02-12 08:57:48.133  1244  1660 W WindowManager: Execute app transition: mNextAppTransitionRequests=[TRANSIT_OPEN, TRANSIT_OPEN], mNextAppTransitionFlags=, displayId: 0 Callers=com.android.server.wm.RootWindowContainer.executeAppTransitionForAllDisplay:2706 com.android.server.wm.ActivityTaskSupervisor.reportResumedActivityLocked:2252 com.android.server.wm.ActivityRecord.completeResumeLocked:6360 com.android.server.wm.Task.minimalResumeActivityLocked:7470 com.android.server.wm.ActivityTaskSupervisor.realStartActivityLocked:1162 
02-12 08:57:48.134  8298  8942 I RecentModel: onTaskStackChangedBackground
02-12 08:57:48.134  1244  3339 D WindowManager: finishDrawingWindow: Window{39e29e6 u0 Splash Screen com.esg.idle.guild.tycoon} mDrawState=DRAW_PENDING
02-12 08:57:48.135  1244  1309 D WindowManager: performShow logReadyForDisplay  mToken.waitingToShow:true isTransitionSet:true
02-12 08:57:48.135  1244  1309 D TaskOrganizerController: Task appeared taskId=10581
02-12 08:57:48.135  1244  1309 D WindowManager: Loading animation for app transition. transit=TRANSIT_OLD_WALLPAPER_CLOSE enter=false frame=Rect(0, 0 - 1080, 2106) insets=Rect(0, 0 - 0, 0) surfaceInsets=Rect(0, 0 - 0, 0)
02-12 08:57:48.136  1244  1309 I WindowManager: Reparenting to leash, surface=Surface(name=Task=1)/@0x4b7574, leashParent=Surface(name=DefaultTaskDisplayArea)/@0x9898884
02-12 08:57:48.136   917  1005 I SurfaceFlinger: id=152064 createSurf (0x0),-1 flag=24000, Surface(name=Task=1)/@0x4b7574 - animation-leash of app_transition#0
02-12 08:57:48.137  1663  1663 D FullscreenTaskListener: Fullscreen Task Appeared: #10581, caller=com.android.wm.shell.ShellTaskOrganizer.onTaskAppeared:387 com.android.wm.shell.ShellTaskOrganizer.onTaskAppeared:376 android.window.TaskOrganizer$1.lambda$onTaskAppeared$4$TaskOrganizer$1:297 
02-12 08:57:48.137 18837 18837 I AppListCacheReceiver: onReceive START action : com.samsung.android.settings.intent.action.PACKAGE_ADDED
02-12 08:57:48.138 18837 18837 I AppListCacheReceiver: onReceive END
02-12 08:57:48.139  1244  1309 D WindowManager: makeSurface duration=4 leash=Surface(name=Surface(name=Task=1)/@0x4b7574 - animation-leash of app_transition)/@0x8b7472
02-12 08:57:48.140  1244  1309 D WindowManager: Loading animation for app transition. transit=TRANSIT_OLD_WALLPAPER_CLOSE enter=true frame=Rect(0, 0 - 1080, 2316) insets=Rect(0, 75 - 0, 135) surfaceInsets=Rect(0, 0 - 0, 0)
02-12 08:57:48.140  2756  2844 I PackageInfoManager_FLP: updatePermission, com.esg.idle.guild.tycoon to 0
02-12 08:57:48.141  1244  1309 I WindowManager: Reparenting to leash, surface=Surface(name=Task=10581)/@0x796453b, leashParent=Surface(name=DefaultTaskDisplayArea)/@0x9898884
02-12 08:57:48.141   917  1005 I SurfaceFlinger: id=152065 createSurf (0x0),-1 flag=24004, Surface(name=Task=10581)/@0x796453b - animation-leash of app_transition#0
02-12 08:57:48.146  1244  1309 D WindowManager: makeSurface duration=5 leash=Surface(name=Surface(name=Task=10581)/@0x796453b - animation-leash of app_transition)/@0xab5a458
02-12 08:57:48.146  1244  2754 W NetlinkSocket: maximum read
02-12 08:57:48.147  6296  6296 I Edge.badge: onNotificationRankingUpdate
02-12 08:57:48.147  6296  6296 I Edge.badge: onNotificationFullRefresh mIsRegister=true,forceNotify=true
02-12 08:57:48.147  1244  1309 I WindowManager: Cancelling animation restarting=true, leash=Surface(name=Surface(name=3f217e6 StatusBar)/@0x143fd4 - animation-leash of insets_animation)/@0xa004c9b
02-12 08:57:48.147  1244  1309 I WindowManager: Reparenting to original parent: Surface(name=WindowToken{213641 android.os.BinderProxy@c586b4b})/@0x609f57d, destroy=false, surface=Surface(name=3f217e6 StatusBar)/@0x143fd4
02-12 08:57:48.147  1244  1309 I WindowManager: Reparenting to leash, surface=Surface(name=3f217e6 StatusBar)/@0x143fd4, leashParent=Surface(name=WindowToken{213641 android.os.BinderProxy@c586b4b})/@0x609f57d
02-12 08:57:48.147   917  1005 I SurfaceFlinger: id=152066 createSurf (0x0),-1 flag=24000, Surface(name=3f217e6 StatusBar)/@0x143fd4 - animation-leash of insets_animation#0
02-12 08:57:48.150  1244  1309 D WindowManager: makeSurface duration=2 leash=Surface(name=Surface(name=3f217e6 StatusBar)/@0x143fd4 - animation-leash of insets_animation)/@0xd19fa17
02-12 08:57:48.150  1244  1309 I WindowManager: Cancelling animation restarting=true, leash=Surface(name=Surface(name=d4dbda1 NavigationBar0)/@0x1275735 - animation-leash of insets_animation)/@0xc26c011
02-12 08:57:48.150  1244  1309 I WindowManager: Reparenting to original parent: Surface(name=WindowToken{e620bab android.os.BinderProxy@6b0401c})/@0x25077ca, destroy=false, surface=Surface(name=d4dbda1 NavigationBar0)/@0x1275735
02-12 08:57:48.150  1244  1309 I WindowManager: Reparenting to leash, surface=Surface(name=d4dbda1 NavigationBar0)/@0x1275735, leashParent=Surface(name=WindowToken{e620bab android.os.BinderProxy@6b0401c})/@0x25077ca
02-12 08:57:48.151   917  1005 I SurfaceFlinger: id=152067 createSurf (0x0),-1 flag=24000, Surface(name=d4dbda1 NavigationBar0)/@0x1275735 - animation-leash of insets_animation#1
02-12 08:57:48.153  1663  1663 D InterruptionStateProvider: No bubble up: not allowed to bubble: 0|com.osp.app.signin|20111262|null|10108
02-12 08:57:48.153  1663  1663 D InterruptionStateProvider: No bubble up: not allowed to bubble: 0|com.sec.android.app.samsungapps|-1194131637|appboy_notification|10078
02-12 08:57:48.153  1663  1663 D InterruptionStateProvider: No bubble up: not allowed to bubble: 0|io.appium.settings|1|null|10516
02-12 08:57:48.153  1244  1309 D WindowManager: makeSurface duration=4 leash=Surface(name=Surface(name=d4dbda1 NavigationBar0)/@0x1275735 - animation-leash of insets_animation)/@0x4837fed
02-12 08:57:48.153  1663  1663 D InterruptionStateProvider: No bubble up: not allowed to bubble: 0|com.samsung.android.lool|2000|null|1000
02-12 08:57:48.153  1663  1663 D InterruptionStateProvider: No alerting: suppressed due to group alert behavior
02-12 08:57:48.153  1663  1663 D InterruptionStateProvider: Group alert behavior is suppressed but we want to alert bubble
02-12 08:57:48.153  1663  1663 D InterruptionStateProvider: No bubble up: not allowed to bubble: 0|com.sec.android.app.samsungapps|2147483647|ranker_group|10078|ranker_group
02-12 08:57:48.153  1663  1663 D InterruptionStateProvider: No bubble up: not allowed to bubble: 0|com.sec.android.app.samsungapps|1599625737|appboy_notification|10078
02-12 08:57:48.153  1663  1663 D InterruptionStateProvider: No bubble up: not allowed to bubble: 0|com.sec.android.app.samsungapps|1018576298|appboy_notification|10078
02-12 08:57:48.153  1663  1663 D InterruptionStateProvider: No bubble up: not allowed to bubble: 0|com.sec.android.app.samsungapps|1539624428|appboy_notification|10078
02-12 08:57:48.153  1663  1663 D InterruptionStateProvider: No bubble up: not allowed to bubble: 0|com.sec.android.app.samsungapps|-1995362525|appboy_notification|10078
02-12 08:57:48.153  1663  1663 D InterruptionStateProvider: No bubble up: not allowed to bubble: 0|com.sec.android.app.samsungapps|477045294|appboy_notification|10078
02-12 08:57:48.153  1663  1663 D InterruptionStateProvider: No bubble up: not allowed to bubble: 0|com.lambdatest.androidwebrtc|-1|null|10332
02-12 08:57:48.153  1663  1663 D InterruptionStateProvider: No bubble up: not allowed to bubble: 0|com.lambdatest.lambdatestservice|1|null|10329
02-12 08:57:48.154  1663  1663 D InterruptionStateProvider: No bubble up: not allowed to bubble: -1|android|27|null|1000
02-12 08:57:48.154 11765 12012 I ContactsProvider_EventLog: contents_sample_state: [CONTACT contacts(0) data(0) accounts({}) accounts deleted({}) in_trash(in_trash(0), in_trash_for_sync(0)) calls([]) countryIso(US) userId(0)  ]
02-12 08:57:48.154 11765 12012 I ContactsProvider_EventLog: contents_sample_state: [ agr({})  ]
02-12 08:57:48.154 11765 12012 I ContactsProvider_EventLog: contents_sample_state: [ actCnt({android.process.acore(11765)=5})  ]
02-12 08:57:48.154 11765 12012 I ContactsProvider_EventLog: contents_sample_state: [PROFILE contacts(0) data(0) accounts({})  ] [SAPROFILE contacts(0) data(0) accounts({})  ]
02-12 08:57:48.154 11765 12012 I ContactsProvider_EventLog: contents_sample_state: [STORAGE Contacts(CE) Profile(CE) SAProfile(CE) CallLog(CE)  ]
02-12 08:57:48.154 11765 12012 I ContactsProvider_EventLog: contents_sample_state: [STATE R(F) ]
02-12 08:57:48.155   917   917 I Layer   : id=152040 removeFromCurrentState Surface(name=3f217e6 StatusBar)/@0x143fd4 - animation-leash of insets_animation#1 (619)
02-12 08:57:48.155   917   917 I Layer   : id=152041 removeFromCurrentState Surface(name=d4dbda1 NavigationBar0)/@0x1275735 - animation-leash of insets_animation#0 (619)
02-12 08:57:48.155  1663  1813 D InsetsSourceConsumer: ensureControlAlpha: for ITYPE_NAVIGATION_BAR on Splash Screen com.esg.idle.guild.tycoon
02-12 08:57:48.155   917   917 I SurfaceFlinger: id=152040 Removed Surface(name=3f217e6 StatusBar)/@0x143fd4 - animation-leash of insets_animation#1 (619)
02-12 08:57:48.155   917   917 I SurfaceFlinger: id=152041 Removed Surface(name=d4dbda1 NavigationBar0)/@0x1275735 - animation-leash of insets_animation#0 (619)
02-12 08:57:48.155  1663  1813 D InsetsSourceConsumer: ensureControlAlpha: for ITYPE_STATUS_BAR on Splash Screen com.esg.idle.guild.tycoon
02-12 08:57:48.155   917   917 I Layer   : id=152040 Destroyed Surface(name=3f217e6 StatusBar)/@0x143fd4 - animation-leash of insets_animation#1
02-12 08:57:48.156   917   917 I Layer   : id=152041 Destroyed Surface(name=d4dbda1 NavigationBar0)/@0x1275735 - animation-leash of insets_animation#0
02-12 08:57:48.156  1244  1320 W ActivityManager: Slow operation: 60ms so far, now at startProcess: done updating battery stats
02-12 08:57:48.156  1244  1320 W ActivityManager: Slow operation: 60ms so far, now at startProcess: building log message
02-12 08:57:48.156  1244  1320 I ActivityManager: Start proc 19580:com.google.android.packageinstaller/u0a75 for broadcast {com.google.android.packageinstaller/com.android.packageinstaller.PackageInstalledReceiver}
02-12 08:57:48.156  1244  1320 W ActivityManager: Slow operation: 60ms so far, now at startProcess: starting to update pids map
02-12 08:57:48.156 19510 19510 E ResourceOverlayService_0: onStartCommand com.samsung.android.localeoverlaymanager.action.PACKAGE_ADDED manager -Thread[ResourceOverlayService,5,main]
02-12 08:57:48.156  1244  1320 W ActivityManager: Slow operation: 60ms so far, now at startProcess: done updating pids map
02-12 08:57:48.157 19510 19510 I PreferenceUtils: getPreferences() called with: userId = [0], context: com.samsung.android.localeoverlaymanager.ResourceOverlayService@2c093aa
02-12 08:57:48.158  1244  1529 I ActivityManager: DSS OFF for com.google.android.packageinstaller
02-12 08:57:48.159  8298  8942 I RecentTasksList: getTaskKeys, numTasks :3 callback : com.android.quickstep.-$$Lambda$RecentsModel$k1Mm-BV64Bc89eJHYugywZmW_Js@e99faea
02-12 08:57:48.159  6607  6708 I [AirCmd]_CallbackRepeater: stopRepeat : isWorking=false
02-12 08:57:48.159  6607  6708 I [AirCmd]_MediaControlStateMonitor: isForegroundAppSupportsMediaButton : mediaSession is empty
02-12 08:57:48.159  6607  6708 I [AirCmd]_MediaControlStateMonitor: active Notification List is null
02-12 08:57:48.159  6607  6708 I [AirCmd]_RemoteSpenMainController: hasGeneralAction : packageName is com.esg.idle.guild.tycoon, activityName is com.unity3d.player.UnityPlayerActivity, hasActions is false
02-12 08:57:48.159  6607  6708 I [AirCmd]_CameraAvailabilityMonitor: isCameraPreviewOn : mIsCameraPreviewOn is false
02-12 08:57:48.160  1244  1529 D ActivityManager: attachApplicationLocked() app=ProcessRecord{a0bf269 19580:com.google.android.packageinstaller/u0a75} app.isolatedEntryPoint=null instr2=null
02-12 08:57:48.161   803   813 E statsd  : Predicate 7729334320784921827 dropping data for dimension key (27)0x10000->10075[I] 
02-12 08:57:48.161  1244  1308 I ActivityManager: Changes in 13170 19 to 2, 0 to 15
02-12 08:57:48.161  1244  1308 I AppOps  : updateUidProcState uid: 13170 procState: 2 capability:15
02-12 08:57:48.161  1244  1308 I AppOps  : commitUidPendingStateLocked() :: UID - 13170, 700 > 200, 0 > 15
02-12 08:57:48.162  6607  6708 I [AirCmd]_CameraAvailabilityMonitor: isCameraPreviewOn : mIsCameraPreviewOn is false
02-12 08:57:48.162  1244  3415 D CompatibilityChangeReporter: Compat change id reported: 168419799; UID 10071; state: DISABLED
02-12 08:57:48.162  1244  3415 I ActivityManager: DSS OFF for com.samsung.android.app.galaxyfinder
02-12 08:57:48.163   803   813 E statsd  : Predicate 7729334320784921827 dropping data for dimension key (27)0x10000->13170[I] 
02-12 08:57:48.163  6607  6708 I [AirCmd]_MediaControlStateMonitor: isForegroundAppSupportsMediaButton : mediaSession is empty
02-12 08:57:48.163  6607  6708 I [AirCmd]_MediaControlStateMonitor: active Notification List is null
02-12 08:57:48.163  6607  6708 I [AirCmd]_PenActionRule: getAction : get default action data from remote action because pen action data is null.
02-12 08:57:48.164  6607  6708 I [AirCmd]_ButtonActionDetector: enableDoubleClickDetection: enabled=true, doubleClickWaitInterval=300
02-12 08:57:48.164  6607  6708 I [AirCmd]_RemoteSpenMainController: onSwitch : package is com.esg.idle.guild.tycoon   and activity is com.unity3d.player.UnityPlayerActivity and isBleConnected is false and hasActions is false
02-12 08:57:48.164  6607  6607 I AC:FloatingIconController: onBleFloatingIconStateChanged isEnabled : false, delay : 250
02-12 08:57:48.164  1244  3415 D ActivityManager: attachApplicationLocked() app=ProcessRecord{3b339a 19549:com.samsung.android.app.galaxyfinder:appservice/u0a71} app.isolatedEntryPoint=null instr2=null
02-12 08:57:48.165   803   813 E statsd  : Predicate 7729334320784921827 dropping data for dimension key (27)0x10000->10071[I] 
02-12 08:57:48.166  1244  3415 D ActivityTaskManager: getRecentPairTasks() maxNum :3 from 10144
02-12 08:57:48.166  1244  3415 D RecentTaskItemController: getRecentPairTasksImpl() maxNum :3 from 10144
02-12 08:57:48.167  8298  8361 I RecentTasksList: loadTasksInBackground() task id : 10579
02-12 08:57:48.167  8298  8361 I RecentTasksList: loadTasksInBackground() task id : 10580
02-12 08:57:48.167  8298  8361 I RecentTasksList: loadTasksInBackground() task id : 10581
02-12 08:57:48.172   917   917 D SurfaceFlinger: Display 4633128672291735999 HWC layers:
02-12 08:57:48.172   917   917 D SurfaceFlinger:      DEVICE | 0xb40000730f330dd0 | 0100 | RGBA_8888    |  618.0    0.0 1698.0 2316.0 |    0    0 1080 2316 | Wallpaper BBQ wrapper#0
02-12 08:57:48.172   917   917 D SurfaceFlinger:      DEVICE | 0xb40000730f343210 | 0100 | RGBA_8888    |    0.0    0.0 1080.0 2316.0 |    0    0 1080 2316 | com.sec.android.app.launcher/com.sec[...].activities.LauncherActivity$_8298#0
02-12 08:57:48.172   917   917 D SurfaceFlinger:      DEVICE | 0xb40000730f33e890 | 0100 | RGBA_8888    |    0.0    0.0 1080.0 2316.0 |   79  169 1001 2147 | Splash Screen com.esg.idle.guild.tycoon$_1663#0
02-12 08:57:48.172   917   917 D SurfaceFlinger:      DEVICE | 0xb40000730f31a550 | 0100 | RGBA_8888    |    0.0    0.0 1080.0   75.0 |    0    0 1080   75 | StatusBar$_1663#0
02-12 08:57:48.172   917   917 D SurfaceFlinger:      DEVICE | 0xb40000730f349e90 | 0100 | RGBA_8888    |    0.0    0.0   67.0  342.0 | 1013 1004 1080 1346 | com.samsung.android.app.cocktailbars[...]arservice.CocktailBarService$_6296#0
02-12 08:57:48.172   917   917 D SurfaceFlinger:      DEVICE | 0xb40000730f33a450 | 0100 | RGBA_8888    |    0.0    0.0 1080.0  135.0 |    0 2181 1080 2316 | NavigationBar0$_1663#0
02-12 08:57:48.172   917   917 D SurfaceFlinger: 
02-12 08:57:48.173 13909 14087 I Finsky  : [10623] khu.apply(1150): AIM: Got app ownership map. App counts: . Unique apps: 0
02-12 08:57:48.173 30911 19595 I MDMAgentLogger: MDMIntentService Started for App Installation
02-12 08:57:48.175  3229 25763 E MediaProvider: Creating or writing to a non-default top level directory is not allowed!
02-12 08:57:48.177  3229  3139 E MediaProvider: Creating or writing to a non-default top level directory is not allowed!
02-12 08:57:48.180 30911 19595 I MDMAppMgmtLogger: App Install/Unistall/Update Notification received to Handler PackageName :com.esg.idle.guild.tycoon App Scope: device CurrentStatus 8
02-12 08:57:48.181  3229  3639 E MediaProvider: Creating or writing to a non-default top level directory is not allowed!
02-12 08:57:48.191  3229 13694 E MediaProvider: Creating or writing to a non-default top level directory is not allowed!
02-12 08:57:48.193 30911 19595 I MDMAppMgmtLogger: App UI not updated 0false
02-12 08:57:48.194  3229   541 E MediaProvider: Creating or writing to a non-default top level directory is not allowed!
02-12 08:57:48.196  3229  3644 E MediaProvider: Creating or writing to a non-default top level directory is not allowed!
02-12 08:57:48.204 19546 19546 D ActivityThread: handleBindApplication()++ app=com.esg.idle.guild.tycoon
02-12 08:57:48.204 19546 19546 D CompatibilityChangeReporter: Compat change id reported: 171979766; UID 13170; state: ENABLED
02-12 08:57:48.205  1244  3411 I GenerationRegistry: mBackingStore.isClosed() : false
02-12 08:57:48.208   926   963 I heimdall: alloc_group_info:83, com.esg.idle.guild.tycoon usage : 0
02-12 08:57:48.210 19546 19546 W ziparchive: Unable to open '/apex/com.android.extservices/javalib/android.ext.adservices.dm': No such file or directory
02-12 08:57:48.210 19546 19546 W ziparchive: Unable to open '/apex/com.android.extservices/javalib/android.ext.adservices.dm': No such file or directory
02-12 08:57:48.212 19546 19546 D nativeloader: Configuring clns-4 for other apk /apex/com.android.extservices/javalib/android.ext.adservices.jar. target_sdk_version=33, uses_libraries=ALL, library_path=/data/app/~~yZvxby4nzRmec-PvI45SCQ==/com.esg.idle.guild.tycoon-91EUcAXjmsSmgBMvGejR-g==/lib/arm64:/data/app/~~yZvxby4nzRmec-PvI45SCQ==/com.esg.idle.guild.tycoon-91EUcAXjmsSmgBMvGejR-g==/base.apk!/lib/arm64-v8a, permitted_path=/data:/mnt/expand:/data/user/0/com.esg.idle.guild.tycoon
02-12 08:57:48.212 19546 19546 D nativeloader: Extending system_exposed_libraries: libhumantracking.arcsoft.so:libPortraitDistortionCorrection.arcsoft.so:libPortraitDistortionCorrectionCali.arcsoft.so:libface_landmark.arcsoft.so:libFacialStickerEngine.arcsoft.so:libveengine.arcsoft.so:lib_pet_detection.arcsoft.so:libae_bracket_hdr.arcsoft.so:libhigh_res.arcsoft.so:libhybrid_high_dynamic_range.arcsoft.so:libimage_enhancement.arcsoft.so:liblow_light_hdr.arcsoft.so:libhigh_dynamic_range.arcsoft.so:libsuperresolution_raw.arcsoft.so:libuwsuperresolution.arcsoft.so:libFacialAttributeDetection.arcsoft.so:libBeauty_v4.camera.samsung.so:libexifa.camera.samsung.so:libjpega.camera.samsung.so:libOpenCv.camera.samsung.so:libVideoClassifier.camera.samsung.so:libtensorflowLite.dynamic_viewing.camera.samsung.so:libImageScreener.camera.samsung.so:libMyFilter.camera.samsung.so:libtflite2.myfilters.camera.samsung.so:libCandidSnapJNI.camera.samsung.so:libHIDTSnapJNI.camera.samsung.so:libSmartScan.camera.samsung.so:libRectify.camera.samsung.so:libDocRectifyWrapper.camera.sam
02-12 08:57:48.213 19546 19546 D nativeloader: InitApexLibraries:
02-12 08:57:48.213 19546 19546 D nativeloader:   com_android_appsearch: libicing.so
02-12 08:57:48.213 19546 19546 D nativeloader:   com_android_art: libartservice.so
02-12 08:57:48.213 19546 19546 D nativeloader:   com_android_conscrypt: libjavacrypto.so
02-12 08:57:48.213 19546 19546 D nativeloader:   com_android_extservices: libhpke_jni.so:libtflite_support_classifiers_native.so
02-12 08:57:48.213 19546 19546 D nativeloader:   com_android_os_statsd: libstats_jni.so
02-12 08:57:48.213 19546 19546 D nativeloader:   com_android_tethering: libandroid_net_connectivity_com_android_net_module_util_jni.so:libframework-connectivity-jni.so:libframework-connectivity-tiramisu-jni.so:libmainlinecronet.114.0.5735.84.so:libservice-connectivity.so
02-12 08:57:48.215 19546 19546 D nativeloader: Configuring clns-5 for other apk /data/app/~~yZvxby4nzRmec-PvI45SCQ==/com.esg.idle.guild.tycoon-91EUcAXjmsSmgBMvGejR-g==/base.apk. target_sdk_version=33, uses_libraries=, library_path=/data/app/~~yZvxby4nzRmec-PvI45SCQ==/com.esg.idle.guild.tycoon-91EUcAXjmsSmgBMvGejR-g==/lib/arm64:/data/app/~~yZvxby4nzRmec-PvI45SCQ==/com.esg.idle.guild.tycoon-91EUcAXjmsSmgBMvGejR-g==/base.apk!/lib/arm64-v8a, permitted_path=/data:/mnt/expand:/data/user/0/com.esg.idle.guild.tycoon
02-12 08:57:48.217   926   963 I heimdall: memcg_create:264, mkdir /dev/memcg/com.esg.idle.guild.tycoon done 343
02-12 08:57:48.217   926   963 I heimdall: memcg_create:270, immigrate set to 0 done.
02-12 08:57:48.220 13909 14087 I Finsky  : [10623] kjx.a(55): AIM: AppInfoManager-Perf > OnDeviceAppInfo > cacheHitCount=0, cacheMissCount=1. Missed  in cache (limit 10) : [com.esg.idle.guild.tycoon]
02-12 08:57:48.220 19546 19546 D LoadedApk: LoadedApk::makeApplication() appContext.mOpPackageName=com.esg.idle.guild.tycoon appContext.mBasePackageName=com.esg.idle.guild.tycoon
02-12 08:57:48.220 19546 19546 D NetworkSecurityConfig: Using Network Security Config from resource network_security_config debugBuild: false
02-12 08:57:48.221 19546 19546 D NetworkSecurityConfig: Using Network Security Config from resource network_security_config debugBuild: false
02-12 08:57:48.226 19510 19510 I ResourceOverlayService_0: handlePendingTask- packageName: None
02-12 08:57:48.226 19510 19510 I ResourceOverlayService_0: onStartCommand: Package added intent. Data = package:com.esg.idle.guild.tycoon
02-12 08:57:48.226 19510 19510 E ResourceOverlayService_0: requestPendingAction sending bundle Bundle[{added_package=com.esg.idle.guild.tycoon, pending_action=com.samsung.android.localeoverlaymanager.action.PACKAGE_ADDED}]
02-12 08:57:48.227 19510 19572 I LocaleOverlayManager_0: handleMessage false msg { when=0 what=1 obj=Bundle[{added_package=com.esg.idle.guild.tycoon, pending_action=com.samsung.android.localeoverlaymanager.action.PACKAGE_ADDED}] target=com.samsung.android.localeoverlaymanager.LocaleOverlayManager$OverlayHandler }
02-12 08:57:48.227 19510 19572 I LocaleOverlayManager_0: MESSAGE_PENDING_ACTION --com.samsung.android.localeoverlaymanager.action.PACKAGE_ADDED
02-12 08:57:48.227 19510 19572 I LocaleOverlayManager_0: handleMessage false msg { when=0 what=3 obj=Bundle[{added_package=com.esg.idle.guild.tycoon, pending_action=com.samsung.android.localeoverlaymanager.action.PACKAGE_ADDED}] target=com.samsung.android.localeoverlaymanager.LocaleOverlayManager$OverlayHandler }
02-12 08:57:48.227 19510 19572 I LocaleOverlayManager_0: handleMessage: MESSAGE_PARSE_SINGLE_PACKAGE. PackageName = [com.esg.idle.guild.tycoon]
02-12 08:57:48.227 19510 19572 I PreferenceUtils: getPreferences() called with: userId = [0], context: android.app.Application@340eb38
02-12 08:57:48.231 19546 19546 I SafeDK  : SafeDK Device ID: f8b4bab3-dc35-4e87-8ad1-27581d5e3e59
02-12 08:57:48.231 19546 19546 I SafeDK  : SafeDK version: 5.1.2
02-12 08:57:48.231 19510 19572 I LocaleOverlayManager_0: hasZippedOverlaysPackage: com.esg.idle.guild.tycoon -- false
02-12 08:57:48.231 19510 19572 I LocaleOverlayManager_0: Package is not supported for Locale Overlays: com.esg.idle.guild.tycoon
02-12 08:57:48.231 19510 19572 I LocaleOverlayManager_0: cleanLocaleOverlayForDisable: com.samsung.android.localeoverlaymanager.OverlayManager@6c4076, packageName : com.esg.idle.guild.tycoon
02-12 08:57:48.232 19546 19546 D AppLovinSdk: [AppLovinSdk] Java version 8 supported.
02-12 08:57:48.232 19546 19546 D AppLovinSdk: [AppLovinSdk] Attaching Activity lifecycle manager...
02-12 08:57:48.232 19510 19572 I OverlayManager: getLocaleOverlayInfosForTarget []
02-12 08:57:48.232 19510 19572 I LocaleOverlayManager_0: cleanLocaleOverlayForDisable() overlayPackages:[]
02-12 08:57:48.232 13909 14087 I Finsky  : [10623] khu.apply(1150): AIM: Got app ownership map. App counts: . Unique apps: 0
02-12 08:57:48.233 19510 19572 I LocaleOverlayManager_0: handleTaskComplete -- callers: com.samsung.android.localeoverlaymanager.LocaleOverlayManager.cleanLocaleOverlayForDisable:475 com.samsung.android.localeoverlaymanager.LocaleOverlayManager.access$700:36 
02-12 08:57:48.233 19510 19572 I PreferenceUtils: getPreferences() called with: userId = [0], context: android.app.Application@340eb38
02-12 08:57:48.234 19510 19572 I LocaleOverlayManager_0: callbackObserver. mCurrentObserver: null
02-12 08:57:48.238 19546 19546 I FirebaseApp: Device unlocked: initializing all Firebase APIs for app [DEFAULT]
02-12 08:57:48.243  1244  1306 D NetworkPolicy: onUidStateChanged() uid: 10075, isForeground(false, 11)
02-12 08:57:48.243  1244  1306 D NetworkPolicy: onUidStateChanged() uid: 13170, isForeground(true, 2)
02-12 08:57:48.243  1244  1306 D NetworkPolicy: onUidStateChanged() uid: 10071, isForeground(false, 10)
02-12 08:57:48.245  1244  1306 D SSRM:LoadDetectMonitor: PID = 19546, UID = 13170
02-12 08:57:48.247 19546 19546 I FirebaseCrashlytics: Initializing Firebase Crashlytics 18.3.7 for com.esg.idle.guild.tycoon
02-12 08:57:48.247  1244  1308 D EnterpriseDeviceManagerService: isMdmAdminPresentInternal() : MDM Admin Found - com.samsung.android.knox.containercore
02-12 08:57:48.247  1244  1308 I GameSDK@LifeCycle: noteResumeComponent(): package name  : com.esg.idle.guild.tycoon
02-12 08:57:48.250  1244  1308 D SGM:GameManager: identifyGamePackage. com.esg.idle.guild.tycoon, mCurrentUserId: 0, callerUserId: 0, callingMethodInfo: com.android.server.ssrm.fgapps.GameAppUtils.isGame(GameAppUtils.java:84)
02-12 08:57:48.250  1244  1308 D SGM:PkgDataHelper: getGamePkgData(). com.esg.idle.guild.tycoon
02-12 08:57:48.251  1244  1308 D SGM:GameManager: identifyGamePackage. com.esg.idle.guild.tycoon, mCurrentUserId: 0, callerUserId: 0, callingMethodInfo: com.android.server.ssrm.SortingMachine.isGame(SortingMachine.java:162)
02-12 08:57:48.251  1244  1308 D SGM:PkgDataHelper: getGamePkgData(). com.esg.idle.guild.tycoon
02-12 08:57:48.251 15853 15965 I Rubin   : [10618] LoggingEventHelper.notifyUpdatedWithValue(LoggingEventHelper.java:58) : Notify AppUsageLogger's database is updated.
02-12 08:57:48.252  1244  1308 D SGM:GameManager: noteResumeComponent(), received pkgName: com.esg.idle.guild.tycoon, userId: 0
02-12 08:57:48.252  1244  2992 I MediaSessionMonitor: Media session stopped : controllerList empty
02-12 08:57:48.252  1244  1467 D SGM:GameManager: onLooperPrepared(), msg: MSG_APP_RESUME, pkgName: com.esg.idle.guild.tycoon, userid: 0
02-12 08:57:48.252  1244  1467 D SGM:GameManager: handleResume().
02-12 08:57:48.252  1244  1467 D SGM:GameManager:   handleResume(). same package with Prev KILL_YOURSELF. ignore
02-12 08:57:48.252  1244  1308 D SGM:GameManager: identifyGamePackage. com.esg.idle.guild.tycoon, mCurrentUserId: 0, callerUserId: 0, callingMethodInfo: com.samsung.android.game.SemGameManager.isGamePackage(SemGameManager.java:104)
02-12 08:57:48.252  1244  1308 D SGM:PkgDataHelper: getGamePkgData(). com.esg.idle.guild.tycoon
02-12 08:57:48.252  1244  1308 D SGM:SemGameManager: isGamePackage(), pkgName=com.esg.idle.guild.tycoon, ret=false
02-12 08:57:48.255  1244  1244 I CocktailBarManagerServiceContainer: handleMessage: entry what = 5
02-12 08:57:48.257  6296  6296 I Utils   : HomePackage : com.sec.android.app.launcher, resumePackageName : com.esg.idle.guild.tycoon
02-12 08:57:48.261 19546 19609 D nativeloader: Configuring clns-6 for other apk /system/framework/org.apache.http.legacy.jar. target_sdk_version=34, uses_libraries=ALL, library_path=/data/app/~~Oy79Ej20ooXbBOwCmrh8lg==/com.google.android.gms-BDqjbQqL1l7ZoIbrUE8pUw==/lib/arm64:/data/app/~~Oy79Ej20ooXbBOwCmrh8lg==/com.google.android.gms-BDqjbQqL1l7ZoIbrUE8pUw==/base.apk!/lib/arm64-v8a, permitted_path=/data:/mnt/expand:/data/user/0/com.google.android.gms
02-12 08:57:48.261 19546 19609 D nativeloader: Extending system_exposed_libraries: libhumantracking.arcsoft.so:libPortraitDistortionCorrection.arcsoft.so:libPortraitDistortionCorrectionCali.arcsoft.so:libface_landmark.arcsoft.so:libFacialStickerEngine.arcsoft.so:libveengine.arcsoft.so:lib_pet_detection.arcsoft.so:libae_bracket_hdr.arcsoft.so:libhigh_res.arcsoft.so:libhybrid_high_dynamic_range.arcsoft.so:libimage_enhancement.arcsoft.so:liblow_light_hdr.arcsoft.so:libhigh_dynamic_range.arcsoft.so:libsuperresolution_raw.arcsoft.so:libuwsuperresolution.arcsoft.so:libFacialAttributeDetection.arcsoft.so:libBeauty_v4.camera.samsung.so:libexifa.camera.samsung.so:libjpega.camera.samsung.so:libOpenCv.camera.samsung.so:libVideoClassifier.camera.samsung.so:libtensorflowLite.dynamic_viewing.camera.samsung.so:libImageScreener.camera.samsung.so:libMyFilter.camera.samsung.so:libtflite2.myfilters.camera.samsung.so:libCandidSnapJNI.camera.samsung.so:libHIDTSnapJNI.camera.samsung.so:libSmartScan.camera.samsung.so:libRectify.camera.samsung.so:libDocRectifyWrapper.camera.sam
02-12 08:57:48.262 11903 11903 I Routine@Core[3.5.01.31]: MetadataLoaderJobService: onCreate
02-12 08:57:48.262 11903 11903 I Routine@Core[3.5.01.31]: Pref: putSharedPrefsData() key=pref_metaloader_loading
02-12 08:57:48.263  1244  3339 I AppOps  : updateUidProcState uid: 10244 procState: 3 capability:14
02-12 08:57:48.264  1244  3882 I GenerationRegistry: mBackingStore.isClosed() : false
02-12 08:57:48.264   803   813 E statsd  : Predicate 7729334320784921827 dropping data for dimension key (27)0x10000->10244[I] 
02-12 08:57:48.265 19546 19609 D nativeloader: Configuring clns-7 for other apk /system/framework/com.android.media.remotedisplay.jar. target_sdk_version=34, uses_libraries=ALL, library_path=/data/app/~~Oy79Ej20ooXbBOwCmrh8lg==/com.google.android.gms-BDqjbQqL1l7ZoIbrUE8pUw==/lib/arm64:/data/app/~~Oy79Ej20ooXbBOwCmrh8lg==/com.google.android.gms-BDqjbQqL1l7ZoIbrUE8pUw==/base.apk!/lib/arm64-v8a, permitted_path=/data:/mnt/expand:/data/user/0/com.google.android.gms
02-12 08:57:48.265 19546 19609 D nativeloader: Extending system_exposed_libraries: libhumantracking.arcsoft.so:libPortraitDistortionCorrection.arcsoft.so:libPortraitDistortionCorrectionCali.arcsoft.so:libface_landmark.arcsoft.so:libFacialStickerEngine.arcsoft.so:libveengine.arcsoft.so:lib_pet_detection.arcsoft.so:libae_bracket_hdr.arcsoft.so:libhigh_res.arcsoft.so:libhybrid_high_dynamic_range.arcsoft.so:libimage_enhancement.arcsoft.so:liblow_light_hdr.arcsoft.so:libhigh_dynamic_range.arcsoft.so:libsuperresolution_raw.arcsoft.so:libuwsuperresolution.arcsoft.so:libFacialAttributeDetection.arcsoft.so:libBeauty_v4.camera.samsung.so:libexifa.camera.samsung.so:libjpega.camera.samsung.so:libOpenCv.camera.samsung.so:libVideoClassifier.camera.samsung.so:libtensorflowLite.dynamic_viewing.camera.samsung.so:libImageScreener.camera.samsung.so:libMyFilter.camera.samsung.so:libtflite2.myfilters.camera.samsung.so:libCandidSnapJNI.camera.samsung.so:libHIDTSnapJNI.camera.samsung.so:libSmartScan.camera.samsung.so:libRectify.camera.samsung.so:libDocRectifyWrapper.camera.sam
02-12 08:57:48.265 19510 19572 I ResourceOverlayService_0: waitAndQuit called
02-12 08:57:48.270 19546 19546 I FirebaseInitProvider: FirebaseApp initialization successful
02-12 08:57:48.278 11903 11903 I Routine@Core[3.5.01.31]: RoutineService: onDestroy
02-12 08:57:48.279 11903 11903 I Routine@Core[3.5.01.31]: MetadataLoaderJobService: onStartJob: collectPackageInBG - com.esg.idle.guild.tycoon
02-12 08:57:48.282 19510 19510 I ResourceOverlayService_0: onDestroy 
