02-12 08:57:48.282 19510 19510 I ResourceOverlayService_0: setProcessForeground: false
02-12 08:57:48.283 30911 19595 I MDMAgentLogger: Wake lock Released ID::0
02-12 08:57:48.284 11903 11903 I Routine@Core[3.5.01.31]: MetadataSyncHistory: latest : 3.5.01.31, currentVersion : 3.5.01.31
02-12 08:57:48.286 19546 19546 D WM-WrkMgrInitializer: Initializing WorkManager with default configuration.
02-12 08:57:48.287 19546 19609 D nativeloader: Configuring clns-8 for other apk /system/framework/com.android.location.provider.jar. target_sdk_version=34, uses_libraries=ALL, library_path=/data/app/~~Oy79Ej20ooXbBOwCmrh8lg==/com.google.android.gms-BDqjbQqL1l7ZoIbrUE8pUw==/lib/arm64:/data/app/~~Oy79Ej20ooXbBOwCmrh8lg==/com.google.android.gms-BDqjbQqL1l7ZoIbrUE8pUw==/base.apk!/lib/arm64-v8a, permitted_path=/data:/mnt/expand:/data/user/0/com.google.android.gms
02-12 08:57:48.287 19546 19609 D nativeloader: Extending system_exposed_libraries: libhumantracking.arcsoft.so:libPortraitDistortionCorrection.arcsoft.so:libPortraitDistortionCorrectionCali.arcsoft.so:libface_landmark.arcsoft.so:libFacialStickerEngine.arcsoft.so:libveengine.arcsoft.so:lib_pet_detection.arcsoft.so:libae_bracket_hdr.arcsoft.so:libhigh_res.arcsoft.so:libhybrid_high_dynamic_range.arcsoft.so:libimage_enhancement.arcsoft.so:liblow_light_hdr.arcsoft.so:libhigh_dynamic_range.arcsoft.so:libsuperresolution_raw.arcsoft.so:libuwsuperresolution.arcsoft.so:libFacialAttributeDetection.arcsoft.so:libBeauty_v4.camera.samsung.so:libexifa.camera.samsung.so:libjpega.camera.samsung.so:libOpenCv.camera.samsung.so:libVideoClassifier.camera.samsung.so:libtensorflowLite.dynamic_viewing.camera.samsung.so:libImageScreener.camera.samsung.so:libMyFilter.camera.samsung.so:libtflite2.myfilters.camera.samsung.so:libCandidSnapJNI.camera.samsung.so:libHIDTSnapJNI.camera.samsung.so:libSmartScan.camera.samsung.so:libRectify.camera.samsung.so:libDocRectifyWrapper.camera.sam
02-12 08:57:48.287  1244  1319 D ApplicationPolicy: isStatusBarNotificationAllowedAsUser: packageName = com.manageengine.mdm.android,userId = 0
02-12 08:57:48.287  1244  1319 D ApplicationPolicy: isStatusBarNotificationAllowedAsUser: packageName = com.manageengine.mdm.android,userId = 0
02-12 08:57:48.287   618   618 D io_stats: !@   8,0 r 103664546 4149861621 w 74641814 784373392 d 19475681 932833132 f 0 10085131 iot 89479264 0 th 0 0 0 pt 0 inp 0 1 4715011.119
02-12 08:57:48.287  1244  1352 E VerityUtils: Failed to measure fs-verity, errno 1: /data/app/~~yZvxby4nzRmec-PvI45SCQ==/com.esg.idle.guild.tycoon-91EUcAXjmsSmgBMvGejR-g==/base.apk
02-12 08:57:48.287  3229 18307 E MediaProvider: Creating or writing to a non-default top level directory is not allowed!
02-12 08:57:48.288   618   618 D io_stats: !@ Read_top(KB): system_server(1244) 7348 dex2oat(19492) 2188 id.app.routines(11903) 1920
02-12 08:57:48.288   618   618 D io_stats: !@ Write_top(KB): kworker/u16:2(3859) 153704 kworker/u16:3(6405) 129800 kworker/u16:6(4869) 39556
02-12 08:57:48.288 19510 19572 I ResourceOverlayService_0: Stopself..
02-12 08:57:48.290 11903 11903 I Routine@Core[3.5.01.31]: MetadataSyncHistory: latest : 3.5.01.31, currentVersion : 3.5.01.31
02-12 08:57:48.290 11903 11903 I Routine@Core[3.5.01.31]: MetadataLoaderJobService: packageName : com.esg.idle.guild.tycoon, forced : true
02-12 08:57:48.291 19546 19609 D nativeloader: Configuring clns-9 for other apk /system/system_ext/framework/org.carconnectivity.android.digitalkey.secureelement.jar. target_sdk_version=34, uses_libraries=ALL, library_path=/data/app/~~Oy79Ej20ooXbBOwCmrh8lg==/com.google.android.gms-BDqjbQqL1l7ZoIbrUE8pUw==/lib/arm64:/data/app/~~Oy79Ej20ooXbBOwCmrh8lg==/com.google.android.gms-BDqjbQqL1l7ZoIbrUE8pUw==/base.apk!/lib/arm64-v8a, permitted_path=/data:/mnt/expand:/data/user/0/com.google.android.gms
02-12 08:57:48.291 19546 19609 D nativeloader: Extending system_exposed_libraries: libhumantracking.arcsoft.so:libPortraitDistortionCorrection.arcsoft.so:libPortraitDistortionCorrectionCali.arcsoft.so:libface_landmark.arcsoft.so:libFacialStickerEngine.arcsoft.so:libveengine.arcsoft.so:lib_pet_detection.arcsoft.so:libae_bracket_hdr.arcsoft.so:libhigh_res.arcsoft.so:libhybrid_high_dynamic_range.arcsoft.so:libimage_enhancement.arcsoft.so:liblow_light_hdr.arcsoft.so:libhigh_dynamic_range.arcsoft.so:libsuperresolution_raw.arcsoft.so:libuwsuperresolution.arcsoft.so:libFacialAttributeDetection.arcsoft.so:libBeauty_v4.camera.samsung.so:libexifa.camera.samsung.so:libjpega.camera.samsung.so:libOpenCv.camera.samsung.so:libVideoClassifier.camera.samsung.so:libtensorflowLite.dynamic_viewing.camera.samsung.so:libImageScreener.camera.samsung.so:libMyFilter.camera.samsung.so:libtflite2.myfilters.camera.samsung.so:libCandidSnapJNI.camera.samsung.so:libHIDTSnapJNI.camera.samsung.so:libSmartScan.camera.samsung.so:libRectify.camera.samsung.so:libDocRectifyWrapper.camera.sam
02-12 08:57:48.292 18188 19581 W GCM     : Unexpected forwarded intent: Intent { act=android.intent.action.PACKAGE_ADDED dat=package:com.esg.idle.guild.tycoon flg=0x4000010 pkg=com.google.android.gms cmp=com.google.android.gms/.chimera.PersistentIntentOperationService (has extras) }
02-12 08:57:48.293 19546 19611 W ziparchive: Unable to open '/data/user_de/0/com.google.android.gms/app_chimera/m/00000002/DynamiteLoader.dm': No such file or directory
02-12 08:57:48.293 19546 19611 W ziparchive: Unable to open '/data/user_de/0/com.google.android.gms/app_chimera/m/00000002/DynamiteLoader.dm': No such file or directory
02-12 08:57:48.293 18188 19596 W GCM     : Unexpected forwarded intent: Intent { act=android.intent.action.PACKAGE_ADDED dat=package:com.esg.idle.guild.tycoon flg=0x4000010 pkg=com.google.android.gms cmp=com.google.android.gms/.chimera.PersistentIntentOperationService (has extras) }
02-12 08:57:48.294  1244  2754 W NetlinkSocket: maximum read
02-12 08:57:48.295 19510 19510 I LocaleOverlayManager_0: quit() called
02-12 08:57:48.295 19510 19510 I LocaleOverlayManager_0: quit() called no pending messages to remove 
02-12 08:57:48.295 19546 19611 I DynamiteModule: Considering local module com.google.android.gms.measurement.dynamite:92 and remote module com.google.android.gms.measurement.dynamite:97
02-12 08:57:48.295 19546 19611 I DynamiteModule: Selected remote version of com.google.android.gms.measurement.dynamite, version >= 97
02-12 08:57:48.296  1244  2075 D SEP_UNION_SemDeviceInfoManagerService: unregisterPendingIntentForUriAsUser() uri = content://settings/global/device_provisioned, userId = 0 
02-12 08:57:48.297 19546 19609 D nativeloader: Configuring clns-10 for other apk /system/framework/samsung.uwb.jar. target_sdk_version=34, uses_libraries=ALL, library_path=/data/app/~~Oy79Ej20ooXbBOwCmrh8lg==/com.google.android.gms-BDqjbQqL1l7ZoIbrUE8pUw==/lib/arm64:/data/app/~~Oy79Ej20ooXbBOwCmrh8lg==/com.google.android.gms-BDqjbQqL1l7ZoIbrUE8pUw==/base.apk!/lib/arm64-v8a, permitted_path=/data:/mnt/expand:/data/user/0/com.google.android.gms
02-12 08:57:48.297 19546 19609 D nativeloader: Extending system_exposed_libraries: libhumantracking.arcsoft.so:libPortraitDistortionCorrection.arcsoft.so:libPortraitDistortionCorrectionCali.arcsoft.so:libface_landmark.arcsoft.so:libFacialStickerEngine.arcsoft.so:libveengine.arcsoft.so:lib_pet_detection.arcsoft.so:libae_bracket_hdr.arcsoft.so:libhigh_res.arcsoft.so:libhybrid_high_dynamic_range.arcsoft.so:libimage_enhancement.arcsoft.so:liblow_light_hdr.arcsoft.so:libhigh_dynamic_range.arcsoft.so:libsuperresolution_raw.arcsoft.so:libuwsuperresolution.arcsoft.so:libFacialAttributeDetection.arcsoft.so:libBeauty_v4.camera.samsung.so:libexifa.camera.samsung.so:libjpega.camera.samsung.so:libOpenCv.camera.samsung.so:libVideoClassifier.camera.samsung.so:libtensorflowLite.dynamic_viewing.camera.samsung.so:libImageScreener.camera.samsung.so:libMyFilter.camera.samsung.so:libtflite2.myfilters.camera.samsung.so:libCandidSnapJNI.camera.samsung.so:libHIDTSnapJNI.camera.samsung.so:libSmartScan.camera.samsung.so:libRectify.camera.samsung.so:libDocRectifyWrapper.camera.sam
02-12 08:57:48.299  3229  3638 E MediaProvider: Creating or writing to a non-default top level directory is not allowed!
02-12 08:57:48.299  1244  3339 D PackageManager: setEnabledSetting : userId = 0 packageName = com.esg.idle.guild.tycoon cmp = androidx.work.impl.background.systemjob.SystemJobService newState = 1 callingPackage = 13170/com.esg.idle.guild.tycoon
02-12 08:57:48.303  1244  1529 I GenerationRegistry: mBackingStore.isClosed() : false
02-12 08:57:48.308   803   813 E statsd  : Predicate 7729334320784921827 dropping data for dimension key (27)0x10000->10316[I] 
02-12 08:57:48.311 16051 19579 I Auth    : [SupervisedAccountIntentOperation] onHandleIntent(): android.intent.action.PACKAGE_ADDED
02-12 08:57:48.313 16051 19579 I Blockstore: (REDACTED) [DataStoreImpl] Clearing Blockstore Data for package %s
02-12 08:57:48.314 16051 19579 I Blockstore: [DataStoreImpl] Keyless data not found or its IsLastInstallationData = false. [CONTEXT service_id=258 ]
02-12 08:57:48.315 16051 19648 I Dck     : (REDACTED) updateHasCarKeyDownloadCondition: %s, disableDckSupport: %s
02-12 08:57:48.315 16051 19648 I Dck     : (REDACTED) doesDeviceHaveSupportedWirelessCapabilities: wccSysProp:%d, wccMendel:%d, deviceWccOverride:%s
02-12 08:57:48.315 16051 19648 I Dck     : (REDACTED) isDckModuleEligible: isAtLeastR:%s, hasWccSupport:%s, downloadAllowed:%s
02-12 08:57:48.317 19546 19609 D nativeloader: Configuring clns-11 for other apk /data/app/~~Oy79Ej20ooXbBOwCmrh8lg==/com.google.android.gms-BDqjbQqL1l7ZoIbrUE8pUw==/base.apk. target_sdk_version=34, uses_libraries=, library_path=/data/app/~~Oy79Ej20ooXbBOwCmrh8lg==/com.google.android.gms-BDqjbQqL1l7ZoIbrUE8pUw==/lib/arm64:/data/app/~~Oy79Ej20ooXbBOwCmrh8lg==/com.google.android.gms-BDqjbQqL1l7ZoIbrUE8pUw==/base.apk!/lib/arm64-v8a, permitted_path=/data:/mnt/expand:/data/user/0/com.google.android.gms
02-12 08:57:48.317 16051 19648 I Dck     : No automatic loader conditions were satisfied [CONTEXT service_id=289 ]
02-12 08:57:48.319 16051 16051 D BoundBrokerSvc: onBind: Intent { act=com.google.android.gms.common.BIND_SHARED_PREFS pkg=com.google.android.gms }
02-12 08:57:48.319 16051 16051 D BoundBrokerSvc: Loading bound service for intent: Intent { act=com.google.android.gms.common.BIND_SHARED_PREFS pkg=com.google.android.gms }
02-12 08:57:48.319  1244  1357 D PackageSettings: ++ writeStateForUserSyncLPr(0)
02-12 08:57:48.323 19549 19549 D ActivityThread: handleBindApplication()++ app=com.samsung.android.app.galaxyfinder:appservice
02-12 08:57:48.324 19549 19549 D CompatibilityChangeReporter: Compat change id reported: 171979766; UID 10071; state: DISABLED
02-12 08:57:48.324   926   963 I heimdall: memcg_create:307, register global_limiti_kill 793 for com.esg.idle.guild.tycoon node 1 size 4294967296
02-12 08:57:48.325 19580 19580 D ActivityThread: handleBindApplication()++ app=com.google.android.packageinstaller
02-12 08:57:48.325 19580 19580 D CompatibilityChangeReporter: Compat change id reported: 171979766; UID 10075; state: ENABLED
02-12 08:57:48.338   926   963 I heimdall: insert_task_to_group:64, insert tgid 19546 to group com.esg.idle.guild.tycoon, ret = 0
02-12 08:57:48.344   926   963 I heimdall: insert_task_to_group:64, insert tgid 19580 to group com.google.android.packageinstaller, ret = 0
02-12 08:57:48.365 19546 19609 I DynamiteModule: Considering local module com.google.android.gms.ads.dynamite:0 and remote module com.google.android.gms.ads.dynamite:234310602
02-12 08:57:48.365 19546 19609 I DynamiteModule: Selected remote version of com.google.android.gms.ads.dynamite, version >= 234310602
02-12 08:57:48.376  1244  1716 D MdnieScenarioControlService:  packageName : com.esg.idle.guild.tycoon    className : com.unity3d.player.UnityPlayerActivity
02-12 08:57:48.380  1244  1316 I AccessibilityServiceInfo: took more than 100ms mComponentName : ComponentInfo{com.google.android.apps.accessibility.voiceaccess/com.google.android.apps.accessibility.voiceaccess.JustSpeakService}, elapsedTime : 138
02-12 08:57:48.381 19580 19580 D nativeloader: Configuring clns-shared-4 for other apk /system/priv-app/GooglePackageInstaller/GooglePackageInstaller.apk. target_sdk_version=31, uses_libraries=, library_path=/system/priv-app/GooglePackageInstaller/lib/arm64:/system/lib64:/system/system_ext/lib64, permitted_path=/data:/mnt/expand:/data/user_de/0/com.google.android.packageinstaller:/system/priv-app/GooglePackageInstaller:/system/lib64:/system/system_ext/lib64
02-12 08:57:48.383 19546 19641 D CompatibilityChangeReporter: Compat change id reported: 160794467; UID 13170; state: ENABLED
02-12 08:57:48.395  1244  1307 D SettingsProvider: isChangeAllowed() : name = enabled_notification_listeners
02-12 08:57:48.400  1244  1357 W PackageSettings: -- writeStateForUserSyncLPr(0)
02-12 08:57:48.407 19546 19674 W com.facebook.internal.NativeProtocol: Apps that target Android API 30+ (Android 11+) cannot call Facebook native apps unless the package visibility needs are declared. Please follow https://developers.facebook.com/docs/android/troubleshooting/#faq_267321845055988 to make the declaration.
02-12 08:57:48.407 19546 19646 D FBAudienceNetwork: SDK dex loading time: 98
02-12 08:57:48.413 19546 19546 D ActivityThread: handleBindApplication() --
02-12 08:57:48.425  1244  5076 I GenerationRegistry: mBackingStore.isClosed() : false
02-12 08:57:48.443 19549 19682 I RunestoneUtils: currentRubinState : ACCOUNT_NOT_SIGNED_IN, isEnabledInSupportedApps : false
02-12 08:57:48.446 19546 19611 W System  : ClassLoader referenced unknown path: 
02-12 08:57:48.446 19546 19611 D nativeloader: Configuring clns-12 for other apk . target_sdk_version=34, uses_libraries=, library_path=/data/app/~~Oy79Ej20ooXbBOwCmrh8lg==/com.google.android.gms-BDqjbQqL1l7ZoIbrUE8pUw==/lib/arm64:/data/app/~~Oy79Ej20ooXbBOwCmrh8lg==/com.google.android.gms-BDqjbQqL1l7ZoIbrUE8pUw==/base.apk!/lib/arm64-v8a, permitted_path=/data:/mnt/expand:/data/user/0/com.google.android.gms
02-12 08:57:48.448 16051 16051 D BoundBrokerSvc: onUnbind: Intent { act=com.google.android.gms.common.BIND_SHARED_PREFS pkg=com.google.android.gms }
02-12 08:57:48.449 18837 18884 D AppListCacheIndexingManager: insertPackage() success
02-12 08:57:48.450 19546 19609 W ziparchive: Unable to open '/data/user_de/0/com.google.android.gms/app_chimera/m/00000009/dl-AdsFdrDynamite.integ_234310602100000.dm': No such file or directory
02-12 08:57:48.450 19546 19609 W ziparchive: Unable to open '/data/user_de/0/com.google.android.gms/app_chimera/m/00000009/dl-AdsFdrDynamite.integ_234310602100000.dm': No such file or directory
02-12 08:57:48.452  8298  8941 I ExternalMethodFactory: get_home_mode
02-12 08:57:48.458   917   917 D SurfaceFlinger: GPIS:: requestGPIS
02-12 08:57:48.463 16051 16159 I Icing   : Indexing com.google.android.gms-apps from com.google.android.gms
02-12 08:57:48.465 19546 19611 W ziparchive: Unable to open '/data/user_de/0/com.google.android.gms/app_chimera/m/00000007/MeasurementDynamite.dm': No such file or directory
02-12 08:57:48.465 19546 19611 W ziparchive: Unable to open '/data/user_de/0/com.google.android.gms/app_chimera/m/00000007/MeasurementDynamite.dm': No such file or directory
02-12 08:57:48.468  1244  1566 D SemNscXgbMsL1: Probability - Cloud gaming: [0.0062019243]
02-12 08:57:48.468  1244  1566 D SemNscXgbMsL1: Probability - Real time: [0.9448963]
02-12 08:57:48.468  1244  1566 D SemNscXgbMsL1: Probability - Non real time: [0.02637757]
02-12 08:57:48.468  1244  1566 D SemNscXgbMsL1: 1 sample inference time: 0.202969 msecs
02-12 08:57:48.468  1244  1566 D SemNscXgbL2Rt: L2 RT 1 sample inference time: 0.475468 msecs
02-12 08:57:48.470  1244  1566 D SemNscXgbL2Nrt: L2 NRT 1 sample inference time: 1.19039 msecs
02-12 08:57:48.471 11903 19698 I Routine@Core[3.5.01.31]: MetadataLoadManager: collect: com.esg.idle.guild.tycoon
02-12 08:57:48.471 11903 19698 I Routine@Core[3.5.01.31]: MetadataLoadManager: collectWithCollectors - com.esg.idle.guild.tycoon
02-12 08:57:48.479 19580 19580 D LoadedApk: LoadedApk::makeApplication() appContext.mOpPackageName=com.google.android.packageinstaller appContext.mBasePackageName=com.google.android.packageinstaller
02-12 08:57:48.479 19580 19580 D NetworkSecurityConfig: No Network Security Config specified, using platform default
02-12 08:57:48.485 19580 19580 D NetworkSecurityConfig: No Network Security Config specified, using platform default
02-12 08:57:48.488 13909 14087 I Finsky  : [10623] kju.a(206): AIM: AppInfoManager-Perf > ItemModel > CacheSize=51, cacheHitCount=0, cacheMissCount=0, total appsWithNoServerDataCount=7. Missed  in cache (limit 10) : []
02-12 08:57:48.493  1244  1244 I NotificationService: Cannot find enqueued record for key: 0|com.manageengine.mdm.android|1|null|10316
02-12 08:57:48.496  1244  1309 I WindowManager: Reparenting to original parent: Surface(name=DefaultTaskDisplayArea)/@0x9898884, destroy=true, surface=Surface(name=Task=1)/@0x4b7574
02-12 08:57:48.499  8298  8298 I ViewRootImpl@e7d2bca[LauncherActivity]: handleAppVisibility mAppVisible=true visible=false
02-12 08:57:48.502  1244  1309 I WindowManager: Reparenting to original parent: Surface(name=DefaultTaskDisplayArea)/@0x9898884, destroy=true, surface=Surface(name=Task=10581)/@0x796453b
02-12 08:57:48.504  1663  1959 D WallpaperService: dispatchAppVisibility onVisibilityChanged(): false
02-12 08:57:48.506 11903 19698 I Routine@Core[3.5.01.31]: CommandSdkMetadataCollector: collectCondition rawItems=0
02-12 08:57:48.509 16051 16159 I Icing   : Indexing done com.google.android.gms-apps
02-12 08:57:48.511   917   917 I Layer   : id=152064 removeFromCurrentState Surface(name=Task=1)/@0x4b7574 - animation-leash of app_transition#0 (617)
02-12 08:57:48.511   917   917 I Layer   : id=152065 removeFromCurrentState Surface(name=Task=10581)/@0x796453b - animation-leash of app_transition#0 (617)
02-12 08:57:48.512 11903 19698 I Routine@Core[3.5.01.31]: CommandSdkMetadataCollector: collectAction rawItems=0
02-12 08:57:48.512   917   917 I SurfaceFlinger: id=152065 Removed Surface(name=Task=10581)/@0x796453b - animation-leash of app_transition#0 (617)
02-12 08:57:48.512   917   917 I SurfaceFlinger: id=152064 Removed Surface(name=Task=1)/@0x4b7574 - animation-leash of app_transition#0 (617)
02-12 08:57:48.512   917   917 I Layer   : id=152064 Destroyed Surface(name=Task=1)/@0x4b7574 - animation-leash of app_transition#0
02-12 08:57:48.512   917   917 I Layer   : id=152065 Destroyed Surface(name=Task=10581)/@0x796453b - animation-leash of app_transition#0
02-12 08:57:48.514  8298  8298 I ViewRootImpl@e7d2bca[LauncherActivity]: Relayout returned: old=(0,0,1080,2316) new=(0,0,1080,2316) req=(1080,2316)8 dur=4 res=0x5 s={false 0} ch=true fn=1048
02-12 08:57:48.518  1244  3882 I GenerationRegistry: mBackingStore.isClosed() : false
02-12 08:57:48.523   917   917 D SurfaceFlinger: Display 4633128672291735999 HWC layers:
02-12 08:57:48.523   917   917 D SurfaceFlinger:      DEVICE | 0xb40000730f33e890 | 0100 | RGBA_8888    |    0.0    0.0 1080.0 2316.0 |    0    0 1080 2316 | Splash Screen com.esg.idle.guild.tycoon$_1663#0
02-12 08:57:48.523   917   917 D SurfaceFlinger:      DEVICE | 0xb40000730f31a550 | 0100 | RGBA_8888    |    0.0    0.0 1080.0   75.0 |    0    0 1080   75 | StatusBar$_1663#0
02-12 08:57:48.523   917   917 D SurfaceFlinger:      DEVICE | 0xb40000730f349e90 | 0100 | RGBA_8888    |    0.0    0.0   67.0  342.0 | 1013 1004 1080 1346 | com.samsung.android.app.cocktailbars[...]arservice.CocktailBarService$_6296#0
02-12 08:57:48.523   917   917 D SurfaceFlinger:      DEVICE | 0xb40000730f33a450 | 0100 | RGBA_8888    |    0.0    0.0 1080.0  135.0 |    0 2181 1080 2316 | NavigationBar0$_1663#0
02-12 08:57:48.523   917   917 D SurfaceFlinger: 
02-12 08:57:48.525 18378 18609 I org.webrtc.Logging: SurfaceTextureHelper: A frame is already pending, dropping frame.
02-12 08:57:48.532 13909 14063 I Finsky  : [10616] kju.a(206): AIM: AppInfoManager-Perf > ItemModel > CacheSize=51, cacheHitCount=0, cacheMissCount=0, total appsWithNoServerDataCount=7. Missed  in cache (limit 10) : []
02-12 08:57:48.543 19580 19580 D ActivityThread: handleBindApplication() --
02-12 08:57:48.547 11903 19698 E Routine@Core[3.5.01.31]: ContentSetter: deleteRoutines: id=[]
02-12 08:57:48.550  1244  3882 I GenerationRegistry: mBackingStore.isClosed() : false
02-12 08:57:48.553 19546 19704 I FA      : App measurement initialized, version: 82041
02-12 08:57:48.553 19546 19704 I FA      : To enable debug logging run: adb shell setprop log.tag.FA VERBOSE
02-12 08:57:48.553 19546 19704 I FA      : To enable faster debug mode event logging run:
02-12 08:57:48.553 19546 19704 I FA      :   adb shell setprop debug.firebase.analytics.app com.esg.idle.guild.tycoon
02-12 08:57:48.554   803   813 E statsd  : Predicate 7729334320784921827 dropping data for dimension key (27)0x10000->10075[I] 
02-12 08:57:48.555   803   813 E statsd  : Predicate 7729334320784921827 dropping data for dimension key (27)0x10000->5012[I] 
02-12 08:57:48.557  6296  6296 I Utils   : isCurrentUser current = 0, ownerId = 0
02-12 08:57:48.557  6296  6296 I TrayVisibilityController: getComputedTrayVisible : keyguardState = 1
02-12 08:57:48.557  6296  6296 I TrayVisibilityController: updateTrayVisible: State=1 visible=1 mCurrentVisible=1 specificMode=0
02-12 08:57:48.557  6296  6296 I TrayStateController: onNotifyUpdateTray: state=0
02-12 08:57:48.577 11903 19698 E Routine@Core[3.5.01.31]: ContentSetter: deleteRoutines: id=[]
02-12 08:57:48.577 11903 19698 I Routine@Core[3.5.01.31]: ConflictItemConverter: convertConflictActions - 0
02-12 08:57:48.578 11903 19698 I Routine@Core[3.5.01.31]: Pref: removeSharedPrefsData() key=meta_loading_target_package_name
02-12 08:57:48.578  1244  3882 W BroadcastQueue: Background execution not allowed: receiving Intent { act=com.microsoft.mmx.intent.action.UPDATE_POLICY flg=0x30 } to com.microsoft.appmanager/com.microsoft.mmx.continuity.receiver.PolicyReceiver
02-12 08:57:48.580   803   813 E statsd  : Predicate 7729334320784921827 dropping data for dimension key (27)0x10000->5012[I] 
02-12 08:57:48.584 19434 19434 I FILP/PackageIntentReceiver: action : com.samsung.android.provider.filterprovider.INTENT_PACKAGE_ADDED
02-12 08:57:48.584 19434 19434 I FILP/PackageIntentReceiver: pkgName : com.esg.idle.guild.tycoon
02-12 08:57:48.584 19434 19434 E FILP/PackageIntentReceiver: This package is not a effect filter
02-12 08:57:48.595  1244  5076 I GenerationRegistry: mBackingStore.isClosed() : false
02-12 08:57:48.597  1244  3882 D BaseRestrictionMgr: Package: com.sec.android.app.sbrowser, userid: 0, hostingType: broadcast is allowed by freecess, caller is: null
02-12 08:57:48.598  8298  8941 I ExternalMethodFactory: get_home_mode
02-12 08:57:48.599   803   813 E statsd  : Predicate 7729334320784921827 dropping data for dimension key (27)0x10000->10317[I] 
02-12 08:57:48.609  1244  3882 I ActivityManager: Changes in 10244 3 to 3, 14 to 15
02-12 08:57:48.609  1244  3882 I AppOps  : updateUidProcState uid: 10244 procState: 3 capability:15
02-12 08:57:48.609  1244  1306 D NetworkPolicy: onUidStateChanged() uid: 10244, isForeground(true, 3)
02-12 08:57:48.609   803   813 E statsd  : Predicate 7729334320784921827 dropping data for dimension key (27)0x10000->10244[I] 
02-12 08:57:48.610 16051 16051 D BoundBrokerSvc: onBind: Intent { act=com.google.android.gms.measurement.START pkg=com.google.android.gms }
02-12 08:57:48.610 16051 16051 D BoundBrokerSvc: Loading bound service for intent: Intent { act=com.google.android.gms.measurement.START pkg=com.google.android.gms }
02-12 08:57:48.610  9835  9835 E SixBlocklistData: isBlockedByBlocklist: no blocklist was stored
02-12 08:57:48.612 13909 14087 I Finsky  : [10623] jma.accept(156): AIM: AppInfoManager-Perf > getApps > data collection finished
02-12 08:57:48.612 13909 14087 I Finsky  : [10623] jfv.run(40): AIM: AppInfoManager-Perf > maybeDestroyAppInfoManager is called. actives = 1
02-12 08:57:48.614 19546 19704 I FA      : Tag Manager is not found and thus will not be used
02-12 08:57:48.616  9835  9835 E SixPackageReceiver: isSixAppToHandle - No apps were retrieved!
02-12 08:57:48.623  9835  9835 I ContentBlock.Receiver: onReceive is called
02-12 08:57:48.630  9835  9835 I ContentBlock.Receiver: onReceive is finished
02-12 08:57:48.632   803   813 E statsd  : Predicate 7729334320784921827 dropping data for dimension key (27)0x10000->10317[I] 
02-12 08:57:48.635  8084  8084 I GsaVoiceInteractionSrv: Handling ACTION_STOP_HOTWORD
02-12 08:57:48.645 11903 11903 I Routine@Core[3.5.01.31]: Pref: putSharedPrefsData() key=routine_meta_data_loading_statue
02-12 08:57:48.646 11903 11903 I Routine@Core[3.5.01.31]: NotificationUpdateServiceUtils: requestUpdateNotification
02-12 08:57:48.647  1244  3886 D CompatibilityChangeReporter: Compat change id reported: 135634846; UID 10041; state: DISABLED
02-12 08:57:48.647  1244  3886 D CompatibilityChangeReporter: Compat change id reported: 177438394; UID 10041; state: DISABLED
02-12 08:57:48.647  1244  3886 D CompatibilityChangeReporter: Compat change id reported: 135772972; UID 10041; state: DISABLED
02-12 08:57:48.647  1244  3886 D CompatibilityChangeReporter: Compat change id reported: 135754954; UID 10041; state: ENABLED
02-12 08:57:48.647  1244  1320 D CompatibilityChangeReporter: Compat change id reported: 143937733; UID 10041; state: ENABLED
02-12 08:57:48.648 11903 11903 I Routine@Core[3.5.01.31]: DatabaseJobIntentService: Stop no more task
02-12 08:57:48.650 11903 11903 I Routine@Core[3.5.01.31]: MetadataLoaderJobService: metadataLoadingFinished: collectPackageInBG - com.esg.idle.guild.tycoon
02-12 08:57:48.652 11903 11903 I Routine@Core[3.5.01.31]: MetadataLoaderJobService: onDestroy
02-12 08:57:48.654  1244  1316 I AccessibilityServiceInfo: took more than 100ms mComponentName : ComponentInfo{com.samsung.accessibility/com.samsung.accessibility.universalswitch.UniversalSwitchService}, elapsedTime : 133
02-12 08:57:48.655   805   805 D Zygote  : Forked child process 19711
02-12 08:57:48.655  1244  1320 I ActivityManager: Start proc 19711:com.samsung.android.app.routines:RoutineUIProcess/u0a41 for service {com.samsung.android.app.routines/com.samsung.android.app.routines.domainmodel.core.service.NotificationUpdateService}
02-12 08:57:48.663 19711 19711 I outineUIProces: Using CollectorTypeCC GC.
02-12 08:57:48.665 19711 19711 E outineUIProces: Not starting debugger since process cannot load the jdwp agent.
02-12 08:57:48.666 19711 19711 E USNET   : USNET: appName: com.samsung.android.app.routines:RoutineUIProcess
02-12 08:57:48.668   926   963 I heimdall: insert_task_to_group:64, insert tgid 19711 to group com.sec.android.app.chromecustomizations, ret = 0
02-12 08:57:48.668 19711 19711 D ActivityThread: setConscryptValidator
02-12 08:57:48.668 19711 19711 D ActivityThread: setConscryptValidator - put
02-12 08:57:48.672  1244  3886 I ActivityManager: DSS OFF for com.samsung.android.app.routines
02-12 08:57:48.674  1244  3886 D ActivityManager: attachApplicationLocked() app=ProcessRecord{c690c6f 19711:com.samsung.android.app.routines:RoutineUIProcess/u0a41} app.isolatedEntryPoint=null instr2=null
02-12 08:57:48.676 19711 19711 D ActivityThread: handleBindApplication()++ app=com.samsung.android.app.routines:RoutineUIProcess
02-12 08:57:48.676 19711 19711 D CompatibilityChangeReporter: Compat change id reported: 171979766; UID 10041; state: DISABLED
02-12 08:57:48.722  1244  1316 D AccessibilityManagerService: currentTargets : [] targetsFromSetting : []
02-12 08:57:48.722  1244  1316 D AccessibilityManagerService: componentId : null userState.getTargetAssignedToAccessibilityButton() : null
02-12 08:57:48.722  1244  1316 D AccessibilityManagerService: readAccessibilityDirectAccessSettingLocked currentTargets : [] targetsFromSetting : []
02-12 08:57:48.722  1244  1316 D SettingsProvider: isChangeAllowed() : name = accessibility_enabled
02-12 08:57:48.723  1244  1316 I SGM:GameManager: PkgUpdateReceiver, onReceive action =android.intent.action.PACKAGE_ADDED changingUserId =0
02-12 08:57:48.723  1244  1316 I SGM:GameManager: PkgUpdateReceiver, onPackageAdded : com.esg.idle.guild.tycoon userHandle : UserHandle{0} userId : 0
02-12 08:57:48.723  1244  1316 I SGM:GameManager: PkgUpdateReceiver, com.samsung.android.game.gos is enabled : true
02-12 08:57:48.723  1244  1468 D SGM:GosNotifyThread: notifyPackageChangedToGos(), before send intent to GOS. type:15, changeType: 0, pkgName:com.esg.idle.guild.tycoon, userHandleId:0
02-12 08:57:48.724  1244  3888 W system_server: Long monitor contention with owner android.bg (1316) at void com.android.server.accessibility.AccessibilityManagerService$2.onSomePackagesChanged()(AccessibilityManagerService.java:849) waiters=0 in java.util.List com.android.server.accessibility.AccessibilityManagerService.getEnabledAccessibilityServiceList(int, int) for 480ms
02-12 08:57:48.724  1244  4218 W system_server: Long monitor contention with owner android.bg (1316) at void com.android.server.accessibility.AccessibilityManagerService$2.onSomePackagesChanged()(AccessibilityManagerService.java:849) waiters=1 in long com.android.server.accessibility.AccessibilityManagerService.addClient(android.view.accessibility.IAccessibilityManagerClient, int) for 294ms
02-12 08:57:48.724  1244  1468 D SGM:GosNotifyThread: notifyPackageChangedToGos(), after send intent to GOS. ComponentInfo{com.samsung.android.game.gos/com.samsung.android.game.gos.service.GameIntentService}
02-12 08:57:48.725  1244  2754 W NetlinkSocket: maximum read
02-12 08:57:48.726  1244  2754 W NetlinkSocket: maximum read
02-12 08:57:48.726  1244  2754 W NetlinkSocket: maximum read
02-12 08:57:48.727 19546 19546 I DecorView: [INFO] isPopOver=false, config=true
02-12 08:57:48.727 19546 19546 I DecorView: updateCaptionType >> DecorView@84416dd[], isFloating=false, isApplication=true, hasWindowControllerCallback=true, hasWindowDecorCaption=false
02-12 08:57:48.727 19546 19546 D DecorView: setCaptionType = 0, this = DecorView@84416dd[]
02-12 08:57:48.727 19546 19546 I DecorView: getCurrentDensityDpi: from real metrics. densityDpi=450 msg=resources_loaded
02-12 08:57:48.731  8298  8941 I TouchInteractionService: onSystemUiStateChanged, stateFlags : 131072
02-12 08:57:48.731  8298  8298 I TouchInteractionService: onSystemUiFlagsChanged, userUnlocked
02-12 08:57:48.734  1663  1663 D WallpaperService: reportVisibility onVisibilityChanged visible: false
02-12 08:57:48.734  1663  1909 I ImageWallpaper:  onVisibilityChanged false , 0
02-12 08:57:48.743 19549 19549 I Process : Sending signal. PID: 19549 SIG: 9
02-12 08:57:48.767   842 19545 I HYPER-HAL: [RequestManager.cpp]releaseLocked(): Released ID : 819876
02-12 08:57:48.770 19546 19546 I IL2CPP  : JNI_OnLoad
02-12 08:57:48.773 19546 19546 D [Magify]: App is on foreground
02-12 08:57:48.784  1244  1352 E VerityUtils: Failed to measure fs-verity, errno 1: /data/app/~~yZvxby4nzRmec-PvI45SCQ==/com.esg.idle.guild.tycoon-91EUcAXjmsSmgBMvGejR-g==/base.apk
02-12 08:57:48.791 19546 19546 I MSHandlerLifeCycle: isMultiSplitHandlerRequested: ignored. pkg=com.esg.idle.guild.tycoon parent=null callers=com.android.internal.policy.DecorView.setVisibility:4295 android.app.ActivityThread.handleResumeActivity:5301 android.app.servertransaction.ResumeActivityItem.execute:54 android.app.servertransaction.ActivityTransactionItem.execute:45 android.app.servertransaction.TransactionExecutor.executeLifecycleState:176 
02-12 08:57:48.791 19546 19546 I MSHandlerLifeCycle: removeMultiSplitHandler: no exist. decor=DecorView@84416dd[]
02-12 08:57:48.800  1244  1571 D SemWifiTransportLayerUtils: getPlaystoreCategory, indexCategoryStart : -1
02-12 08:57:48.802  1244  1571 D SemWifiTransportLayerUtils: getPlaystoreCategory, indexDownloadStart : -1
02-12 08:57:48.802  1244  1571 D SemWifiTransportLayerMonitor.TcpMonitorHandler: MSG_SAVE_PACKAGE_INFO
02-12 08:57:48.802  1244  1571 D SemWifiTransportLayerFileManager: saveWifiPackageInfoToFile
02-12 08:57:48.802  1244  1571 D SemWifiTransportLayerFileManager: writeWifiPackageInfoList
02-12 08:57:48.804  1244  1571 D SemWifiTransportLayerMonitor.TcpMonitorHandler: MSG_SAVE_PACKAGE_INFO
02-12 08:57:48.804  1244  1571 D SemWifiTransportLayerFileManager: saveWifiPackageInfoToFile
02-12 08:57:48.804  1244  1571 D SemWifiTransportLayerFileManager: writeWifiPackageInfoList
02-12 08:57:48.810 26226 26873 I SCS@AiSearch user 0: (AppsDataWorker) [pool-3-thread-2] entering in doWork():  
02-12 08:57:48.810 26226 26873 I SCS@AiSearch user 0: (AppsDataObserver) [pool-3-thread-2] entering in execute():  
02-12 08:57:48.810 26226 26873 I SCS@AiSearch user 0: (AppsDataObserver-CMD_UPDATE_LIST) changed package count: 1
02-12 08:57:48.818 19546 19546 I DecorView: notifyKeepScreenOnChanged: keepScreenOn=false
02-12 08:57:48.818 19546 19546 I MSHandlerLifeCycle: isMultiSplitHandlerRequested: ignored. pkg=com.esg.idle.guild.tycoon parent=null callers=com.android.internal.policy.DecorView.hasMultiSplitHandlerInNonFreeformMode:891 com.android.internal.policy.DecorView.notifyKeepScreenOnChanged:885 android.view.ViewRootImpl.applyKeepScreenOnFlag:2940 android.view.ViewRootImpl.collectViewAttributes:2964 android.view.ViewRootImpl.setView:1553 
02-12 08:57:48.819 19546 19546 D InsetsSourceConsumer: setRequestedVisible: visible=false, type=21, host=com.esg.idle.guild.tycoon/com.unity3d.player.UnityPlayerActivity, from=android.view.InsetsSourceConsumer.hide:253 android.view.InsetsController.collectSourceControls:1215 android.view.InsetsController.controlAnimationUnchecked:1077 android.view.InsetsController.applyAnimation:1456 android.view.InsetsController.applyAnimation:1437 android.view.InsetsController.hide:1006 android.view.InsetsController.hide:981 android.view.ViewRootImpl.controlInsetsForCompatibility:3142 android.view.ViewRootImpl.setView:1555 android.view.WindowManagerGlobal.addView:509 
02-12 08:57:48.819 19546 19546 D InsetsSourceConsumer: setRequestedVisible: visible=false, type=20, host=com.esg.idle.guild.tycoon/com.unity3d.player.UnityPlayerActivity, from=android.view.InsetsSourceConsumer.hide:253 android.view.InsetsController.collectSourceControls:1215 android.view.InsetsController.controlAnimationUnchecked:1077 android.view.InsetsController.applyAnimation:1456 android.view.InsetsController.applyAnimation:1437 android.view.InsetsController.hide:1006 android.view.InsetsController.hide:981 android.view.ViewRootImpl.controlInsetsForCompatibility:3142 android.view.ViewRootImpl.setView:1555 android.view.WindowManagerGlobal.addView:509 
02-12 08:57:48.819 19546 19546 D InsetsSourceConsumer: setRequestedVisible: visible=false, type=1, host=com.esg.idle.guild.tycoon/com.unity3d.player.UnityPlayerActivity, from=android.view.InsetsSourceConsumer.hide:253 android.view.InsetsController.collectSourceControls:1215 android.view.InsetsController.controlAnimationUnchecked:1077 android.view.InsetsController.applyAnimation:1456 android.view.InsetsController.applyAnimation:1437 android.view.InsetsController.hide:1006 android.view.InsetsController.hide:981 android.view.ViewRootImpl.controlInsetsForCompatibility:3142 android.view.ViewRootImpl.setView:1555 android.view.WindowManagerGlobal.addView:509 
02-12 08:57:48.819 19546 19546 D InsetsSourceConsumer: setRequestedVisible: visible=false, type=0, host=com.esg.idle.guild.tycoon/com.unity3d.player.UnityPlayerActivity, from=android.view.InsetsSourceConsumer.hide:253 android.view.InsetsController.collectSourceControls:1215 android.view.InsetsController.controlAnimationUnchecked:1077 android.view.InsetsController.applyAnimation:1456 android.view.InsetsController.applyAnimation:1437 android.view.InsetsController.hide:1006 android.view.InsetsController.hide:981 android.view.ViewRootImpl.controlInsetsForCompatibility:3142 android.view.ViewRootImpl.setView:1555 android.view.WindowManagerGlobal.addView:509 
02-12 08:57:48.822  1244  3888 W WindowManager: Failed looking up window session=Session{6d0e0e6 19546:u0a13170} callers=com.android.server.wm.WindowManagerService.windowForClientLocked:6320 com.android.server.wm.Session.insetsModified:700 android.view.IWindowSession$Stub.onTransact:1256 
02-12 08:57:48.823  1244  4218 D InputTransport: Input channel constructed: '7600640', fd=999
02-12 08:57:48.823  1244  4218 D InputTransport: Input channel constructed: '7600640', fd=1001
02-12 08:57:48.823  1244  4218 D InputTransport: Input channel constructed: '7600640', fd=1002
02-12 08:57:48.825   917  1207 I SurfaceFlinger: id=152068 createSurf (0x0),-1 flag=80004, 7600640 com.esg.idle.guild.tycoon/com.unity3d.player.UnityPlayerActivity#0
02-12 08:57:48.827  1244  4218 D RestrictionPolicy: isScreenCaptureEnabled : ret=true userId=0
02-12 08:57:48.828  1244  4218 D InputTransport: Input channel destroyed: '7600640', fd=1002
02-12 08:57:48.830 19546 19546 I ViewRootImpl@a25f8b[UnityPlayerActivity]: setView = com.android.internal.policy.DecorView@84416dd TM=true
02-12 08:57:48.831 19546 19546 I MSHandlerLifeCycle: isMultiSplitHandlerRequested: windowingMode=1 isFullscreen=true isPopOver=false isHidden=false skipActivityType=false isHandlerType=true this: DecorView@84416dd[UnityPlayerActivity]
02-12 08:57:48.831 19546 19546 I MSHandlerLifeCycle: removeMultiSplitHandler: no exist. decor=DecorView@84416dd[UnityPlayerActivity]
02-12 08:57:48.837 19546 19546 I SurfaceView@c4f319e: onWindowVisibilityChanged(0) true android.view.SurfaceView{c4f319e VFE...... .F....I. 0,0-0,0 #7f0a02b2 app:id/unitySurfaceView} of ViewRootImpl@a25f8b[UnityPlayerActivity]
02-12 08:57:48.837  1244  3888 D RestrictionPolicy: isScreenCaptureEnabled : ret=true userId=0
02-12 08:57:48.837   917  1004 I SurfaceFlinger: id=152069 createSurf (1x1),-3 flag=40004, com.esg.idle.guild.tycoon/com.unity3d.player.UnityPlayerActivity$_19546#0
02-12 08:57:48.842  1244  3888 D WindowManager: makeSurface duration=4 name=com.esg.idle.guild.tycoon/com.unity3d.player.UnityPlayerActivity$_19546
02-12 08:57:48.843  1244  3888 D MARsPolicyManager: onPackageResumedFG pkgName = com.esg.idle.guild.tycoon, userId = 0
02-12 08:57:48.844  1244  3888 I WindowManager: Cancelling animation restarting=true, leash=Surface(name=Surface(name=3f217e6 StatusBar)/@0x143fd4 - animation-leash of insets_animation)/@0xd19fa17
02-12 08:57:48.844  1244  3888 I WindowManager: Reparenting to original parent: Surface(name=WindowToken{213641 android.os.BinderProxy@c586b4b})/@0x609f57d, destroy=false, surface=Surface(name=3f217e6 StatusBar)/@0x143fd4
02-12 08:57:48.844  1244  3888 I WindowManager: Reparenting to leash, surface=Surface(name=3f217e6 StatusBar)/@0x143fd4, leashParent=Surface(name=WindowToken{213641 android.os.BinderProxy@c586b4b})/@0x609f57d
02-12 08:57:48.844   917  1004 I SurfaceFlinger: id=152070 createSurf (0x0),-1 flag=24000, Surface(name=3f217e6 StatusBar)/@0x143fd4 - animation-leash of insets_animation#1
02-12 08:57:48.848  1244  3888 D WindowManager: makeSurface duration=4 leash=Surface(name=Surface(name=3f217e6 StatusBar)/@0x143fd4 - animation-leash of insets_animation)/@0x2f9f704
02-12 08:57:48.848  1244  3888 I WindowManager: Cancelling animation restarting=true, leash=Surface(name=Surface(name=d4dbda1 NavigationBar0)/@0x1275735 - animation-leash of insets_animation)/@0x4837fed
02-12 08:57:48.848  1244  3888 I WindowManager: Reparenting to original parent: Surface(name=WindowToken{e620bab android.os.BinderProxy@6b0401c})/@0x25077ca, destroy=false, surface=Surface(name=d4dbda1 NavigationBar0)/@0x1275735
02-12 08:57:48.848  1244  3888 I WindowManager: Reparenting to leash, surface=Surface(name=d4dbda1 NavigationBar0)/@0x1275735, leashParent=Surface(name=WindowToken{e620bab android.os.BinderProxy@6b0401c})/@0x25077ca
02-12 08:57:48.848 19546 19616 I FirebaseCrashlytics: No version control information found
02-12 08:57:48.848   917  1004 I SurfaceFlinger: id=152071 createSurf (0x0),-1 flag=24000, Surface(name=d4dbda1 NavigationBar0)/@0x1275735 - animation-leash of insets_animation#0
02-12 08:57:48.852  1244  3888 D WindowManager: makeSurface duration=5 leash=Surface(name=Surface(name=d4dbda1 NavigationBar0)/@0x1275735 - animation-leash of insets_animation)/@0x1abdb3
02-12 08:57:48.862  1244  3888 D StatusBarManagerService: notifyRequestedSystemKey recent=false home=false
02-12 08:57:48.863  8298  8941 I TouchInteractionService: onSystemUiStateChanged, stateFlags : 131074
02-12 08:57:48.863  8298  8298 I TouchInteractionService: onSystemUiFlagsChanged, userUnlocked
02-12 08:57:48.864   917  1207 W ServiceManager: Permission failure: android.permission.ACCESS_SURFACE_FLINGER from uid=13170 pid=19546
02-12 08:57:48.864   917  1207 D PermissionCache: checking android.permission.ACCESS_SURFACE_FLINGER for uid=13170 => denied (176 us)
02-12 08:57:48.864  1244 19739 I SystemUiVisibilityPolicyController: handleMessage: entry what = 1
02-12 08:57:48.864   917  1207 W ServiceManager: Permission failure: android.permission.ROTATE_SURFACE_FLINGER from uid=13170 pid=19546
02-12 08:57:48.864   917  1207 D PermissionCache: checking android.permission.ROTATE_SURFACE_FLINGER for uid=13170 => denied (159 us)
02-12 08:57:48.865  6296  6296 I TrayStateController: systemUiVisibilityChanged : 3 0
02-12 08:57:48.865 19546 19546 I ViewRootImpl@a25f8b[UnityPlayerActivity]: Relayout returned: old=(0,0,1080,2316) new=(0,0,1080,2316) req=(1080,2316)0 dur=26 res=0x7 s={true -5476376605280267088} ch=true fn=-1
02-12 08:57:48.865 19546 19546 I SurfaceView@c4f319e: windowStopped(false) true android.view.SurfaceView{c4f319e VFE...... .F....ID 0,0-1080,2241 #7f0a02b2 app:id/unitySurfaceView} of ViewRootImpl@a25f8b[UnityPlayerActivity]
02-12 08:57:48.865  1244  1309 D CompatibilityChangeReporter: Compat change id reported: 158002302; UID 13170; state: ENABLED
02-12 08:57:48.867  1244  1309 D InsetsSourceProvider: updateVisibility: serverVisible=true, clientVisible=false, source=InsetsSource: {mType=ITYPE_NAVIGATION_BAR, mFrame=[0,2181][1080,2316], mVisible=false}, controlTarget=Window{7600640 u0 com.esg.idle.guild.tycoon/com.unity3d.player.UnityPlayerActivity}, from=com.android.server.wm.InsetsSourceProvider.setClientVisible:415 com.android.server.wm.InsetsSourceProvider.updateClientVisibility:400 com.android.server.wm.InsetsStateController.onInsetsModified:508 com.android.server.wm.InsetsStateController.lambda$notifyPendingInsetsControlChanged$6$InsetsStateController:689 com.android.server.wm.InsetsStateController$$ExternalSyntheticLambda1.run:2 com.android.server.wm.WindowAnimator.executeAfterPrepareSurfacesRunnables:345 com.android.server.wm.WindowAnimator.animate:226 com.android.server.wm.WindowAnimator.lambda$new$1$WindowAnimator:106 com.android.server.wm.WindowAnimator$$ExternalSyntheticLambda0.doFrame:2 android.view.Choreographer$CallbackRecord.run:1106 
02-12 08:57:48.867  1244  1309 D InsetsSourceProvider: updateVisibility: serverVisible=true, clientVisible=false, source=InsetsSource: {mType=ITYPE_STATUS_BAR, mFrame=[0,0][1080,75], mVisible=false}, controlTarget=Window{7600640 u0 com.esg.idle.guild.tycoon/com.unity3d.player.UnityPlayerActivity}, from=com.android.server.wm.InsetsSourceProvider.setClientVisible:415 com.android.server.wm.InsetsSourceProvider.updateClientVisibility:400 com.android.server.wm.InsetsStateController.onInsetsModified:508 com.android.server.wm.InsetsStateController.lambda$notifyPendingInsetsControlChanged$6$InsetsStateController:689 com.android.server.wm.InsetsStateController$$ExternalSyntheticLambda1.run:2 com.android.server.wm.WindowAnimator.executeAfterPrepareSurfacesRunnables:345 com.android.server.wm.WindowAnimator.animate:226 com.android.server.wm.WindowAnimator.lambda$new$1$WindowAnimator:106 com.android.server.wm.WindowAnimator$$ExternalSyntheticLambda0.doFrame:2 android.view.Choreographer$CallbackRecord.run:1106 
02-12 08:57:48.868  1663  1663 D BarTransitions.FrameLayout: MODE_TRANSPARENT -> MODE_LIGHTS_OUT_TRANSPARENT animate=false
02-12 08:57:48.868  1244  1279 W System  : A resource failed to call close. 
02-12 08:57:48.868  1244  1279 W System  : A resource failed to call release. 
02-12 08:57:48.869  1663  1663 D NavigationBar: onSystemBarAttributesChanged() -  displayId:0, appearance:4 (APPEARANCE_LOW_PROFILE_BARS ), navbarColorManagedByIme:false
02-12 08:57:48.869 19546 19546 I ViewRootImpl@a25f8b[UnityPlayerActivity]: [DP] dp(1) 1 android.view.ViewRootImpl.reportNextDraw:11420 android.view.ViewRootImpl.performTraversals:4193 android.view.ViewRootImpl.doTraversal:2919 
02-12 08:57:48.870   917  1207 I SurfaceFlinger: id=152072 createSurf (0x0),-1 flag=20004, Bounds for - com.esg.idle.guild.tycoon/com.unity3d.player.UnityPlayerActivity@0#0
02-12 08:57:48.870   917  1207 I SurfaceFlinger: id=152073 createSurf (0x0),-1 flag=80004, SurfaceView - com.esg.idle.guild.tycoon/com.unity3d.player.UnityPlayerActivity@c4f319e@0#0
02-12 08:57:48.870   917  1207 I SurfaceFlinger: id=152074 createSurf (0x0),-1 flag=40400, SurfaceView - com.esg.idle.guild.tycoon/com.unity3d.player.UnityPlayerActivity@c4f319e@0(BLAST)#0
02-12 08:57:48.871   917  1207 I SurfaceFlinger: id=152075 createSurf (0x0),-1 flag=20404, Background for SurfaceView - com.esg.idle.guild.tycoon/com.unity3d.player.UnityPlayerActivity@c4f319e@0#0
02-12 08:57:48.871 19546 19546 I SurfaceView@c4f319e: pST: sr = Rect(0, 75 - 1080, 2316) sw = 1080 sh = 2241
02-12 08:57:48.871 19546 19546 I SurfaceView@c4f319e: onSSPAndSRT: pl = 0 pt = 75 sx = 1.0 sy = 1.0
02-12 08:57:48.871   917   917 I SurfaceFlinger: [7600640 com.esg.idle.guild.tycoon/com.unity3d.player.UnityPlayerActivity#0] FrameRatePriority: 1
02-12 08:57:48.871 19546 19546 I SurfaceView@c4f319e: pST: mTmpTransaction.apply, mTmpTransaction = android.view.SurfaceControl$Transaction@3453503
02-12 08:57:48.871   917   917 I Layer   : id=152066 removeFromCurrentState Surface(name=3f217e6 StatusBar)/@0x143fd4 - animation-leash of insets_animation#0 (623)
02-12 08:57:48.871   917   917 I Layer   : id=152067 removeFromCurrentState Surface(name=d4dbda1 NavigationBar0)/@0x1275735 - animation-leash of insets_animation#1 (623)
02-12 08:57:48.871   917   917 I SurfaceFlinger: id=152066 Removed Surface(name=3f217e6 StatusBar)/@0x143fd4 - animation-leash of insets_animation#0 (623)
02-12 08:57:48.871 19546 19546 I SurfaceView@c4f319e: updateSurface: mVisible = true mSurface.isValid() = true
02-12 08:57:48.871   917   917 I SurfaceFlinger: id=152067 Removed Surface(name=d4dbda1 NavigationBar0)/@0x1275735 - animation-leash of insets_animation#1 (623)
02-12 08:57:48.871 19546 19546 I SurfaceView@c4f319e: updateSurface: mSurfaceCreated = false surfaceChanged = true visibleChanged = true
02-12 08:57:48.871 19546 19546 I SurfaceView@c4f319e: surfaceCreated 1 #8 android.view.SurfaceView{c4f319e VFE...... .F....ID 0,0-1080,2241 #7f0a02b2 app:id/unitySurfaceView}
02-12 08:57:48.871   917   917 I Layer   : id=152066 Destroyed Surface(name=3f217e6 StatusBar)/@0x143fd4 - animation-leash of insets_animation#0
02-12 08:57:48.871   917   917 I Layer   : id=152067 Destroyed Surface(name=d4dbda1 NavigationBar0)/@0x1275735 - animation-leash of insets_animation#1
02-12 08:57:48.871 19546 19546 I SurfaceView@c4f319e: surfaceChanged (1080,2241) 1 #8 android.view.SurfaceView{c4f319e VFE...... .F....ID 0,0-1080,2241 #7f0a02b2 app:id/unitySurfaceView}
02-12 08:57:48.872 19546 19546 I ViewRootImpl@a25f8b[UnityPlayerActivity]: [DP] dp(2) 1 android.view.SurfaceView.updateSurface:1375 android.view.SurfaceView.lambda$new$1$SurfaceView:254 android.view.SurfaceView$$ExternalSyntheticLambda2.onPreDraw:2 
02-12 08:57:48.872 19546 19546 I ViewRootImpl@a25f8b[UnityPlayerActivity]: [DP] pdf(1) 1 android.view.SurfaceView.notifyDrawFinished:599 android.view.SurfaceView.performDrawFinished:586 android.view.SurfaceView.$r8$lambda$st27mCkd9jfJkTrN_P3qIGKX6NY:0 
02-12 08:57:48.872 19546 19546 D ViewRootImpl@a25f8b[UnityPlayerActivity]: pendingDrawFinished. Waiting on draw reported mDrawsNeededToReport=1
02-12 08:57:48.872 19546 19546 D ViewRootImpl@a25f8b[UnityPlayerActivity]: Creating frameDrawingCallback nextDrawUseBlastSync=false reportNextDraw=true hasBlurUpdates=false
02-12 08:57:48.872  1244  5076 D InputDispatcher: Focus request (0): 7600640 com.esg.idle.guild.tycoon/com.unity3d.player.UnityPlayerActivity but waiting because NOT_VISIBLE
02-12 08:57:48.874  1663  1663 D BarTransitions.SamsungNavigationBarView: MODE_TRANSPARENT -> MODE_LIGHTS_OUT_TRANSPARENT animate=false
02-12 08:57:48.875  6296  6296 E ActivityThread: Failed to find provider info for com.samsung.systemui.navillera.navilleraprovider
02-12 08:57:48.875  6296  6296 I Utils   : isCurrentUser current = 0, ownerId = 0
02-12 08:57:48.876  6296  6296 I TrayVisibilityController: updateTrayVisible: State=1048577 visible=2 mCurrentVisible=1 specificMode=0
02-12 08:57:48.880   917  1207 I SurfaceFlinger: [SEC_SF_EFFECTS] [capture x2 ]: captureDisplay(): size 1080 x 2316, raSourceCrop [0 0 1080 2316] 1080 x 2316
02-12 08:57:48.880 19546 19546 I le.guild.tycoo: [HIDL_FETCH_IMapper] android.hardware.graphics.mapper@4.0: Loaded Mapper successfully.
02-12 08:57:48.881  6296  6296 I MSHandlerLifeCycle: isMultiSplitHandlerRequested: ignored. pkg=com.samsung.android.app.cocktailbarservice isActivity=false callers=com.android.internal.policy.DecorView.setVisibility:4295 com.samsung.android.app.cocktailbarservice.controller.traystate.TrayStateHide.onUpdateVisible:66 com.samsung.android.app.cocktailbarservice.controller.traystate.TrayStateHide.onEnterState:29 com.samsung.android.app.cocktailbarservice.controller.traystate.TrayStateController.setUiState:793 com.samsung.android.app.cocktailbarservice.controller.traystate.TrayStateController$9.onNotifyUpdateTray:1492 
02-12 08:57:48.881  6296  6296 I MSHandlerLifeCycle: removeMultiSplitHandler: no exist. decor=DecorView@d671b12[CocktailBarService]
02-12 08:57:48.884  6296  6296 I TrayStateController: setUiState 2 : 0 --> 2
