02-12 08:57:48.884 16051 16051 D BoundBrokerSvc: onBind: Intent { act=com.google.android.gms.appset.service.START dat=chimera-action: cmp=com.google.android.gms/.chimera.GmsApiService }
02-12 08:57:48.884 16051 16051 D BoundBrokerSvc: Loading bound service for intent: Intent { act=com.google.android.gms.appset.service.START dat=chimera-action: cmp=com.google.android.gms/.chimera.GmsApiService }
02-12 08:57:48.885  8298  8941 I TouchInteractionService: onSystemUiStateChanged, stateFlags : 2
02-12 08:57:48.885  8298  8298 I TouchInteractionService: onSystemUiFlagsChanged, userUnlocked
02-12 08:57:48.885  1663  1663 D IndicatorGardenInputProperty: updateRotation() prv:-1 >> new:0
02-12 08:57:48.886  1663  1663 D DeviceState: getDeviceResolutionPixelSize - currentDensity = 450 deviceDensity = 450 initialDisplaySizeFactor = 1440 currentDisplaySizeFactor = 1080 initialDisplayDensity = 600 proportionalDensity = 450 proportionalPixel = 42
02-12 08:57:48.886  1663  1663 D DeviceState: getDeviceResolutionPixelSize - currentDensity = 450 deviceDensity = 450 initialDisplaySizeFactor = 1440 currentDisplaySizeFactor = 1080 initialDisplayDensity = 600 proportionalDensity = 450 proportionalPixel = 27
02-12 08:57:48.886  1663  1663 D DeviceState: getDeviceResolutionPixelSize - currentDensity = 450 deviceDensity = 450 initialDisplaySizeFactor = 1440 currentDisplaySizeFactor = 1080 initialDisplayDensity = 600 proportionalDensity = 450 proportionalPixel = 18
02-12 08:57:48.886  1244  6997 D system_server: mAFPC_Read - w = 1080, h = 2316, s = 8, f = 4, s_size = 10079232, luminance = 26, count = 323, captureOrientation = 0
02-12 08:57:48.893  1663  1663 D SecLightBarControlHelper: updateStatus(WHITE icon) NumLightStacks:0, NumStacks:1, IndexLightStack:-1, StatusBarMode:6, StatusBarState:SHD, NeedDarkFontFromWallpaper:false, isWhiteKeyguardStatusBarBySettings:false
02-12 08:57:48.894   803   813 E statsd  : Predicate 7729334320784921827 dropping data for dimension key (27)0x10000->10316[I] 
02-12 08:57:48.894   803   813 E statsd  : Predicate 7729334320784921827 dropping data for dimension key (27)0x10000->10248[I] 
02-12 08:57:48.894  1244  1306 D NetworkPolicy: onUidStateChanged() uid: 10248, isForeground(true, 3)
02-12 08:57:48.894 19546 19546 I ViewRootImpl@a25f8b[UnityPlayerActivity]: [DP] pdf(0) 1 android.view.ViewRootImpl.performDraw:5207 android.view.ViewRootImpl.performTraversals:4212 android.view.ViewRootImpl.doTraversal:2919 
02-12 08:57:48.894 19546 19546 I ViewRootImpl@a25f8b[UnityPlayerActivity]: [DP] rdf()
02-12 08:57:48.894 19546 19546 D ViewRootImpl@a25f8b[UnityPlayerActivity]: reportDrawFinished (fn: -1) 
02-12 08:57:48.895  1244  3412 D WindowManager: finishDrawingWindow: Window{7600640 u0 com.esg.idle.guild.tycoon/com.unity3d.player.UnityPlayerActivity} mDrawState=DRAW_PENDING
02-12 08:57:48.898  1244  1309 I SemDvfsHyPerManager: acquire hyper - AMS_RESUME_TAIL/1244@18, type = -999
02-12 08:57:48.898  1244  1309 I SemDvfsHyPerManager: acquire hyper - AMS_ACT_LAZY/1244@19, type = -999
02-12 08:57:48.898  1244  1309 D ActivityManagerPerformance: AMP_acquire() TAIL
02-12 08:57:48.898  1244  1309 D ActivityManagerPerformance: AMP_release() APP_SWITCH
02-12 08:57:48.898   842   957 I HYPER-HAL: [RequestManager.cpp]acquire(): Acquired ID : 796971  [1244 / 18]    HINT : AMS_RESUME_TAIL    list : 
02-12 08:57:48.900   917  2676 D NativeSemDvfsManager: acquire:: timeout = 2000 mIsAcquired = 1  mTagName : SurfaceFlinger 
02-12 08:57:48.901   917  2676 E NativeCustomFrequencyManager: [NativeCFMS] BpCustomFrequencyManager::acquire()
02-12 08:57:48.901  1244  4218 E WindowManager: win=Window{cbcc95 u0 com.samsung.android.app.cocktailbarservice/com.samsung.android.app.cocktailbarservice.CocktailBarService} destroySurfaces: appStopped=true win.mWindowRemovalAllowed=false win.mRemoveOnExit=false win.mViewVisibility=8 caller=com.android.server.wm.WindowManagerService.tryStartExitingAnimation:2970 com.android.server.wm.WindowManagerService.relayoutWindow:2694 com.android.server.wm.Session.relayout:242 android.view.IWindowSession$Stub.onTransact:790 com.android.server.wm.Session.onTransact:176 android.os.Binder.execTransactInternal:1215 android.os.Binder.execTransact:1179 
02-12 08:57:48.901  1244  4218 I WindowManager: Destroying surface Surface(name=com.samsung.android.app.cocktailbarservice/com.samsung.android.app.cocktailbarservice.CocktailBarService$_6296)/@0xefd5b97 called by com.android.server.wm.WindowStateAnimator.destroySurface:987 com.android.server.wm.WindowStateAnimator.destroySurfaceLocked:518 com.android.server.wm.WindowState.destroySurfaceUnchecked:4246 com.android.server.wm.WindowState.destroySurface:4220 com.android.server.wm.WindowManagerService.tryStartExitingAnimation:2970 com.android.server.wm.WindowManagerService.relayoutWindow:2694 com.android.server.wm.Session.relayout:242 android.view.IWindowSession$Stub.onTransact:790 
02-12 08:57:48.901  1244  1305 D [secipm]: mSecIpmManager report to nap
02-12 08:57:48.901  1244  1305 I PkgPredictorService-SecIpmManagerServiceImpl: reportToNAP uid:13170 com.esg.idle.guild.tycoon/com.unity3d.player.UnityPlayerActivity thisTime:974
02-12 08:57:48.902  1244  2710 D PkgPredictorService-IpmAdcpController: com.esg.idle.guild.tycoon become forground, dex profile begin
02-12 08:57:48.903  8298  8298 I ViewRootImpl@e7d2bca[LauncherActivity]: stopped(true) old=false
02-12 08:57:48.903  1244  1309 I WindowManager: Reparenting to leash, surface=Surface(name=7600640 com.esg.idle.guild.tycoon/com.unity3d.player.UnityPlayerActivity)/@0xfe144d2, leashParent=Surface(name=ActivityRecord{7182f5a u0 com.esg.idle.guild.tycoon/com.unity3d.player.UnityPlayerActivity t10581})/@0x24e79a3
02-12 08:57:48.903   917  1004 I SurfaceFlinger: id=152076 createSurf (0x0),-1 flag=24000, Surface(name=7600640 com.esg.idle.guild.tycoon/com.unity3d.player.UnityPlayerActivity)/@0xfe144d2 - animation-leash of starting_reveal#0
02-12 08:57:48.904   917   917 I Layer   : id=151777 removeFromCurrentState com.samsung.android.app.cocktailbarservice/com.samsung.android.app.cocktailbarservice.CocktailBarService$_6296#0 (622)
02-12 08:57:48.904   917   917 I SurfaceFlinger: id=151777 Removed com.samsung.android.app.cocktailbarservice/com.samsung.android.app.cocktailbarservice.CocktailBarService$_6296#0 (622)
02-12 08:57:48.905  1244  4218 D InputDispatcher: Focus entered window (0): 7600640 com.esg.idle.guild.tycoon/com.unity3d.player.UnityPlayerActivity
02-12 08:57:48.906   917   917 I Layer   : id=151777 Destroyed com.samsung.android.app.cocktailbarservice/com.samsung.android.app.cocktailbarservice.CocktailBarService$_6296#0
02-12 08:57:48.906  8298  8298 I BaseActivity: removeActivityFlags, flags : 17
02-12 08:57:48.906  1244  1309 D WindowManager: makeSurface duration=4 leash=Surface(name=Surface(name=7600640 com.esg.idle.guild.tycoon/com.unity3d.player.UnityPlayerActivity)/@0xfe144d2 - animation-leash of starting_reveal)/@0xb8ba4a0
02-12 08:57:48.906  6296  6296 I ViewRootImpl@6798a72[CocktailBarService]: Relayout returned: old=(1013,1004,1080,1346) new=(1013,1004,1080,1346) req=(67,342)8 dur=3 res=0x5 s={false 0} ch=true fn=61
02-12 08:57:48.907  8298  8298 I StateManager: goToState isInState Normal
02-12 08:57:48.907  8298  8298 W LauncherAppWidgetHost: setShouldListenFlag, mFlags:7 flag:start on:false isFront:false
02-12 08:57:48.908  1244  3339 I AppWidgetServiceImpl: stopListening callbacks : null
02-12 08:57:48.908  8298  8298 W LauncherAppWidgetHost: stopListening, mFlags:2 isFront:false
02-12 08:57:48.908  8298  8298 W Launcher.NotificationListener: removeNotificationsChangedListener
02-12 08:57:48.908  8298  8298 I BadgeCountUpdaterImpl: onNotificationsChangedDisConnected
02-12 08:57:48.908  8298  8298 I Launcher.NotificationListener: unregisterObserver, this is not notificationService!!
02-12 08:57:48.908  8298  8298 I MSHandlerLifeCycle: isMultiSplitHandlerRequested: windowingMode=1 isFullscreen=true isPopOver=false isHidden=false skipActivityType=true isHandlerType=true this: DecorView@3453503[LauncherActivity]
02-12 08:57:48.909  8298  8298 I MSHandlerLifeCycle: isMultiSplitHandlerRequested: ignored. pkg=com.sec.android.app.launcher callers=com.android.internal.policy.DecorView.setVisibility:4295 android.app.ActivityThread.updateVisibility:5738 android.app.ActivityThread.handleStopActivity:5756 android.app.servertransaction.StopActivityItem.execute:43 android.app.servertransaction.ActivityTransactionItem.execute:45 
02-12 08:57:48.909  8298  8298 I MSHandlerLifeCycle: removeMultiSplitHandler: no exist. decor=DecorView@3453503[LauncherActivity]
02-12 08:57:48.909 18920 19539 I GOS:SystemEventReactor: addPkgDataFromServer(), use server category: game
02-12 08:57:48.909   842   957 I HYPER-HAL: [RequestManager.cpp]releaseLocked(): Released ID : 803301
02-12 08:57:48.909   842   957 I HYPER-HAL: [RequestManager.cpp]acquire(): Acquired ID : 1839403  [917 / 1000]    HINT : SF_GPU_MINLOCK    list : [TIMEOUT / 2000] 
02-12 08:57:48.910  8298  8361 I IMM_LC  : hsifw() - flags=0, caller=android.view.inputmethod.InputMethodManager.hideSoftInputFromWindow:1858 android.view.inputmethod.InputMethodManager.hideSoftInputFromWindow:1827 com.android.launcher3.util.UiThreadHelper$UiCallbacks.handleMessage:103 android.os.Handler.dispatchMessage:102 android.os.Looper.loopOnce:226 
02-12 08:57:48.910  8298  8361 I IMM_LC  : hideSoftInputFromWindow - mService.hideSoftInput
02-12 08:57:48.910  1244  3415 D InputMethodManagerService: hideSoftInput
02-12 08:57:48.911  8298  8361 I LiveIconUpdateEventHandler: LiveIcon onStop
02-12 08:57:48.911  5281  5296 W BtGatt.GattService: unfreezeScan() - No AppScanStats found with uid: 10060
02-12 08:57:48.911  8298  8361 I LiveIconUpdateEventHandler: cancelMinuteChangeAlarm
02-12 08:57:48.911  1244  4218 D SamsungAlarmManager: Cancel Alarm calling from uid:10144 pid :8298 / OP:PendingIntent{cf2e3b6: PendingIntentRecord{f6750b2 com.sec.android.app.launcher broadcastIntent}}
02-12 08:57:48.911  1244  3888 I AppOps  : updateUidProcState uid: 10249 procState: 5 capability:15
02-12 08:57:48.911  1244  3888 I ActivityManager: Changes in 10144 2 to 5, 15 to 8
02-12 08:57:48.912  1244  1306 D NetworkPolicy: onUidStateChanged() uid: 10144, isForeground(true, 5)
02-12 08:57:48.912   803   813 E statsd  : Predicate 7729334320784921827 dropping data for dimension key (27)0x10000->10249[I] 
02-12 08:57:48.912   803   813 E statsd  : Predicate 7729334320784921827 dropping data for dimension key (27)0x10000->10144[I] 
02-12 08:57:48.912  6296  6296 I TrayStateController: putInputRect mDynamicInputRegion=94086294@LastEvent=t=1707728268912Rect(25, 0 - 67, 342),Rect=Rect(0, 0 - 0, 0)
02-12 08:57:48.913  6296  6296 I DecorView: notifyKeepScreenOnChanged: keepScreenOn=false
02-12 08:57:48.914 19546 19546 I ViewRootImpl@a25f8b[UnityPlayerActivity]: MSG_WINDOW_FOCUS_CHANGED 1 1
02-12 08:57:48.914 19546 19546 D InputMethodManager: startInputInner - Id : 0
02-12 08:57:48.914 19546 19546 I InputMethodManager: startInputInner - mService.startInputOrWindowGainedFocus
02-12 08:57:48.914  1244  3412 D InputMethodManagerService: mSecureKeypadEnabled = false
02-12 08:57:48.915  6296  6296 I MSHandlerLifeCycle: isMultiSplitHandlerRequested: ignored. pkg=com.samsung.android.app.cocktailbarservice isActivity=false callers=com.android.internal.policy.DecorView.hasMultiSplitHandlerInNonFreeformMode:891 com.android.internal.policy.DecorView.notifyKeepScreenOnChanged:885 android.view.ViewRootImpl.applyKeepScreenOnFlag:2940 android.view.ViewRootImpl.setLayoutParams:2103 android.view.WindowManagerGlobal.updateViewLayout:537 
02-12 08:57:48.915  1244  3888 W CocktailBarStatePolicyController: updateWindowType: current window type is requested window type(1)
02-12 08:57:48.917  1244  3412 D InputMethodManagerService: DESKTOP MODE! : 2
02-12 08:57:48.917  1244  3412 D InputMethodManagerService: NOT IN KNOX DESKTOP MODE!
02-12 08:57:48.918  1244  3412 D InputTransport: Input channel constructed: 'ClientS', fd=957
02-12 08:57:48.918  1244  3412 D InputTransport: Input channel constructed: 'ClientS', fd=995
02-12 08:57:48.918  1244  3412 D InputTransport: Input channel destroyed: 'ClientS', fd=995
02-12 08:57:48.919  1663  2458 I ViewRootImpl@38d76bc[tycoon]: mWNT: t = android.view.SurfaceControl$Transaction@6dba8a7 fN = 2 android.view.SyncRtSurfaceTransactionApplier.applyTransaction:94 android.view.SyncRtSurfaceTransactionApplier.lambda$scheduleApply$0$SyncRtSurfaceTransactionApplier:71 android.view.SyncRtSurfaceTransactionApplier$$ExternalSyntheticLambda0.onFrameDraw:4 
02-12 08:57:48.919  1663  2458 I ViewRootImpl@38d76bc[tycoon]: mWNT: merge t to BBQ
02-12 08:57:48.919  1663  2458 I ViewRootImpl@38d76bc[tycoon]: mWNT: t = android.view.SurfaceControl$Transaction@113e154 fN = 2 android.view.SyncRtSurfaceTransactionApplier.applyTransaction:94 android.view.SyncRtSurfaceTransactionApplier.lambda$scheduleApply$0$SyncRtSurfaceTransactionApplier:71 android.view.SyncRtSurfaceTransactionApplier$$ExternalSyntheticLambda0.onFrameDraw:4 
02-12 08:57:48.919  1663  2458 I ViewRootImpl@38d76bc[tycoon]: mWNT: merge t to BBQ
02-12 08:57:48.919  1244  3415 E WindowManager: win=Window{34688b6 u0 com.sec.android.app.launcher/com.sec.android.app.launcher.activities.LauncherActivity} destroySurfaces: appStopped=true win.mWindowRemovalAllowed=false win.mRemoveOnExit=false win.mViewVisibility=8 caller=com.android.server.wm.ActivityRecord.destroySurfaces:5866 com.android.server.wm.ActivityRecord.destroySurfaces:5847 com.android.server.wm.ActivityRecord.notifyAppStopped:5911 com.android.server.wm.ActivityRecord.activityStopped:6553 com.android.server.wm.ActivityClientController.activityStopped:254 android.app.IActivityClientController$Stub.onTransact:596 com.android.server.wm.ActivityClientController.onTransact:130 
02-12 08:57:48.919  1244  3415 I WindowManager: Destroying surface Surface(name=com.sec.android.app.launcher/com.sec.android.app.launcher.activities.LauncherActivity$_8298)/@0xceca7b5 called by com.android.server.wm.WindowStateAnimator.destroySurface:987 com.android.server.wm.WindowStateAnimator.destroySurfaceLocked:518 com.android.server.wm.WindowState.destroySurfaceUnchecked:4246 com.android.server.wm.WindowState.destroySurface:4220 com.android.server.wm.ActivityRecord.destroySurfaces:5866 com.android.server.wm.ActivityRecord.destroySurfaces:5847 com.android.server.wm.ActivityRecord.notifyAppStopped:5911 com.android.server.wm.ActivityRecord.activityStopped:6553 
02-12 08:57:48.922 19546 19732 I Unity   : MemoryManager: Using 'Dynamic Heap' Allocator.
02-12 08:57:48.923  5281 19218 W BtGatt.GattService: unfreezeScan() - No AppScanStats found with uid: 10329
02-12 08:57:48.924  1244  3412 W InputMethodManagerService: onSessionCreated
02-12 08:57:48.925 15002 15002 I MSHandlerLifeCycle: isMultiSplitHandlerRequested: ignored. pkg=com.samsung.android.honeyboard isActivity=false callers=com.android.internal.policy.DecorView.setVisibility:4295 android.app.Dialog.hide:741 android.inputmethodservice.InputMethodService.removeImeSurface:1143 android.inputmethodservice.InputMethodService.scheduleImeSurfaceRemoval:1136 android.inputmethodservice.InputMethodService.access$1400:354 
02-12 08:57:48.925 15002 15002 I MSHandlerLifeCycle: removeMultiSplitHandler: no exist. decor=DecorView@5ad6569[InputMethod]
02-12 08:57:48.926   917   917 D SurfaceFlinger: Display 4633128672291735999 HWC layers:
02-12 08:57:48.926   917   917 D SurfaceFlinger:  SOLID_COLOR |              | 0002 |  Unknown  |    0.0    0.0    0.0    0.0 |    0   75 1080 2316 | Background for SurfaceView - com.esg[...]ayer.UnityPlayerActivity@c4f319e@0#0
02-12 08:57:48.926   917   917 D SurfaceFlinger:      DEVICE | 0xb40000730f33ef90 | 0100 | RGBA_8888    |    0.0    0.0 1080.0 2316.0 |    0    0 1080 2316 | com.esg.idle.guild.tycoon/com.unity3d.player.UnityPlayerActivity$_19546#0
02-12 08:57:48.926   917   917 D SurfaceFlinger:      DEVICE | 0xb40000730f33e890 | 0100 | RGBA_8888    |    0.0    0.0 1080.0 2316.0 |    0    0 1080 2316 | Splash Screen com.esg.idle.guild.tycoon$_1663#0
02-12 08:57:48.926   917   917 D SurfaceFlinger:      DEVICE | 0xb40000730f337f90 | 0100 | RGBA_8888    |    0.0    0.0 1080.0   75.0 |    0    0 1080   75 | StatusBar$_1663#0
02-12 08:57:48.926   917   917 D SurfaceFlinger:      DEVICE | 0xb40000730f33a450 | 0100 | RGBA_8888    |    0.0    0.0 1080.0  135.0 |    0 2181 1080 2316 | NavigationBar0$_1663#0
02-12 08:57:48.926   917   917 D SurfaceFlinger: 
02-12 08:57:48.927   917   917 I Layer   : id=152022 removeFromCurrentState com.sec.android.app.launcher/com.sec.android.app.launcher.activities.LauncherActivity$_8298#0 (621)
02-12 08:57:48.927   917   917 I Layer   : id=152025 removeFromCurrentState OneUiHome-BlurLayer#0 (621)
02-12 08:57:48.927   917   917 I SurfaceFlinger: id=152025 Removed OneUiHome-BlurLayer#0 (621)
02-12 08:57:48.932  1244  2755 D MARs:ActiveTrafficFilter: filter : com.google.android.documentsui(0)
02-12 08:57:48.932  1244  2755 D FreecessController: com.google.android.documentsui(10060) is important[8]
02-12 08:57:48.932  1244  2755 I PowerManagerService: [PWL] SetWakeLockEnableDisable uid = 10060 , disable= false
02-12 08:57:48.932  1244  2755 I PowerManagerService: [PWL] can not change uid =  10060
02-12 08:57:48.932  1244  2755 I PowerManagerService: [PWL] SetWakeLockEnableDisable uid = 10329 , disable= false
02-12 08:57:48.932  1244  2755 I PowerManagerService: [PWL] can not change uid =  10329
02-12 08:57:48.933  8298  8361 I LiveIconUpdateEventHandler: cancelDateChangeAlarm
02-12 08:57:48.933  1244  4218 D SamsungAlarmManager: Cancel Alarm calling from uid:10144 pid :8298 / OP:PendingIntent{10e7516: PendingIntentRecord{53ccc67 com.sec.android.app.launcher broadcastIntent}}
02-12 08:57:48.933  1244  3412 D InputMethodManagerService: checkDisplayOfStartInputAndUpdateKeyboard display Id 0last 0
02-12 08:57:48.934  1244  1306 E Native_CFMS: nativePerfMgrRemoveTask    Fail    tid : 8298    return : -1
02-12 08:57:48.934  1244  3412 D InputTransport: Input channel constructed: 'ClientS', fd=911
02-12 08:57:48.934  1663  2459 I ViewRootImpl@38d76bc[tycoon]: mWNT: t = android.view.SurfaceControl$Transaction@f16b8fd fN = 3 android.view.SyncRtSurfaceTransactionApplier.applyTransaction:94 android.view.SyncRtSurfaceTransactionApplier.lambda$scheduleApply$0$SyncRtSurfaceTransactionApplier:71 android.view.SyncRtSurfaceTransactionApplier$$ExternalSyntheticLambda0.onFrameDraw:4 
02-12 08:57:48.934  1663  2459 I ViewRootImpl@38d76bc[tycoon]: mWNT: merge t to BBQ
02-12 08:57:48.935  1244  3412 D InputTransport: Input channel destroyed: 'ClientS', fd=911
02-12 08:57:48.935  8298  8361 I LiveIconUpdateEventHandler: unregisterReceiver
02-12 08:57:48.936 19546 19546 D InputMethodManager: startInputInner - Id : 0
02-12 08:57:48.943  1244  4218 D RestrictionPolicy: isScreenCaptureEnabled : ret=true userId=0
02-12 08:57:48.943 15002 15002 I HBD     : HoneyBoardService onFinishInput 
02-12 08:57:48.943  1244  4218 I WindowManager: Cancelling animation restarting=true, leash=Surface(name=Surface(name=308cbae InputMethod)/@0x5c5f1e5 - animation-leash of insets_animation)/@0xbff9e4
02-12 08:57:48.943  1244  4218 I WindowManager: Reparenting to original parent: Surface(name=WindowToken{514d8b6 android.os.Binder@263851})/@0x119f4ba, destroy=false, surface=Surface(name=308cbae InputMethod)/@0x5c5f1e5
02-12 08:57:48.943  1244  4218 I WindowManager: Reparenting to leash, surface=Surface(name=308cbae InputMethod)/@0x5c5f1e5, leashParent=Surface(name=WindowToken{514d8b6 android.os.Binder@263851})/@0x119f4ba
02-12 08:57:48.943   917  1004 I SurfaceFlinger: id=152077 createSurf (0x0),-1 flag=24004, Surface(name=308cbae InputMethod)/@0x5c5f1e5 - animation-leash of insets_animation#1
02-12 08:57:48.944 15002 15002 I HBD     : a IC have been unbinding,  InputConnectionWrapper{idHash=#caf2395 mMissingMethods=}
02-12 08:57:48.944 15002 15002 I HBD     : HoneyBoardService [PF_CL][onFinishInput]  744922 ns 
02-12 08:57:48.944 15002 15002 I HBD     : HoneyBoardService [IMI] onStartInput - caller pid : 19546 , caller uid : 13170 
02-12 08:57:48.944 15002 15002 I HBD     : j updateConfigs 
02-12 08:57:48.944 15002 15002 I HBD     : j isEnabledNightMode : false 
02-12 08:57:48.944 15002 15002 I HBD     : a IC have been binding, InputConnectionWrapper{idHash=#3ad426f mMissingMethods=} 
02-12 08:57:48.944 15002 15002 I HBD     : h [EditorInputType]setPrivateImeOptionsToTable privateImeOptions ( null )
02-12 08:57:48.944 15002 15002 I HBD     : b incognitoMode : false 
02-12 08:57:48.946  1244  4218 D WindowManager: makeSurface duration=3 leash=Surface(name=Surface(name=308cbae InputMethod)/@0x5c5f1e5 - animation-leash of insets_animation)/@0xff7186d
02-12 08:57:48.947  1663  2458 I ViewRootImpl@38d76bc[tycoon]: mWNT: t = android.view.SurfaceControl$Transaction@9b809f2 fN = 4 android.view.SyncRtSurfaceTransactionApplier.applyTransaction:94 android.view.SyncRtSurfaceTransactionApplier.lambda$scheduleApply$0$SyncRtSurfaceTransactionApplier:71 android.view.SyncRtSurfaceTransactionApplier$$ExternalSyntheticLambda0.onFrameDraw:4 
02-12 08:57:48.947  1663  2458 I ViewRootImpl@38d76bc[tycoon]: mWNT: merge t to BBQ
02-12 08:57:48.950   917  1004 I SurfaceFlinger: id=152022 Removed com.sec.android.app.launcher/com.sec.android.app.launcher.activities.LauncherActivity$_8298#0 (622)
02-12 08:57:48.952  1244  4218 D InputMethodManagerServicePhysicalKey: isConnectedDexOnPC false
02-12 08:57:48.952  1244  4218 D InputMethodManagerService: isImeSwitcherDisabledPackage : false
02-12 08:57:48.958  1244  1305 I ActivityTaskManager: Displayed com.esg.idle.guild.tycoon/com.unity3d.player.UnityPlayerActivity: +974ms
02-12 08:57:48.958  1244  1305 I Pageboost: Launch time gathered : pid 19546 com.esg.idle.guild.tycoon 974
02-12 08:57:48.958  1663  2459 I ViewRootImpl@38d76bc[tycoon]: mWNT: t = android.view.SurfaceControl$Transaction@9902843 fN = 5 android.view.SyncRtSurfaceTransactionApplier.applyTransaction:94 android.view.SyncRtSurfaceTransactionApplier.lambda$scheduleApply$0$SyncRtSurfaceTransactionApplier:71 android.view.SyncRtSurfaceTransactionApplier$$ExternalSyntheticLambda0.onFrameDraw:4 
02-12 08:57:48.958  1663  2459 I ViewRootImpl@38d76bc[tycoon]: mWNT: merge t to BBQ
02-12 08:57:48.961  1244 19755 D TspStateManager: update cmd=set_grip_data,0,0,0,0
02-12 08:57:48.962  2970  2970 E pageboostd: Received HALT command code 2
02-12 08:57:48.965  6296  6296 I ViewRootImpl@6798a72[CocktailBarService]: Relayout returned: old=(1013,1004,1080,1346) new=(1013,1004,1080,1346) req=(67,342)8 dur=2 res=0x1 s={false 0} ch=false fn=-1
02-12 08:57:48.965 19546 19546 I DecorView: notifyKeepScreenOnChanged: keepScreenOn=true
02-12 08:57:48.966 19546 19546 I MSHandlerLifeCycle: isMultiSplitHandlerRequested: windowingMode=1 isFullscreen=true isPopOver=false isHidden=false skipActivityType=false isHandlerType=true this: DecorView@84416dd[UnityPlayerActivity]
02-12 08:57:48.966  6296  6296 I CocktailBarUiController: onCocktailBarStateChanged: flag=0x1 vis=2 bgType= showTimeout=-1 activate=true
02-12 08:57:48.967 19546 19732 I Unity   : SystemInfo CPU = ARM64 FP ASIMD AES, Cores = 8, Memory = 7295mb
02-12 08:57:48.967 19546 19732 I Unity   : SystemInfo ARM big.LITTLE configuration: 4 big (mask: 0xf0), 4 little (mask: 0xf)
02-12 08:57:48.967 19546 19732 I Unity   : ApplicationInfo com.esg.idle.guild.tycoon version 0.1.2.0
02-12 08:57:48.967 19546 19732 I Unity   : Built from '2021.3/staging' branch, Version '2021.3.18f1 (3129e69bc0c7)', Build type 'Release', Scripting Backend 'il2cpp', CPU 'arm64-v8a', Stripping 'Enabled'
02-12 08:57:48.969  1244  1566 D SemNscXgbMsL1: Probability - Cloud gaming: [0.0059104413]
02-12 08:57:48.970  1244  1566 D SemNscXgbMsL1: Probability - Real time: [0.76290333]
02-12 08:57:48.970  1244  1566 D SemNscXgbMsL1: Probability - Non real time: [0.13568264]
02-12 08:57:48.970  1244  1566 D SemNscXgbMsL1: 1 sample inference time: 0.194023 msecs
02-12 08:57:48.971 19546 19671 W AnalyticsUserIDStore: initStore should have been called before calling setUserID
02-12 08:57:48.970  1244  1566 D SemNscXgbL2Rt: L2 RT 1 sample inference time: 0.376367 msecs
02-12 08:57:48.975  1244  1566 D SemNscXgbL2Nrt: L2 NRT 1 sample inference time: 0.343125 msecs
02-12 08:57:48.976  1244  3888 D PowerManagerService: [api] acquire WakeLock SCREEN_BRIGHT_WAKE_LOCK        'WindowManager' ON_AFTER_RELEASE (uid=1000 pid=1244 ws=WorkSource{13170} displayId=-1)
02-12 08:57:48.977 19546 19546 I ViewRootImpl@a25f8b[UnityPlayerActivity]: Relayout returned: old=(0,0,1080,2316) new=(0,0,1080,2316) req=(1080,2316)0 dur=6 res=0x1 s={true -5476376605280267088} ch=false fn=2
02-12 08:57:48.977 19546 19546 I ViewRootImpl@a25f8b[UnityPlayerActivity]: updateBoundsLayer: t = android.view.SurfaceControl$Transaction@b5e9058 sc = Surface(name=Bounds for - com.esg.idle.guild.tycoon/com.unity3d.player.UnityPlayerActivity@0)/@0x34e75b1 frame = 2
02-12 08:57:48.977 19546 19546 I ViewRootImpl@a25f8b[UnityPlayerActivity]: mWNT: t = android.view.SurfaceControl$Transaction@b5e9058 fN = 2 android.view.ViewRootImpl.prepareSurfaces:2778 android.view.ViewRootImpl.performTraversals:4024 android.view.ViewRootImpl.doTraversal:2919 
02-12 08:57:48.977 19546 19546 I ViewRootImpl@a25f8b[UnityPlayerActivity]: mWNT: merge t to BBQ
02-12 08:57:48.981   917   917 I Layer   : id=152030 removeFromCurrentState Surface(name=308cbae InputMethod)/@0x5c5f1e5 - animation-leash of insets_animation#0 (622)
02-12 08:57:48.981   917   917 I SurfaceFlinger: id=152030 Removed Surface(name=308cbae InputMethod)/@0x5c5f1e5 - animation-leash of insets_animation#0 (622)
02-12 08:57:48.981   917   917 I Layer   : id=152022 Destroyed com.sec.android.app.launcher/com.sec.android.app.launcher.activities.LauncherActivity$_8298#0
02-12 08:57:48.981   917   917 I Layer   : id=152025 Destroyed OneUiHome-BlurLayer#0
02-12 08:57:48.982   917   917 I Layer   : id=152030 Destroyed Surface(name=308cbae InputMethod)/@0x5c5f1e5 - animation-leash of insets_animation#0
02-12 08:57:48.982   917   917 D SurfaceFlinger: GPIS:: requestGPIS
02-12 08:57:48.994  1663  1919 D OpenGLRenderer: setSurface called with nullptr
02-12 08:57:48.994  1663  1919 D OpenGLRenderer: setSurface() destroyed EGLSurface
02-12 08:57:48.994  1663  1919 D OpenGLRenderer: destroyEglSurface
02-12 08:57:49.003  1244  3339 I WindowManager: Reparenting to leash, surface=Surface(name=39e29e6 Splash Screen com.esg.idle.guild.tycoon)/@0x651eab4, leashParent=Surface(name=ActivityRecord{7182f5a u0 com.esg.idle.guild.tycoon/com.unity3d.player.UnityPlayerActivity t10581})/@0x24e79a3
02-12 08:57:49.004   917  1004 I SurfaceFlinger: id=152078 createSurf (0x0),-1 flag=24000, Surface(name=39e29e6 Splash Screen com.esg.idle.guild.tycoon)/@0x651eab4 - animation-leash of window_animation#0
02-12 08:57:49.004 15002 15002 I HBD     : a needOff = true , isForceOff = false, isNullInputClass : true 
02-12 08:57:49.004 15002 15002 I HBD     : h getDefaultInputRange : UNKNOWN 
02-12 08:57:49.004 15002 15002 I HBD     : h getDefaultInputRange : UNKNOWN 
02-12 08:57:49.005 15002 15002 I HBD     : h getDefaultInputRange : UNKNOWN 
02-12 08:57:49.005  1244  4218 D DARUtil : is enterprise user : 0
02-12 08:57:49.009  1244  3339 D WindowManager: makeSurface duration=5 leash=Surface(name=Surface(name=39e29e6 Splash Screen com.esg.idle.guild.tycoon)/@0x651eab4 - animation-leash of window_animation)/@0xd7cfe20
02-12 08:57:49.016 19546 19546 I DecorView: notifyKeepScreenOnChanged: keepScreenOn=true
02-12 08:57:49.016 19546 19546 I MSHandlerLifeCycle: isMultiSplitHandlerRequested: windowingMode=1 isFullscreen=true isPopOver=false isHidden=false skipActivityType=false isHandlerType=true this: DecorView@84416dd[UnityPlayerActivity]
02-12 08:57:49.016  1663  1813 I ViewRootImpl@38d76bc[tycoon]: Relayout returned: old=(0,0,1080,2316) new=(0,0,1080,2316) req=(1080,2316)8 dur=15 res=0x5 s={false 0} ch=true fn=6
02-12 08:57:49.017  1663  1813 I ViewRootImpl@38d76bc[tycoon]: DirectWriting, detachedFromWindow, clear editTexts
02-12 08:57:49.017  1663  1813 I ViewRootImpl@38d76bc[tycoon]: dispatchDetachedFromWindow
02-12 08:57:49.018 19546 19546 I ViewRootImpl@a25f8b[UnityPlayerActivity]: Relayout returned: old=(0,0,1080,2316) new=(0,0,1080,2316) req=(1080,2316)0 dur=2 res=0x1 s={true -5476376605280267088} ch=false fn=3
02-12 08:57:49.019 19546 19546 I SurfaceView@c4f319e: pST: sr = Rect(0, 0 - 1080, 2316) sw = 1080 sh = 2316
02-12 08:57:49.019 19546 19546 I SurfaceView@c4f319e: onSSPAndSRT: pl = 0 pt = 0 sx = 1.0 sy = 1.0
02-12 08:57:49.019 19546 19546 I SurfaceView@c4f319e: pST: mTmpTransaction.apply, mTmpTransaction = android.view.SurfaceControl$Transaction@3453503
02-12 08:57:49.019 19546 19546 I SurfaceView@c4f319e: updateSurface: mVisible = true mSurface.isValid() = true
02-12 08:57:49.019 19546 19546 I SurfaceView@c4f319e: updateSurface: mSurfaceCreated = true surfaceChanged = false visibleChanged = false
02-12 08:57:49.019 19546 19546 I SurfaceView@c4f319e: surfaceChanged (1080,2316) 1 #5 android.view.SurfaceView{c4f319e VFE...... .F....ID 0,0-1080,2316 #7f0a02b2 app:id/unitySurfaceView aid=1073741824}
02-12 08:57:49.020 19546 19546 I ViewRootImpl@a25f8b[UnityPlayerActivity]: [DP] dp(1) 1 android.view.SurfaceView.updateSurface:1375 android.view.SurfaceView.setFrame:675 android.view.View.layout:24458 
02-12 08:57:49.020 19546 19546 I ViewRootImpl@a25f8b[UnityPlayerActivity]: [DP] pdf(0) 1 android.view.SurfaceView.notifyDrawFinished:599 android.view.SurfaceView.performDrawFinished:586 android.view.SurfaceView.$r8$lambda$st27mCkd9jfJkTrN_P3qIGKX6NY:0 
02-12 08:57:49.020 19546 19546 I ViewRootImpl@a25f8b[UnityPlayerActivity]: [DP] rdf()
02-12 08:57:49.020 19546 19546 D ViewRootImpl@a25f8b[UnityPlayerActivity]: reportDrawFinished (fn: 3) 
02-12 08:57:49.020  1244  3888 D WindowManager: finishDrawingWindow: Window{7600640 u0 com.esg.idle.guild.tycoon/com.unity3d.player.UnityPlayerActivity} mDrawState=HAS_DRAWN
02-12 08:57:49.022   842 19540 I HYPER-HAL: [RequestManager.cpp]releaseLocked(): Released ID : 795708
02-12 08:57:49.027  1244  5076 I WindowManager: Cancelling animation restarting=false, leash=Surface(name=Surface(name=7600640 com.esg.idle.guild.tycoon/com.unity3d.player.UnityPlayerActivity)/@0xfe144d2 - animation-leash of starting_reveal)/@0xb8ba4a0
02-12 08:57:49.027  1244  5076 I WindowManager: Reparenting to original parent: Surface(name=ActivityRecord{7182f5a u0 com.esg.idle.guild.tycoon/com.unity3d.player.UnityPlayerActivity t10581})/@0x24e79a3, destroy=false, surface=Surface(name=7600640 com.esg.idle.guild.tycoon/com.unity3d.player.UnityPlayerActivity)/@0xfe144d2
02-12 08:57:49.028  1244  5076 D InputTransport: Input channel destroyed: '39e29e6', fd=938
02-12 08:57:49.028  1244  5076 W InputManager-JNI: Input channel object '39e29e6 Splash Screen com.esg.idle.guild.tycoon (client)' was disposed without first being removed with the input manager!
02-12 08:57:49.028  1244  5076 D InputTransport: Input channel destroyed: '39e29e6', fd=979
02-12 08:57:49.030  1663  1813 D InputTransport: Input channel destroyed: '39e29e6', fd=307
02-12 08:57:49.037   917   917 I Layer   : id=152076 removeFromCurrentState Surface(name=7600640 com.esg.idle.guild.tycoon/com.unity3d.player.UnityPlayerActivity)/@0xfe144d2 - animation-leash of starting_reveal#0 (620)
02-12 08:57:49.039 15002 15002 I HBD     : h getDefaultInputRange : UNKNOWN 
02-12 08:57:49.039 15002 15002 I HBD     : a currentState : 0 
02-12 08:57:49.063  1244  1309 I WindowManager: Reparenting to original parent: Surface(name=ActivityRecord{7182f5a u0 com.esg.idle.guild.tycoon/com.unity3d.player.UnityPlayerActivity t10581})/@0x24e79a3, destroy=true, surface=Surface(name=39e29e6 Splash Screen com.esg.idle.guild.tycoon)/@0x651eab4
02-12 08:57:49.063  1244  1309 E WindowManager: win=Window{39e29e6 u0 Splash Screen com.esg.idle.guild.tycoon EXITING} destroySurfaces: appStopped=false win.mWindowRemovalAllowed=true win.mRemoveOnExit=true win.mViewVisibility=8 caller=com.android.server.wm.ActivityRecord.destroySurfaces:5866 com.android.server.wm.ActivityRecord.destroySurfaces:5847 com.android.server.wm.WindowState.onExitAnimationDone:5989 com.android.server.wm.WindowStateAnimator.onAnimationFinished:242 com.android.server.wm.WindowState.onAnimationFinished:6242 com.android.server.wm.WindowContainer$$ExternalSyntheticLambda0.onAnimationFinished:2 com.android.server.wm.SurfaceAnimator.lambda$getFinishedCallback$0$SurfaceAnimator:113 
02-12 08:57:49.063  1244  1309 I WindowManager: Destroying surface Surface(name=Splash Screen com.esg.idle.guild.tycoon$_1663)/@0xe9f68e4 called by com.android.server.wm.WindowStateAnimator.destroySurface:987 com.android.server.wm.WindowStateAnimator.destroySurfaceLocked:518 com.android.server.wm.WindowState.destroySurfaceUnchecked:4246 com.android.server.wm.WindowState.destroySurface:4220 com.android.server.wm.ActivityRecord.destroySurfaces:5866 com.android.server.wm.ActivityRecord.destroySurfaces:5847 com.android.server.wm.WindowState.onExitAnimationDone:5989 com.android.server.wm.WindowStateAnimator.onAnimationFinished:242 
02-12 08:57:49.066  1663  1663 D NavigationBar: onSystemBarAttributesChanged() -  displayId:0, appearance:20 (APPEARANCE_LOW_PROFILE_BARS APPEARANCE_LIGHT_NAVIGATION_BARS ), navbarColorManagedByIme:false
02-12 08:57:49.071  1244  1716 D MdnieScenarioControlService:  packageName : com.esg.idle.guild.tycoon    className : com.unity3d.player.UnityPlayerActivity
02-12 08:57:49.088   917   917 I Layer   : id=152063 removeFromCurrentState Splash Screen com.esg.idle.guild.tycoon$_1663#0 (620)
02-12 08:57:49.088 15002 15002 I HBD     : h load selected json path : /data/user/0/com.samsung.android.honeyboard/files/selected.json 
02-12 08:57:49.088   917   917 I Layer   : id=152062 removeFromCurrentState 39e29e6 Splash Screen com.esg.idle.guild.tycoon#0 (620)
02-12 08:57:49.088   917   917 I Layer   : id=152078 removeFromCurrentState Surface(name=39e29e6 Splash Screen com.esg.idle.guild.tycoon)/@0x651eab4 - animation-leash of window_animation#0 (620)
02-12 08:57:49.088 15002 15002 I HBD     : h load selected json info : {"version":"4.1","currentLanguageOrder":0,"selected":[{"activeOptionList":["auto_replace","auto_spacing","writing_assistant"],"engName":"English","id":65537,"inputType":"qwerty","isUsed":true}]} 
02-12 08:57:49.088   917   917 I SurfaceFlinger: id=152062 Removed 39e29e6 Splash Screen com.esg.idle.guild.tycoon#0 (620)
02-12 08:57:49.089   917   917 I SurfaceFlinger: id=152063 Removed Splash Screen com.esg.idle.guild.tycoon$_1663#0 (620)
02-12 08:57:49.089   917   917 I SurfaceFlinger: id=152078 Removed Surface(name=39e29e6 Splash Screen com.esg.idle.guild.tycoon)/@0x651eab4 - animation-leash of window_animation#0 (620)
02-12 08:57:49.089   917   917 I Layer   : id=152078 Destroyed Surface(name=39e29e6 Splash Screen com.esg.idle.guild.tycoon)/@0x651eab4 - animation-leash of window_animation#0
02-12 08:57:49.089   917   917 I Layer   : id=152062 Destroyed 39e29e6 Splash Screen com.esg.idle.guild.tycoon#0
02-12 08:57:49.089 15002 15002 I HBD     : a [UpdatePolicy] [post] a: 0 cl: 65537 kit: [0/0] vt: 0 ir: 1 
02-12 08:57:49.091 15002 15002 I HBD     : HoneyBoardService [PF_OP][onStartInput]  147313789 ns 
02-12 08:57:49.092   917   917 I Layer   : id=152063 Destroyed Splash Screen com.esg.idle.guild.tycoon$_1663#0
02-12 08:57:49.103   917   917 D SurfaceFlinger: Display 4633128672291735999 HWC layers:
02-12 08:57:49.103   917   917 D SurfaceFlinger:  SOLID_COLOR |              | 0002 |  Unknown  |    0.0    0.0    0.0    0.0 |    0    0 1080 2316 | Background for SurfaceView - com.esg[...]ayer.UnityPlayerActivity@c4f319e@0#0
02-12 08:57:49.103   917   917 D SurfaceFlinger:      DEVICE | 0xb40000730f33ef90 | 0100 | RGBA_8888    |    0.0    0.0 1080.0 2316.0 |    0    0 1080 2316 | com.esg.idle.guild.tycoon/com.unity3d.player.UnityPlayerActivity$_19546#0
02-12 08:57:49.103   917   917 D SurfaceFlinger:      DEVICE | 0xb40000730f34ba90 | 0100 | RGBA_8888    |    0.0   57.0 1080.0   75.0 |    0    0 1080   18 | StatusBar$_1663#0
02-12 08:57:49.103   917   917 D SurfaceFlinger:      DEVICE | 0xb40000730f31eed0 | 0100 | RGBA_8888    |    0.0    0.0 1080.0   32.0 |    0 2284 1080 2316 | NavigationBar0$_1663#0
02-12 08:57:49.103   917   917 D SurfaceFlinger: 
02-12 08:57:49.115  1244  5076 D SamsungAlarmManager: Cancel Alarm calling from uid:10244 pid :16051 / OP:PendingIntent{7c19e4e: PendingIntentRecord{a005b6f com.google.android.gms/com.google.android.gms.measurement broadcastIntent}}
02-12 08:57:49.116  1244  1571 D SemWifiTransportLayerUtils: getPlaystoreCategory, indexCategoryStart : -1
02-12 08:57:49.120  1244  1571 D SemWifiTransportLayerUtils: getPlaystoreCategory, indexDownloadStart : -1
02-12 08:57:49.120  1244  1571 D SemWifiTransportLayerMonitor.TcpMonitorHandler: MSG_SAVE_PACKAGE_INFO
02-12 08:57:49.120  1244  1571 D SemWifiTransportLayerFileManager: saveWifiPackageInfoToFile
02-12 08:57:49.120  1244  1571 D SemWifiTransportLayerFileManager: writeWifiPackageInfoList
02-12 08:57:49.133 18920 19539 I GOS:SystemEventReactor: addPkgDataFromServer(), A package was added : com.esg.idle.guild.tycoon as game
02-12 08:57:49.139 15002 15002 I MSHandlerLifeCycle: isMultiSplitHandlerRequested: ignored. pkg=com.samsung.android.honeyboard isActivity=false callers=com.android.internal.policy.DecorView.setVisibility:4295 android.app.Dialog.hide:741 android.inputmethodservice.InputMethodService.removeImeSurface:1143 android.inputmethodservice.InputMethodService.scheduleImeSurfaceRemoval:1136 android.inputmethodservice.InputMethodService.access$1400:354 
02-12 08:57:49.139 15002 15002 I MSHandlerLifeCycle: removeMultiSplitHandler: no exist. decor=DecorView@5ad6569[InputMethod]
02-12 08:57:49.148 18920 19539 W GOS:GmsGlobalPackageDataSetter: putToGameMap(), refreshGameMap is null. refreshGameMap=null
02-12 08:57:49.148 18920 19539 W GOS:GmsGlobalPackageDataSetter: applySingleGame(), start
02-12 08:57:49.158  1244  4218 D SamsungAlarmManager: setInexact (T:3/F:0/AC:false) 20240212T085751 now=4715011991 - CU:10244/CP:18188/OP:PendingIntent{19d515a: PendingIntentRecord{39899ab com.google.android.gms/com.google.android.gms.scheduler broadcastIntent}}
02-12 08:57:49.172  1244  3415 D SamsungAlarmManager: Cancel Alarm calling from uid:10244 pid :16051 / OP:PendingIntent{6a24967: PendingIntentRecord{a005b6f com.google.android.gms/com.google.android.gms.measurement broadcastIntent}}
02-12 08:57:49.179  1244  5076 D SamsungAlarmManager: Cancel Alarm calling from uid:10244 pid :16051 / OP:PendingIntent{220d314: PendingIntentRecord{a005b6f com.google.android.gms/com.google.android.gms.measurement broadcastIntent}}
02-12 08:57:49.185 13909 14702 I Finsky  : [10709] akgq.S(291): Package com.google.android.gms is verified.
02-12 08:57:49.190  1244  3888 D SamsungAlarmManager: Cancel Alarm calling from uid:10244 pid :18188 / OP:PendingIntent{dc227bd: PendingIntentRecord{39899ab com.google.android.gms/com.google.android.gms.scheduler broadcastIntent}}
02-12 08:57:49.190 16051 18870 W FA-SVC  : Service response is missing Install Referrer install timestamp
02-12 08:57:49.194  1244  5076 D SamsungAlarmManager: setInexact (T:3/F:0/AC:false) 20240212T095217 now=4715012027 - CU:10244/CP:18188/OP:PendingIntent{cf4b1b2: PendingIntentRecord{39899ab com.google.android.gms/com.google.android.gms.scheduler broadcastIntent}}
02-12 08:57:49.196  1244  5076 D SamsungAlarmManager: setInexact (T:3/F:0/AC:false) 20240212T085809 now=4715012029 - CU:10244/CP:18188/OP:PendingIntent{4001503: PendingIntentRecord{39899ab com.google.android.gms/com.google.android.gms.scheduler broadcastIntent}}
02-12 08:57:49.197  1244  5076 D SamsungAlarmManager: Cancel Alarm calling from uid:10244 pid :18188 / OP:PendingIntent{dc20c80: PendingIntentRecord{39899ab com.google.android.gms/com.google.android.gms.scheduler broadcastIntent}}
02-12 08:57:49.198  1244  5076 D SamsungAlarmManager: setInexact (T:3/F:0/AC:false) 20240212T085809 now=4715012031 - CU:10244/CP:18188/OP:PendingIntent{66e82b9: PendingIntentRecord{39899ab com.google.android.gms/com.google.android.gms.scheduler broadcastIntent}}
02-12 08:57:49.209   842 19746 I HYPER-HAL: [RequestManager.cpp]releaseLocked(): Released ID : 796971
02-12 08:57:49.223   917   917 D SurfaceFlinger: Display 4633128672291735999 HWC layers:
02-12 08:57:49.223   917   917 D SurfaceFlinger:  SOLID_COLOR |              | 0002 |  Unknown  |    0.0    0.0    0.0    0.0 |    0    0 1080 2316 | Background for SurfaceView - com.esg[...]ayer.UnityPlayerActivity@c4f319e@0#0
02-12 08:57:49.223   917   917 D SurfaceFlinger:      DEVICE | 0xb40000730f33ef90 | 0100 | RGBA_8888    |    0.0    0.0 1080.0 2316.0 |    0    0 1080 2316 | com.esg.idle.guild.tycoon/com.unity3d.player.UnityPlayerActivity$_19546#0
02-12 08:57:49.223   917   917 D SurfaceFlinger:      CLIENT | 0xb40000730f33a450 | 0100 | RGBA_8888    |    0.0    0.0 1080.0    1.0 |    0 2315 1080 2316 | NavigationBar0$_1663#0
02-12 08:57:49.223   917   917 D SurfaceFlinger: 
02-12 08:57:49.239   917   917 D SurfaceFlinger: Display 4633128672291735999 HWC layers:
02-12 08:57:49.239   917   917 D SurfaceFlinger:  SOLID_COLOR |              | 0002 |  Unknown  |    0.0    0.0    0.0    0.0 |    0    0 1080 2316 | Background for SurfaceView - com.esg[...]ayer.UnityPlayerActivity@c4f319e@0#0
02-12 08:57:49.239   917   917 D SurfaceFlinger:      DEVICE | 0xb40000730f33ef90 | 0100 | RGBA_8888    |    0.0    0.0 1080.0 2316.0 |    0    0 1080 2316 | com.esg.idle.guild.tycoon/com.unity3d.player.UnityPlayerActivity$_19546#0
02-12 08:57:49.239   917   917 D SurfaceFlinger: 
02-12 08:57:49.255  3421  3710 I L0      : limitCPUFreq:: freq = -1
02-12 08:57:49.257  3421  3710 I SemDvfsHyPerManager: acquire hyper - BaseTABoost/3421@23, type = 1090523139
02-12 08:57:49.257   842   957 I HYPER-HAL: [RequestManager.cpp]acquire(): Acquired ID : 5932313  [3421 / 23]    HINT :      list : [TABoost / 1] 
02-12 08:57:49.279 18920 19539 I GOS:SiopModeFeature: getUpdatedConfig. global siopMode: 1
02-12 08:57:49.291 18920 19539 I SemDesktopModeManager: registerListener: com.samsung.android.game.gos.selibrary.SeDexManager$1@8cb11c
02-12 08:57:49.296 18920 19539 I GOS:Dss : getDssValueForCurrentMode(). is multi resolution
02-12 08:57:49.297 18920 19539 I GOS:Dss : getDssValueForCurrentMode(). global target short side is available.
02-12 08:57:49.305 18920 19539 W GOS:VrrFeature: refreshIds()- Some DisplayMode not found!: {96=2, 48=4, 120=1, 90=null, 60=3}
02-12 08:57:49.307 18920 19539 I GOS:VrrFeature: updateDisplayModes(): displayModes: [{id=1, width=1440, height=3088, fps=120.00001, alternativeRefreshRates=[10.0, 24.0, 30.0, 48.0, 60.0, 96.0]}, {id=2, width=1440, height=3088, fps=96.0, alternativeRefreshRates=[10.0, 24.0, 30.0, 48.0, 60.0, 120.00001]}, {id=3, width=1440, height=3088, fps=60.0, alternativeRefreshRates=[10.0, 24.0, 30.0, 48.0, 96.0, 120.00001]}, {id=4, width=1440, height=3088, fps=48.0, alternativeRefreshRates=[10.0, 24.0, 30.0, 60.0, 96.0, 120.00001]}, {id=5, width=1440, height=3088, fps=30.0, alternativeRefreshRates=[10.0, 24.0, 48.0, 60.0, 96.0, 120.00001]}, {id=6, width=1440, height=3088, fps=24.0, alternativeRefreshRates=[10.0, 30.0, 48.0, 60.0, 96.0, 120.00001]}, {id=7, width=1440, height=3088, fps=10.0, alternativeRefreshRates=[24.0, 30.0, 48.0, 60.0, 96.0, 120.00001]}, {id=8, width=1080, height=2316, fps=120.00001, alternativeRefreshRates=[10.0, 24.0, 30.0, 48.0, 60.0, 96.0]}, {id=9, width=1080, height=2316, fps=96.0, alternativeRefreshRates=[10.0, 24.0, 30.0, 48.0, 60.0, 120.00001]}, {id=10, width=1080, height=2316, fps=60.0, alternativeRefreshRates=[10.0, 24.0, 30.0, 48.0, 96.0, 120.00001]}, {id=11, width=1080, height=2316, fps=48.0, alternativeRefreshRates=[10.0, 24.0, 30.0, 60.0, 96.0, 120.00001]}, {id=12, width=1080, height=2316, fps=30.0, alternativeRefreshRates=[10.0, 24.0, 48.0, 60.0, 96.0, 120.00001]}, {id=13, width=1080, height=2316, fps=24.0, alternativeRefreshRates=[10.0, 30.0, 48.0, 60.0, 96.0, 120.00001]}, {id=14, width=1080, height=2316, fps=10.0, alternativeRefreshRates=[24.0, 30.0, 48.0, 60.0, 96.0, 120.00001]}, {id=15, width=720, height=1544, fps=120.00001, alternativeRefreshRates=[10.0, 24.0, 30.0, 48.0, 60.0, 96.0]}, {id=16, width=720, height=1544, fps=96.0, alternativeRefreshRates=[10.0, 24.0, 30.0, 48.0, 60.0, 120.00001]}, {id=17, width=720, height=1544, fps=60.0, alternativeRefreshRates=[10.0, 24.0, 30.0, 48.0, 96.0, 120.00001]}, {id=18, width=720, height=1544, fps=48.0, alternativeRefreshRates=[10.0, 24.0, 30.0, 60.0, 96.0, 120.00001]}, {id=19, width=720, height=1544, fps=30.0, alternativeRefreshRates=[10.0, 24.0, 48.0, 60.0, 96.0, 120.00001]}, {id=20, width=720, height=1544, fps=24.0, alternativeRefreshRates=[10.0, 30.0, 48.0, 60.0, 96.0, 120.00001]}, {id=21, width=720, height=1544, fps=10.0, alternativeRefreshRates=[24.0, 30.0, 48.0, 60.0, 96.0, 120.00001]}]
02-12 08:57:49.307 18920 19539 I GOS:VrrFeature: updateDisplayModes()-{96=2, 48=4, 120=1, 90=null, 60=3}
02-12 08:57:49.316  1244  1425 D SEP_UNION_SemDeviceInfoManagerService: onReceive : android.intent.action.PACKAGE_CHANGED, userId = 0 
02-12 08:57:49.317  1244  1386 D OverlayManager: reconcileSettingsForPackage pkgName=com.esg.idle.guild.tycoon userId=0
02-12 08:57:49.317  1244  1386 I OverlayManager: updateOverlaysForTarget() called with: targetPackage = [com.esg.idle.guild.tycoon], userId = [0], flags = [0], skipLocaleOverlays = [true]
02-12 08:57:49.317  1244  1305 D CompanionDeviceManagerService: onPackageModified(packageName = com.esg.idle.guild.tycoon)
02-12 08:57:49.318  1244  1423 I RoleService: Granting default roles...
02-12 08:57:49.319 26226 26226 I SCS@AiSearch user 0: (PackageBroadcastReceiver) onReceive android.intent.action.PACKAGE_CHANGED
02-12 08:57:49.319 26226 26226 I SCS@AiSearch user 0: (PackageBroadcastReceiver) packageName: com.esg.idle.guild.tycoon
02-12 08:57:49.319 26226 26226 I SCS@AiSearch user 0: (PackageBroadcastReceiver) Packages changed: [com.esg.idle.guild.tycoon]
02-12 08:57:49.319 26226 26226 I SCS@AiSearch user 0: (AppsDataObserver) scheduling worker CMD_UPDATE_LIST
02-12 08:57:49.320 24267 25456 D SemCarrierFeature: [get] phoneId should be 0 or 1
02-12 08:57:49.320  1244  1244 D DualDARComnService: reConnectAgentsByPkgName:: package: com.esg.idle.guild.tycoon
02-12 08:57:49.320 24267 24267 E PhoneInterfaceManager: [PhoneIntfMgr] getCarrierPackageNamesForIntentAndPhone: No UICC
02-12 08:57:49.320 24267 24267 D CarrierSvcBindHelper: No carrier app for: 0
02-12 08:57:49.320 24267 24267 E PhoneInterfaceManager: [PhoneIntfMgr] getCarrierPackageNamesForIntentAndPhone: No UICC
02-12 08:57:49.320 24267 24267 D CarrierSvcBindHelper: No carrier app for: 1
02-12 08:57:49.321 24267 24267 D ImsResolver: maybeAddedImsService, packageName: com.esg.idle.guild.tycoon
02-12 08:57:49.321  1244  1244 D SamsungAlarmManager: setInexact (T:3/F:0/AC:false) 20240212T090000 now=4715012155 - CU:1000/CP:1244/L:213bd47:*job.delay*
02-12 08:57:49.321  1244  1244 D DARUtil : is enterprise user : 0
02-12 08:57:49.322  1244  1244 I Telecom : DefaultDialerCache: Refreshing default dialer for user 0: now com.samsung.android.dialer: DDC.oR@his
02-12 08:57:49.324  1244  1425 D ActivityManager: Received SERVICE intent 0x679c9b1 Key{startService pkg=com.samsung.android.app.routines intent=act=com.samsung.android.rotine.ACTION_PACKAGE_CHANGED cmp=com.samsung.android.app.routines/.domainmodel.core.service.RoutineService flags=0x0 u=0} requestCode=10000 from uid 1000
02-12 08:57:49.324  1244  1425 D SEP_UNION_SemDeviceInfoManagerService: sendIntentAction() action = android.intent.action.PACKAGE_CHANGED, tag =  
02-12 08:57:49.324 11903 11903 I Routine@Core[3.5.01.31]: RoutineService: onCreate
02-12 08:57:49.327  1244  1455 I InputReader: Reconfiguring input devices, changes=KEYBOARD_LAYOUTS |  16
02-12 08:57:49.327  1244  1244 D ApplicationPolicy: No updatable permission to DENY found for com.esg.idle.guild.tycoon(0)
02-12 08:57:49.327  5795 15005 I PermissionControllerServiceImpl: Updating user sensitive for uid 13170
02-12 08:57:49.328  1244  1244 D ApplicationPolicy: No updatable permission to GRANT found for com.esg.idle.guild.tycoon(0)
02-12 08:57:49.331 11903 11903 I SEP_UNION_SemUnionManager: getUnionService() : semeventdelegator 
02-12 08:57:49.332  5795 18776 D SemCarrierFeature: [get] phoneId should be 0 or 1
02-12 08:57:49.334  1966  1966 D RegisteredNfcFServicesCache: Service unchanged, not updating
02-12 08:57:49.335  1244  4218 D SEP_UNION_SemDeviceInfoManagerService: registerPendingIntentInternal() action = android.intent.action.PACKAGE_CHANGED, android.intent.action.PACKAGE_ADDED, android.intent.action.PACKAGE_FULLY_REMOVED, android.intent.action.MY_PACKAGE_REPLACED, android.intent.action.PACKAGE_REPLACED, android.intent.action.PACKAGE_REMOVED, callingPackage = com.samsung.android.app.routines, userId = 0, flag = 0, conditions = null 
02-12 08:57:49.335  5795 18776 W Role    : Cannot get ApplicationInfo for default holder: com.android.contacts
02-12 08:57:49.336 11903 11903 I SEP_UNION_SemUnionManager: getUnionService() : semeventdelegator 
02-12 08:57:49.336 11903 11903 I SEP_UNION_SemUnionManager: getUnionService() : semeventdelegator 
02-12 08:57:49.337 11903 11903 I Routine@Core[3.5.01.31]: SettingsWrapper: ultraPowerSavingMode: -1
02-12 08:57:49.337 11903 11903 I Routine@Core[3.5.01.31]: RoutineService: onStartCommand: com.samsung.android.rotine.ACTION_PACKAGE_CHANGED
02-12 08:57:49.339 13909 13909 I Finsky  : [2] ably.onStartJob(128): SCH: job service start with id 9376.
02-12 08:57:49.341 11903 11903 I Routine@Core[3.5.01.31]: RoutineService: onDestroy
02-12 08:57:49.342  1663  1663 D KeyguardUpdateMonitor: received broadcast android.intent.action.PACKAGE_CHANGED
