02-13 07:59:39.836   891   891 I Layer   : id=275569 Destroyed ActivityRecord{b09121d u0 com.android.systemui/.media.MediaProjectionPermissionActivity t6211}#275569
02-13 07:59:39.836   891   891 I Layer   : id=275568 Destroyed Task=6211#275568
02-13 07:59:39.838 23083  4306 I SB_Processor: action : com.samsung.android.sm.security.service.ACTION_SERVICE_STATUS_CHANGED
02-13 07:59:39.838  1111  1161 V WindowManager: Display added displayId=652
02-13 07:59:39.838  1111  1161 D WindowManager: onDisplayAdded, displayId=652 display=Display id 652: DisplayInfo{"WebRTC_ScreenCapture", displayId 652, displayGroupId 0, FLAG_PRESENTATION, real 1080 x 2340, largest app 2340 x 2340, smallest app 1080 x 1080, appVsyncOff 0, presDeadline 16666666, mode 128360.0, defaultMode 1283, REFRESH_RATE_MODE_SEAMLESS, modes [{id=1283, width=1080, height=2340, fps=60.0, alternativeRefreshRates=[], supportedHdrTypes=[]}], hdrCapabilities null, userDisabledHdrTypes [], minimalPostProcessingSupported false, rotation 0, state ON, committedState UNKNOWN, type VIRTUAL, uniqueId "virtual:com.lambdatest.androidwebrtc,10383,WebRTC_ScreenCapture,0", app 1080 x 2340, density 400 (400.0 x 400.0) dpi, layerStack 652, colorMode 0, supportedColorModes [0], deviceProductInfo null, owner com.lambdatest.androidwebrtc (uid 10383), removeMode 0, refreshRateOverride 60.0, brightnessMinimum 0.0, brightnessMaximum 0.0, brightnessDefault 0.0, installOrientation ROTATION_0, layoutLimitedRefreshRate null, hdrSdrRatio not_available, thermalRefreshRateThrottling {}, thermalBrightnessThrottlingDataId default}, DisplayMetrics{density=2.5, width=1080, height=2340, scaledDensity=2.5, xdpi=400.0, ydpi=400.0}, isValid=true
02-13 07:59:39.838  1111  1161 I WindowManager: notifyDisplayReady() >> CMFA startEnableTouchEvent called for Display Id : 652
02-13 07:59:39.838  1111  1161 D WALLPAPER_SVC:WallpaperManagerService: onDisplayReadyInternal, displayId = 652 
02-13 07:59:39.838  1111  1111 D WALLPAPER_SVC:WallpaperManagerService: onDisplayAdded, 652 
02-13 07:59:39.839  1111  1161 I WindowManager: TouchEventView is already added
02-13 07:59:39.839 23083  4306 I SB_BgScanServiceCompleted : name : initialization_service, status  : started
02-13 07:59:39.840  3686  3754 D ConnectivityManager: StackLog: [android.net.ConnectivityManager.sendRequestForNetwork(ConnectivityManager.java:4322)] [android.net.ConnectivityManager.sendRequestForNetwork(ConnectivityManager.java:4364)] [android.net.ConnectivityManager.requestNetwork(ConnectivityManager.java:4502)] [android.net.ConnectivityManager.requestNetwork(ConnectivityManager.java:4480)] [org.webrtc.NetworkMonitorAutoDetect$ConnectivityManagerDelegate.requestMobileNetwork(NetworkMonitorAutoDetect.java:467)] [org.webrtc.NetworkMonitorAutoDetect.<init>(NetworkMonitorAutoDetect.java:664)] [org.webrtc.NetworkMonitor$1.create(NetworkMonitor.java:50)] [org.webrtc.NetworkMonitor.createNetworkChangeDetector(NetworkMonitor.java:193)] [org.webrtc.NetworkMonitor.startMonitoring(NetworkMonitor.java:108)] [org.webrtc.NetworkMonitor.startMonitoring(NetworkMonitor.java:138)]
02-13 07:59:39.840  2114  2363 D DisplayLifecycle: addDisplay id = 652
02-13 07:59:39.841  1111  1691 D CompatibilityChangeReporter: Compat change id reported: 266524688; UID 10383; state: DISABLED
02-13 07:59:39.841  2114  2114 I AODTileStateController: onDisplayAdded: 652
02-13 07:59:39.841  2114  2114 I AODTileStateController: requestListeningState: 
02-13 07:59:39.841  1111  1691 D ConnectivityService: requestNetwork for uid/pid:10383/3686 activeRequest: null callbackRequest: 68388 [NetworkRequest [ REQUEST id=68388, [ Transports: CELLULAR Capabilities: INTERNET&NOT_RESTRICTED&TRUSTED&NOT_VPN&NOT_VCN_MANAGED Uid: 10383 RequestorUid: 10383 RequestorPkg: com.lambdatest.androidwebrtc UnderlyingNetworks: Null] ]] callback flags: 0 order: 2147483647
02-13 07:59:39.841  1111  7730 D CompatibilityChangeReporter: Compat change id reported: 172251878; UID 10055; state: ENABLED
02-13 07:59:39.841  1111  7730 D StatusBarManagerService: isSecCustomTile : componentName =ComponentInfo{com.samsung.android.app.aodservice/com.samsung.android.app.aodservice.settings.AODTileService}
02-13 07:59:39.841  2114  2114 D TileServices: Couldn't find tile for ComponentInfo{com.samsung.android.app.aodservice/com.samsung.android.app.aodservice.settings.AODTileService}(0)
02-13 07:59:39.841  1111  7730 D WifiDisplayAdapter: isFitToActiveDisplayLocked : false
02-13 07:59:39.841  2114  2363 D DisplayLifecycle: updateSmartViewFitToActiveDisplay : false
02-13 07:59:39.841  2114  2363 D DisplayLifecycle: updateCacheVariables id = 652, display = Display id 652: DisplayInfo{"WebRTC_ScreenCapture", displayId 652, displayGroupId 0, FLAG_PRESENTATION, real 1080 x 2340, largest app 2340 x 2340, smallest app 1080 x 1080, appVsyncOff 0, presDeadline 16666666, mode 128360.0, defaultMode 1283, REFRESH_RATE_MODE_SEAMLESS, modes [{id=1283, width=1080, height=2340, fps=60.0, alternativeRefreshRates=[], supportedHdrTypes=[]}], hdrCapabilities null, userDisabledHdrTypes [], minimalPostProcessingSupported false, rotation 0, state ON, committedState UNKNOWN}, DisplayMetrics{density=2.5, width=1080, height=2340, scaledDensity=2.5, xdpi=400.0, ydpi=400.0}, isValid=true, size = Point(1080, 2340), realSize = Point(1080, 2340), rotation = 0
02-13 07:59:39.842  3686  3754 D ConnectivityManager: StackLog: [android.net.ConnectivityManager.sendRequestForNetwork(ConnectivityManager.java:4322)] [android.net.ConnectivityManager.sendRequestForNetwork(ConnectivityManager.java:4364)] [android.net.ConnectivityManager.registerNetworkCallback(ConnectivityManager.java:4746)] [android.net.ConnectivityManager.registerNetworkCallback(ConnectivityManager.java:4716)] [org.webrtc.NetworkMonitorAutoDetect$ConnectivityManagerDelegate.registerNetworkCallback(NetworkMonitorAutoDetect.java:458)] [org.webrtc.NetworkMonitorAutoDetect.<init>(NetworkMonitorAutoDetect.java:671)] [org.webrtc.NetworkMonitor$1.create(NetworkMonitor.java:50)] [org.webrtc.NetworkMonitor.createNetworkChangeDetector(NetworkMonitor.java:193)] [org.webrtc.NetworkMonitor.startMonitoring(NetworkMonitor.java:108)] [org.webrtc.NetworkMonitor.startMonitoring(NetworkMonitor.java:138)]
02-13 07:59:39.842  1111  1786 D ConnectivityService: Rematched networks [computed 0ms] [applied 1ms] [issued 1]
02-13 07:59:39.842  1111  1786 D ConnectivityService: NetworkReassignment : no changes
02-13 07:59:39.844  2114  2114 D SystemUIService: SYSUI_RAM_OPTIMIZATION onTrimMemory=20
02-13 07:59:39.844  2114  2114 D CentralSurfaces: SYSUI_RAM_OPTIMIZATION onTrimMemory=20
02-13 07:59:39.844  2114  2114 D SystemUIService: onTrimMemory : 20
02-13 07:59:39.844  2114  2114 D MemoryMonitor: Last Info is 02-13 07:59:39.407. It still remains until reset time. So skip this.
02-13 07:59:39.844  1111  1786 D ConnectivityService: Rematched networks [computed 0ms] [applied 0ms] [issued 2]
02-13 07:59:39.844  1111  1786 D ConnectivityService: NetworkReassignment : no changes
02-13 07:59:39.845  1111  1163 D DisplayManagerService: Delivering display group event: groupId=0, event=2
02-13 07:59:39.845  2114  2365 D OpenGLRenderer: CacheManager::trimMemory(20)
02-13 07:59:39.845  1111  1163 D PowerManagerService: onDisplayGroupChanged: groupId=0
02-13 07:59:39.846  3686  3756 D webrtc  : onIceGatheringChange: GATHERING
02-13 07:59:39.847  1111  1111 D SGM:GameManager: onDisplayChanged. displyId: 652, state: 2
02-13 07:59:39.849  1111  1161 V WindowManager: Content Recording: Display 652 state is now (2), so update recording?
02-13 07:59:39.850  3686  3756 D webrtc  : onIceCandidate:  for peer lt_qp2csugF
02-13 07:59:39.850  3686  3756 D webrtc  : onIceCandidate:  for peer lt_qp2csugF
02-13 07:59:39.850  1294  1356 I HoneySpace.TopTaskSource: onTaskMovedToFront : taskId = 6202
02-13 07:59:39.850  3686  3756 D webrtc  : onIceCandidate:  for peer lt_qp2csugF
02-13 07:59:39.851  3916 24751 E MediaProvider: insertFileIfNecessary failed
02-13 07:59:39.851  3916 24751 E MediaProvider: java.lang.IllegalArgumentException: Primary directory null not allowed for content://media/external_primary/file; allowed directories are [Download, Documents]
02-13 07:59:39.851  3916 24751 E MediaProvider: 	at com.android.providers.media.MediaProvider.ensureFileColumns(MediaProvider.java:4411)
02-13 07:59:39.851  3916 24751 E MediaProvider: 	at com.android.providers.media.MediaProvider.ensureUniqueFileColumns(MediaProvider.java:4035)
02-13 07:59:39.851  3916 24751 E MediaProvider: 	at com.android.providers.media.MediaProvider.insertFile(MediaProvider.java:4833)
02-13 07:59:39.851  3916 24751 E MediaProvider: 	at com.android.providers.media.MediaProvider.insertInternal(MediaProvider.java:5428)
02-13 07:59:39.851  3916 24751 E MediaProvider: 	at com.android.providers.media.MediaProvider.insert(MediaProvider.java:5121)
02-13 07:59:39.851  3916 24751 E MediaProvider: 	at com.android.providers.media.MediaProvider.insertFileForFuse(MediaProvider.java:10052)
02-13 07:59:39.851  3916 24751 E MediaProvider: 	at com.android.providers.media.MediaProvider.insertFileIfNecessaryForFuse(MediaProvider.java:10147)
02-13 07:59:39.851  3686  4307 I org.webrtc.Logging: NetworkMonitorAutoDetect: Network becomes available: 253
02-13 07:59:39.851  4215  4215 I FILP/FilterProvider: query: E
02-13 07:59:39.851  1294  1361 I HoneySpace.TopTaskUseCase: topTasks 6202 ComponentInfo{com.sec.android.app.launcher/com.sec.android.app.launcher.Launcher}
02-13 07:59:39.853  3686  4307 I org.webrtc.Logging: NetworkMonitorAutoDetect: capabilities changed: [ Transports: WIFI Capabilities: NOT_METERED&INTERNET&NOT_RESTRICTED&TRUSTED&NOT_VPN&VALIDATED&NOT_ROAMING&FOREGROUND&NOT_CONGESTED&NOT_SUSPENDED&NOT_VCN_MANAGED LinkUpBandwidth>=3280Kbps LinkDnBandwidth>=40048Kbps TransportInfo: <SSID: <unknown ssid>, BSSID: 02:00:00:00:00:00, MAC: 02:00:00:00:00:00, IP: /10.100.61.101, Security type: 2, Supplicant state: COMPLETED, Wi-Fi standard: 5, RSSI: -27, Link speed: 400Mbps, Tx Link speed: 400Mbps, Max Supported Tx Link speed: 400Mbps, Rx Link speed: 400Mbps, Max Supported Rx Link speed: 400Mbps, Frequency: 5180MHz, Net ID: -1, Metered hint: false, score: 60, isUsable: true, CarrierMerged: false, SubscriptionId: -1, IsPrimary: -1, Trusted: true, Restricted: false, Ephemeral: false, OEM paid: false, OEM private: false, OSU AP: false, FQDN: <none>, Provider friendly name: <none>, Requesting package name: <none><none>MLO Information: , Is TID-To-Link negotiation supported by the AP: false, AP MLD Address: <none>, AP MLO Link Id: <none>, AP MLO Affiliated links: <none>> SignalStrength: -27 UnderlyingNetworks: Null]
02-13 07:59:39.854  3686  4307 I org.webrtc.Logging: NetworkMonitorAutoDetect: link properties changed
02-13 07:59:39.854  4215  4215 I FILP/a  : installFilters
02-13 07:59:39.854  4215  4215 I FILP/FilterProvider: query: X
02-13 07:59:39.855  1111  1835 I CocktailBarManagerServiceContainer: handleMessage: entry what = 6
02-13 07:59:39.855  1111  1835 I CocktailBarManagerServiceImpl: notePauseComponent : no active host
02-13 07:59:39.855  1111  1163 D SGM:FgCheckThread: notePauseComponent(), received pkgName: com.android.systemui, userId: 0
02-13 07:59:39.856  1111  1163 W DeviceAdminInfo: Unknown tag under uses-policies of ComponentInfo{com.manageengine.mdm.android/com.manageengine.mdm.framework.deviceadmin.DeviceAdminMonitor}: remote-control
02-13 07:59:39.856  1111  1163 W DeviceAdminInfo: Unknown tag under uses-policies of ComponentInfo{com.manageengine.mdm.android/com.manageengine.mdm.framework.deviceadmin.DeviceAdminMonitor}: disable-usb-debugging
02-13 07:59:39.857  1294  1356 I HoneySpace.TopTaskSource: onTaskFocusChanged(): taskId = 6202
02-13 07:59:39.857  1294  1356 I HoneySpace.TopTaskSource: onTaskFocusChanged(): taskId = 6202
02-13 07:59:39.857  1294  1356 I HoneySpace.TopTaskSource: onTaskMovedToFront : taskId = 6202
02-13 07:59:39.857  1294  1356 I HoneySpace.TopTaskSource: onTaskMovedToFront : taskId = 6202
02-13 07:59:39.857  1111  1163 D EnterpriseLicenseService: getPermissions() - deserializeObject
02-13 07:59:39.857  1111  1163 I EnterpriseDeviceAdminInfo: Add Granted permission : com.sec.enterprise.mdm.permission.MDM_SSO,com.samsung.android.knox.permission.KNOX_SSO
02-13 07:59:39.857  1111  1163 I EnterpriseDeviceAdminInfo: Add Granted permission : com.samsung.android.knox.permission.KNOX_DEX
02-13 07:59:39.857  1111  1163 I EnterpriseDeviceAdminInfo: Add Granted permission : com.samsung.android.knox.permission.KNOX_APN
02-13 07:59:39.857  1111  1163 I EnterpriseDeviceAdminInfo: Add Granted permission : com.samsung.android.knox.permission.KNOX_APP_MGMT
02-13 07:59:39.857  1111  1163 I EnterpriseDeviceAdminInfo: Add Granted permission : com.samsung.android.knox.permission.KNOX_BLUETOOTH
02-13 07:59:39.857  1111  1163 I EnterpriseDeviceAdminInfo: Add Granted permission : com.samsung.android.knox.permission.KNOX_BLUETOOTH_SECUREMODE
02-13 07:59:39.857  1111  1163 I EnterpriseDeviceAdminInfo: Add Granted permission : com.samsung.android.knox.permission.KNOX_BROWSER_PROXY
02-13 07:59:39.857  1111  1163 I EnterpriseDeviceAdminInfo: Add Granted permission : com.samsung.android.knox.permission.KNOX_BROWSER_SETTINGS
02-13 07:59:39.857  1111  1163 I EnterpriseDeviceAdminInfo: Add Granted permission : com.samsung.android.knox.permission.KNOX_CERT_PROVISIONING
02-13 07:59:39.857  1111  1163 I EnterpriseDeviceAdminInfo: Add Granted permission : com.samsung.android.knox.permission.KNOX_CLIPBOARD
02-13 07:59:39.857  1111  1163 I EnterpriseDeviceAdminInfo: Add Granted permission : com.samsung.android.knox.permission.KNOX_DATE_TIME
02-13 07:59:39.857  1111  1163 I EnterpriseDeviceAdminInfo: Add Granted permission : com.samsung.android.knox.permission.KNOX_DUAL_SIM
02-13 07:59:39.857  1111  1163 I EnterpriseDeviceAdminInfo: Add Granted permission : com.samsung.android.knox.permission.KNOX_EMAIL
02-13 07:59:39.857  1111  1163 I EnterpriseDeviceAdminInfo: Add Granted permission : com.samsung.android.knox.permission.KNOX_ENTERPRISE_DEVICE_ADMIN
02-13 07:59:39.857  1111  1163 I EnterpriseDeviceAdminInfo: Add Granted permission : com.samsung.android.knox.permission.KNOX_EXCHANGE
02-13 07:59:39.857  1111  1163 I EnterpriseDeviceAdminInfo: Add Granted permission : com.samsung.android.knox.permission.KNOX_FIREWALL
02-13 07:59:39.857  1111  1163 I EnterpriseDeviceAdminInfo: Add Granted permission : com.samsung.android.knox.permission.KNOX_GEOFENCING
02-13 07:59:39.857  1111  1163 I EnterpriseDeviceAdminInfo: Add Granted permission : com.samsung.android.knox.permission.KNOX_GLOBALPROXY
02-13 07:59:39.857  1111  1163 I EnterpriseDeviceAdminInfo: Add Granted permission : com.samsung.android.knox.permission.KNOX_HW_CONTROL
02-13 07:59:39.857  1111  1163 I EnterpriseDeviceAdminInfo: Add Granted permission : com.samsung.android.knox.permission.KNOX_INVENTORY
02-13 07:59:39.857  1111  1163 I EnterpriseDeviceAdminInfo: Add Granted permission : com.samsung.android.knox.permission.KNOX_KIOSK_MODE
02-13 07:59:39.857  1111  1163 I EnterpriseDeviceAdminInfo: Add Granted permission : com.samsung.android.knox.permission.KNOX_LDAP
02-13 07:59:39.857  1111  1163 I EnterpriseDeviceAdminInfo: Add Granted permission : com.samsung.android.knox.permission.KNOX_LICENSE_LOG
02-13 07:59:39.857  1111  1163 I EnterpriseDeviceAdminInfo: Add Granted permission : com.samsung.android.knox.permission.KNOX_LOCATION
02-13 07:59:39.857  1111  1163 I EnterpriseDeviceAdminInfo: Add Granted permission : com.samsung.android.knox.permission.KNOX_LOCKSCREEN
02-13 07:59:39.857  1111  1163 I EnterpriseDeviceAdminInfo: Add Granted permission : com.samsung.android.knox.permission.KNOX_MULTI_USER_MGMT
02-13 07:59:39.857  1111  1163 I EnterpriseDeviceAdminInfo: Add Granted permission : com.samsung.android.knox.permission.KNOX_PHONE_RESTRICTION
02-13 07:59:39.857  1111  1163 I EnterpriseDeviceAdminInfo: Add Granted permission : com.samsung.android.knox.permission.KNOX_REMOTE_CONTROL
02-13 07:59:39.857  1111  1163 I EnterpriseDeviceAdminInfo: Add Granted permission : com.samsung.android.knox.permission.KNOX_RESTRICTION_MGMT
02-13 07:59:39.857  1111  1163 I EnterpriseDeviceAdminInfo: Add Granted permission : com.samsung.android.knox.permission.KNOX_ROAMING
02-13 07:59:39.857  1111  1163 I EnterpriseDeviceAdminInfo: Add Granted permission : com.samsung.android.knox.permission.KNOX_SECURITY
02-13 07:59:39.857  1111  1163 I EnterpriseDeviceAdminInfo: Add Granted permission : com.samsung.android.knox.permission.KNOX_SENSITIVE_DATA_PROTECTION
02-13 07:59:39.857  1111  1163 I EnterpriseDeviceAdminInfo: Add Granted permission : com.samsung.android.knox.permission.KNOX_VPN
02-13 07:59:39.857  1111  1163 I EnterpriseDeviceAdminInfo: Add Granted permission : com.samsung.android.knox.permission.KNOX_WIFI
02-13 07:59:39.857  1111  1163 I EnterpriseDeviceAdminInfo: Add Granted permission : com.samsung.android.knox.permission.KNOX_NDA_DEVICE_SETTINGS
02-13 07:59:39.857  1111  1163 I EnterpriseDeviceAdminInfo: Add Granted permission : com.samsung.android.knox.permission.KNOX_NDA_PERIPHERAL
02-13 07:59:39.857  1111  1163 I EnterpriseDeviceAdminInfo: Add Granted permission : com.samsung.android.knox.permission.KNOX_NDA_DATA_ANALYTICS
02-13 07:59:39.857  1111  1163 I EnterpriseDeviceAdminInfo: Add Granted permission : com.samsung.android.knox.permission.KNOX_NDA_AI
02-13 07:59:39.857  1111  1163 I EnterpriseDeviceAdminInfo: Add Granted permission : com.samsung.android.knox.permission.KNOX_ENHANCED_ATTESTATION
02-13 07:59:39.858  1111  1163 W DeviceAdminInfo: Unknown tag under uses-policies of ComponentInfo{com.manageengine.mdm.android/com.manageengine.mdm.framework.deviceadmin.DeviceAdminMonitor}: remote-control
02-13 07:59:39.858  1111  1163 W DeviceAdminInfo: Unknown tag under uses-policies of ComponentInfo{com.manageengine.mdm.android/com.manageengine.mdm.framework.deviceadmin.DeviceAdminMonitor}: disable-usb-debugging
02-13 07:59:39.859  1111  1163 D EnterpriseLicenseService: getPermissions() - deserializeObject
02-13 07:59:39.859  1111  1163 I EnterpriseDeviceAdminInfo: Add Granted permission : com.sec.enterprise.mdm.permission.MDM_SSO,com.samsung.android.knox.permission.KNOX_SSO
02-13 07:59:39.859  1111  1163 I EnterpriseDeviceAdminInfo: Add Granted permission : com.samsung.android.knox.permission.KNOX_DEX
02-13 07:59:39.859  1111  1163 I EnterpriseDeviceAdminInfo: Add Granted permission : com.samsung.android.knox.permission.KNOX_APN
02-13 07:59:39.859  1111  1163 I EnterpriseDeviceAdminInfo: Add Granted permission : com.samsung.android.knox.permission.KNOX_APP_MGMT
02-13 07:59:39.859  1111  1163 I EnterpriseDeviceAdminInfo: Add Granted permission : com.samsung.android.knox.permission.KNOX_BLUETOOTH
02-13 07:59:39.859  1111  1163 I EnterpriseDeviceAdminInfo: Add Granted permission : com.samsung.android.knox.permission.KNOX_BLUETOOTH_SECUREMODE
02-13 07:59:39.859  1111  1163 I EnterpriseDeviceAdminInfo: Add Granted permission : com.samsung.android.knox.permission.KNOX_BROWSER_PROXY
02-13 07:59:39.859  1111  1163 I EnterpriseDeviceAdminInfo: Add Granted permission : com.samsung.android.knox.permission.KNOX_BROWSER_SETTINGS
02-13 07:59:39.859  1111  1163 I EnterpriseDeviceAdminInfo: Add Granted permission : com.samsung.android.knox.permission.KNOX_CERT_PROVISIONING
02-13 07:59:39.859  1111  1163 I EnterpriseDeviceAdminInfo: Add Granted permission : com.samsung.android.knox.permission.KNOX_CLIPBOARD
02-13 07:59:39.859  1111  1163 I EnterpriseDeviceAdminInfo: Add Granted permission : com.samsung.android.knox.permission.KNOX_DATE_TIME
02-13 07:59:39.859  1111  1163 I EnterpriseDeviceAdminInfo: Add Granted permission : com.samsung.android.knox.permission.KNOX_DUAL_SIM
02-13 07:59:39.859  1111  1163 I EnterpriseDeviceAdminInfo: Add Granted permission : com.samsung.android.knox.permission.KNOX_EMAIL
02-13 07:59:39.859  1111  1163 I EnterpriseDeviceAdminInfo: Add Granted permission : com.samsung.android.knox.permission.KNOX_ENTERPRISE_DEVICE_ADMIN
02-13 07:59:39.859  1111  1163 I EnterpriseDeviceAdminInfo: Add Granted permission : com.samsung.android.knox.permission.KNOX_EXCHANGE
02-13 07:59:39.859  1111  1163 I EnterpriseDeviceAdminInfo: Add Granted permission : com.samsung.android.knox.permission.KNOX_FIREWALL
02-13 07:59:39.859  1111  1163 I EnterpriseDeviceAdminInfo: Add Granted permission : com.samsung.android.knox.permission.KNOX_GEOFENCING
02-13 07:59:39.859  1111  1163 I EnterpriseDeviceAdminInfo: Add Granted permission : com.samsung.android.knox.permission.KNOX_GLOBALPROXY
02-13 07:59:39.859  1111  1163 I EnterpriseDeviceAdminInfo: Add Granted permission : com.samsung.android.knox.permission.KNOX_HW_CONTROL
02-13 07:59:39.859  1111  1163 I EnterpriseDeviceAdminInfo: Add Granted permission : com.samsung.android.knox.permission.KNOX_INVENTORY
02-13 07:59:39.859  1111  1163 I EnterpriseDeviceAdminInfo: Add Granted permission : com.samsung.android.knox.permission.KNOX_KIOSK_MODE
02-13 07:59:39.859  1111  1163 I EnterpriseDeviceAdminInfo: Add Granted permission : com.samsung.android.knox.permission.KNOX_LDAP
02-13 07:59:39.859  1111  1163 I EnterpriseDeviceAdminInfo: Add Granted permission : com.samsung.android.knox.permission.KNOX_LICENSE_LOG
02-13 07:59:39.859  1111  1163 I EnterpriseDeviceAdminInfo: Add Granted permission : com.samsung.android.knox.permission.KNOX_LOCATION
02-13 07:59:39.859  1111  1163 I EnterpriseDeviceAdminInfo: Add Granted permission : com.samsung.android.knox.permission.KNOX_LOCKSCREEN
02-13 07:59:39.859  1111  1163 I EnterpriseDeviceAdminInfo: Add Granted permission : com.samsung.android.knox.permission.KNOX_MULTI_USER_MGMT
02-13 07:59:39.859  1111  1163 I EnterpriseDeviceAdminInfo: Add Granted permission : com.samsung.android.knox.permission.KNOX_PHONE_RESTRICTION
02-13 07:59:39.859  1111  1163 I EnterpriseDeviceAdminInfo: Add Granted permission : com.samsung.android.knox.permission.KNOX_REMOTE_CONTROL
02-13 07:59:39.859  1111  1163 I EnterpriseDeviceAdminInfo: Add Granted permission : com.samsung.android.knox.permission.KNOX_RESTRICTION_MGMT
02-13 07:59:39.859  1111  1163 I EnterpriseDeviceAdminInfo: Add Granted permission : com.samsung.android.knox.permission.KNOX_ROAMING
02-13 07:59:39.859  1111  1163 I EnterpriseDeviceAdminInfo: Add Granted permission : com.samsung.android.knox.permission.KNOX_SECURITY
02-13 07:59:39.859  1111  1163 I EnterpriseDeviceAdminInfo: Add Granted permission : com.samsung.android.knox.permission.KNOX_SENSITIVE_DATA_PROTECTION
02-13 07:59:39.859  1111  1163 I EnterpriseDeviceAdminInfo: Add Granted permission : com.samsung.android.knox.permission.KNOX_VPN
02-13 07:59:39.859  1111  1163 I EnterpriseDeviceAdminInfo: Add Granted permission : com.samsung.android.knox.permission.KNOX_WIFI
02-13 07:59:39.859  1111  1163 I EnterpriseDeviceAdminInfo: Add Granted permission : com.samsung.android.knox.permission.KNOX_NDA_DEVICE_SETTINGS
02-13 07:59:39.859  1111  1163 I EnterpriseDeviceAdminInfo: Add Granted permission : com.samsung.android.knox.permission.KNOX_NDA_PERIPHERAL
02-13 07:59:39.859  1111  1163 I EnterpriseDeviceAdminInfo: Add Granted permission : com.samsung.android.knox.permission.KNOX_NDA_DATA_ANALYTICS
02-13 07:59:39.859  1111  1163 I EnterpriseDeviceAdminInfo: Add Granted permission : com.samsung.android.knox.permission.KNOX_NDA_AI
02-13 07:59:39.859  1111  1163 I EnterpriseDeviceAdminInfo: Add Granted permission : com.samsung.android.knox.permission.KNOX_ENHANCED_ATTESTATION
02-13 07:59:39.859  1111  1163 D EnterpriseDeviceManagerService: isMdmAdminPresentInternal() : MDM Admin Found - com.manageengine.mdm.android
02-13 07:59:39.859  1111  1835 I CocktailBarManagerServiceContainer: handleMessage: entry what = 5
02-13 07:59:39.859  1111  1835 I CocktailBarManagerServiceImpl: noteResumeComponent : no active host
02-13 07:59:39.859  1111  1163 I GameSDK@LifeCycle: noteResumeComponent(): package name  : com.sec.android.app.launcher
02-13 07:59:39.859  1111  1163 D SGM:FgCheckThread: noteResumeComponent(), received pkgName: com.sec.android.app.launcher, userId: 0
02-13 07:59:39.860  4215  4215 I FILP/FilterProvider: query: E
02-13 07:59:39.860  1111  1721 D SGM:FgCheckThread: onLooperPrepared(), msg: MSG_APP_RESUME, pkgName: com.sec.android.app.launcher, userid: 0
02-13 07:59:39.860  1111  1721 D SGM:FgCheckThread: handleResume().
02-13 07:59:39.860  1111  1721 D SGM:FgCheckThread:   handleResume(). same package with Prev KILL_YOURSELF. ignore
02-13 07:59:39.860  4215  4215 I FILP/a  : loadExternalFilter count : 10
02-13 07:59:39.860  1294  1345 I HoneySpace.RecentTasks: onRecentTasksChanged
02-13 07:59:39.861  4215  4215 I FILP/FilterProvider: query: X
02-13 07:59:39.862  4215  4215 I FILP/FilterProvider: query: E
02-13 07:59:39.862  1294  1294 I HoneySpace.TaskListViewModel: onTaskRemoved : 6211
02-13 07:59:39.863  1294  1294 I HoneySpace.BaseRecentsView: INVALID_TASK_POSITION 6211
02-13 07:59:39.863  1294  1294 I HoneySpace.TaskListViewModel: onTaskRemoved : 6211
02-13 07:59:39.863  1294  1356 I HoneySpace.TopTaskSource: onTaskRemoved: 6211
02-13 07:59:39.863  1294  1294 I HoneySpace.BaseRecentsView: INVALID_TASK_POSITION 6211
02-13 07:59:39.864  1294  1409 I HoneySpace.RecentTasks: onRecentTasksChanged
02-13 07:59:39.864  1294  1356 I HoneySpace.TopTaskSource: onTaskRemoved: 6211
02-13 07:59:39.864  4215  4215 I FILP/g  : getFileCount : file count = 1
02-13 07:59:39.864  4215  4215 I FILP/g  : isDBExists : count = 1, return.
02-13 07:59:39.865  2114  2363 D DisplayLifecycle: updateDisplay id = 652
02-13 07:59:39.866  1111  1640 I ActivityManager: Flag disabled. Ignoring finishAttachApplication from uid: 1000. pid: 4215
02-13 07:59:39.866  3916  4894 E MediaProvider: insertFileIfNecessary failed
02-13 07:59:39.866  3916  4894 E MediaProvider: java.lang.IllegalArgumentException: Primary directory null not allowed for content://media/external_primary/file; allowed directories are [Download, Documents]
02-13 07:59:39.866  3916  4894 E MediaProvider: 	at com.android.providers.media.MediaProvider.ensureFileColumns(MediaProvider.java:4411)
02-13 07:59:39.866  3916  4894 E MediaProvider: 	at com.android.providers.media.MediaProvider.ensureUniqueFileColumns(MediaProvider.java:4035)
02-13 07:59:39.866  3916  4894 E MediaProvider: 	at com.android.providers.media.MediaProvider.insertFile(MediaProvider.java:4833)
02-13 07:59:39.866  3916  4894 E MediaProvider: 	at com.android.providers.media.MediaProvider.insertInternal(MediaProvider.java:5428)
02-13 07:59:39.866  3916  4894 E MediaProvider: 	at com.android.providers.media.MediaProvider.insert(MediaProvider.java:5121)
02-13 07:59:39.866  3916  4894 E MediaProvider: 	at com.android.providers.media.MediaProvider.insertFileForFuse(MediaProvider.java:10052)
02-13 07:59:39.866  3916  4894 E MediaProvider: 	at com.android.providers.media.MediaProvider.insertFileIfNecessaryForFuse(MediaProvider.java:10147)
02-13 07:59:39.866  1111  1367 D PowerManagerService: displayReady: false groupId=0
02-13 07:59:39.866  1111  1367 D DisplayPowerController2[0]: animateScreenStateChange: target=ON, mIsEnabled=true
02-13 07:59:39.867  1111  1367 D DisplayPowerController2[652]: animateScreenStateChange: target=ON, mIsEnabled=true
02-13 07:59:39.867  1111  1367 D PowerManagerService: displayReady: true groupId=0
02-13 07:59:39.867  4215  4215 I FILP/PackageIntentReceiver: action 1: com.samsung.android.provider.filterprovider.INTENT_PACKAGE_REMOVED
02-13 07:59:39.867  4215  4215 I FILP/PackageIntentReceiver: pkgName : com.github.uiautomator.test
02-13 07:59:39.867  4215  4215 I FILP/PackageIntentReceiver: action 2: com.samsung.android.provider.filterprovider.INTENT_PACKAGE_REMOVED
02-13 07:59:39.867  4215  4215 I FILP/PackageIntentReceiver: action 3: com.samsung.android.provider.filterprovider.INTENT_PACKAGE_REMOVED
02-13 07:59:39.867  4215  4215 W ContextImpl: Calling a method in the system process without a qualified user: android.app.ContextImpl.startService:1960 android.content.ContextWrapper.startService:842 android.content.ContextWrapper.startService:842 com.samsung.android.provider.filterprovider.PackageIntentReceiver.onReceive:410 android.app.ActivityThread.handleReceiver:4896 
02-13 07:59:39.870  3916  4903 E MediaProvider: insertFileIfNecessary failed
02-13 07:59:39.870  3916  4903 E MediaProvider: java.lang.IllegalArgumentException: Primary directory null not allowed for content://media/external_primary/file; allowed directories are [Download, Documents]
02-13 07:59:39.870  3916  4903 E MediaProvider: 	at com.android.providers.media.MediaProvider.ensureFileColumns(MediaProvider.java:4411)
02-13 07:59:39.870  3916  4903 E MediaProvider: 	at com.android.providers.media.MediaProvider.ensureUniqueFileColumns(MediaProvider.java:4035)
02-13 07:59:39.870  3916  4903 E MediaProvider: 	at com.android.providers.media.MediaProvider.insertFile(MediaProvider.java:4833)
02-13 07:59:39.870  3916  4903 E MediaProvider: 	at com.android.providers.media.MediaProvider.insertInternal(MediaProvider.java:5428)
02-13 07:59:39.870  3916  4903 E MediaProvider: 	at com.android.providers.media.MediaProvider.insert(MediaProvider.java:5121)
02-13 07:59:39.870  3916  4903 E MediaProvider: 	at com.android.providers.media.MediaProvider.insertFileForFuse(MediaProvider.java:10052)
02-13 07:59:39.870  3916  4903 E MediaProvider: 	at com.android.providers.media.MediaProvider.insertFileIfNecessaryForFuse(MediaProvider.java:10147)
02-13 07:59:39.870  4215  4215 I FILP/FilterPackageService: onStartCommand(com.samsung.android.provider.filterprovider.INTENT_PACKAGE_REMOVED)
02-13 07:59:39.871  4215  4356 I FILP/c  : uninstallFilters
02-13 07:59:39.871  4215  4356 I FILP/FilterProvider: query: X
02-13 07:59:39.873  4215  4356 I FILP/FilterProvider: query: E
02-13 07:59:39.873  4215  4356 I FILP/c  : removeFromFS : com.github.uiautomator.test, cursor size : 0
02-13 07:59:39.873  3916 14194 E MediaProvider: insertFileIfNecessary failed
02-13 07:59:39.873  3916 14194 E MediaProvider: java.lang.IllegalArgumentException: Primary directory null not allowed for content://media/external_primary/file; allowed directories are [Download, Documents]
02-13 07:59:39.873  3916 14194 E MediaProvider: 	at com.android.providers.media.MediaProvider.ensureFileColumns(MediaProvider.java:4411)
02-13 07:59:39.873  3916 14194 E MediaProvider: 	at com.android.providers.media.MediaProvider.ensureUniqueFileColumns(MediaProvider.java:4035)
02-13 07:59:39.873  3916 14194 E MediaProvider: 	at com.android.providers.media.MediaProvider.insertFile(MediaProvider.java:4833)
02-13 07:59:39.873  3916 14194 E MediaProvider: 	at com.android.providers.media.MediaProvider.insertInternal(MediaProvider.java:5428)
02-13 07:59:39.873  3916 14194 E MediaProvider: 	at com.android.providers.media.MediaProvider.insert(MediaProvider.java:5121)
02-13 07:59:39.873  3916 14194 E MediaProvider: 	at com.android.providers.media.MediaProvider.insertFileForFuse(MediaProvider.java:10052)
02-13 07:59:39.873  3916 14194 E MediaProvider: 	at com.android.providers.media.MediaProvider.insertFileIfNecessaryForFuse(MediaProvider.java:10147)
02-13 07:59:39.873 23083 23083 I SB_Receiver: action : com.samsung.android.sm.security.service.ACTION_SERVICE_STATUS_CHANGED
02-13 07:59:39.874  4215  4356 I FILP/c  : Delete DB result : com.github.uiautomator.test, 0
02-13 07:59:39.874  4090  4287 I WM-WorkerWrapper: Worker result SUCCESS for Work [ id=8f90c4b4-7896-48ab-91cd-aa32eb4629de, tags={ com.samsung.android.sm.devicesecurity.InitializationService, InitializationService } ]
02-13 07:59:39.874 23083 23083 W ContextImpl: Calling a method in the system process without a qualified user: android.app.ContextImpl.startService:1960 android.content.ContextWrapper.startService:842 com.samsung.android.sm.security.model.trigger.SecurityBridgeProvider.b:17 com.samsung.android.sm.security.model.trigger.SecurityBridgeProvider.call:285 android.content.ContentProvider.call:2760 
02-13 07:59:39.875  4215  4356 I FILP/c  : uninstallFilters mPackageName: com.github.uiautomator.test
02-13 07:59:39.877  1111  1691 D PackageManager: setEnabledSetting : userId = 0 packageName = com.samsung.android.sm.devicesecurity cmp = androidx.work.impl.background.systemalarm.RescheduleReceiver newState = 2 callingPackage = com.samsung.android.sm.devicesecurity
02-13 07:59:39.877  3916 11996 E MediaProvider: insertFileIfNecessary failed
02-13 07:59:39.877  3916 11996 E MediaProvider: java.lang.IllegalArgumentException: Primary directory null not allowed for content://media/external_primary/file; allowed directories are [Download, Documents]
02-13 07:59:39.877  3916 11996 E MediaProvider: 	at com.android.providers.media.MediaProvider.ensureFileColumns(MediaProvider.java:4411)
02-13 07:59:39.877  3916 11996 E MediaProvider: 	at com.android.providers.media.MediaProvider.ensureUniqueFileColumns(MediaProvider.java:4035)
02-13 07:59:39.877  3916 11996 E MediaProvider: 	at com.android.providers.media.MediaProvider.insertFile(MediaProvider.java:4833)
02-13 07:59:39.877  3916 11996 E MediaProvider: 	at com.android.providers.media.MediaProvider.insertInternal(MediaProvider.java:5428)
02-13 07:59:39.877  3916 11996 E MediaProvider: 	at com.android.providers.media.MediaProvider.insert(MediaProvider.java:5121)
02-13 07:59:39.877  3916 11996 E MediaProvider: 	at com.android.providers.media.MediaProvider.insertFileForFuse(MediaProvider.java:10052)
02-13 07:59:39.877  3916 11996 E MediaProvider: 	at com.android.providers.media.MediaProvider.insertFileIfNecessaryForFuse(MediaProvider.java:10147)
02-13 07:59:39.877 23083  4359 I SB_Processor: action : com.samsung.android.sm.security.service.ACTION_SERVICE_STATUS_CHANGED
02-13 07:59:39.877 23083  4359 I SB_BgScanServiceCompleted : name : initialization_service, status  : completed
02-13 07:59:39.881   759   765 E statsd  : Predicate 7729334320784921827 dropping data for dimension key (27)0x10000->10143[I] 
02-13 07:59:39.882  3916 11328 E MediaProvider: insertFileIfNecessary failed
02-13 07:59:39.882  3916 11328 E MediaProvider: java.lang.IllegalArgumentException: Primary directory null not allowed for content://media/external_primary/file; allowed directories are [Download, Documents]
02-13 07:59:39.882  3916 11328 E MediaProvider: 	at com.android.providers.media.MediaProvider.ensureFileColumns(MediaProvider.java:4411)
02-13 07:59:39.882  3916 11328 E MediaProvider: 	at com.android.providers.media.MediaProvider.ensureUniqueFileColumns(MediaProvider.java:4035)
02-13 07:59:39.882  3916 11328 E MediaProvider: 	at com.android.providers.media.MediaProvider.insertFile(MediaProvider.java:4833)
02-13 07:59:39.882  3916 11328 E MediaProvider: 	at com.android.providers.media.MediaProvider.insertInternal(MediaProvider.java:5428)
02-13 07:59:39.882  3916 11328 E MediaProvider: 	at com.android.providers.media.MediaProvider.insert(MediaProvider.java:5121)
02-13 07:59:39.882  3916 11328 E MediaProvider: 	at com.android.providers.media.MediaProvider.insertFileForFuse(MediaProvider.java:10052)
02-13 07:59:39.882  3916 11328 E MediaProvider: 	at com.android.providers.media.MediaProvider.insertFileIfNecessaryForFuse(MediaProvider.java:10147)
02-13 07:59:39.884  1111  1914 D NetdEventListenerService: DNS Requested by 253, 10383, 31
02-13 07:59:39.884   759   765 E statsd  : Predicate 7729334320784921827 dropping data for dimension key (27)0x10000->10143[I] 
02-13 07:59:39.885  1111  1914 D NetdEventListenerService: DNS Requested by 253, 10383, 31
02-13 07:59:39.885  1111  1914 D NetdEventListenerService: DNS Requested by 253, 10383, 32
02-13 07:59:39.885  1111  1914 D NetdEventListenerService: DNS Requested by 253, 10383, 31
02-13 07:59:39.886  1111  1914 D NetdEventListenerService: DNS Requested by 253, 10383, 31
02-13 07:59:39.886  1111  1914 D NetdEventListenerService: DNS Requested by 253, 10383, 32
02-13 07:59:39.886  1111  1914 D NetdEventListenerService: DNS Requested by 253, 10383, 32
02-13 07:59:39.886  1111  1914 D NetdEventListenerService: DNS Requested by 253, 10383, 29
02-13 07:59:39.886  1111  1914 D NetdEventListenerService: DNS Requested by 253, 10383, 33
02-13 07:59:39.887  3916 19167 E MediaProvider: insertFileIfNecessary failed
02-13 07:59:39.887  3916 19167 E MediaProvider: java.lang.IllegalArgumentException: Primary directory null not allowed for content://media/external_primary/file; allowed directories are [Download, Documents]
02-13 07:59:39.887  3916 19167 E MediaProvider: 	at com.android.providers.media.MediaProvider.ensureFileColumns(MediaProvider.java:4411)
02-13 07:59:39.887  3916 19167 E MediaProvider: 	at com.android.providers.media.MediaProvider.ensureUniqueFileColumns(MediaProvider.java:4035)
02-13 07:59:39.887  3916 19167 E MediaProvider: 	at com.android.providers.media.MediaProvider.insertFile(MediaProvider.java:4833)
02-13 07:59:39.887  3916 19167 E MediaProvider: 	at com.android.providers.media.MediaProvider.insertInternal(MediaProvider.java:5428)
02-13 07:59:39.887  3916 19167 E MediaProvider: 	at com.android.providers.media.MediaProvider.insert(MediaProvider.java:5121)
02-13 07:59:39.887  3916 19167 E MediaProvider: 	at com.android.providers.media.MediaProvider.insertFileForFuse(MediaProvider.java:10052)
02-13 07:59:39.887  3916 19167 E MediaProvider: 	at com.android.providers.media.MediaProvider.insertFileIfNecessaryForFuse(MediaProvider.java:10147)
02-13 07:59:39.891  3916 24751 E MediaProvider: insertFileIfNecessary failed
02-13 07:59:39.891  3916 24751 E MediaProvider: java.lang.IllegalArgumentException: Primary directory null not allowed for content://media/external_primary/file; allowed directories are [Download, Documents]
02-13 07:59:39.891  3916 24751 E MediaProvider: 	at com.android.providers.media.MediaProvider.ensureFileColumns(MediaProvider.java:4411)
02-13 07:59:39.891  3916 24751 E MediaProvider: 	at com.android.providers.media.MediaProvider.ensureUniqueFileColumns(MediaProvider.java:4035)
02-13 07:59:39.891  3916 24751 E MediaProvider: 	at com.android.providers.media.MediaProvider.insertFile(MediaProvider.java:4833)
02-13 07:59:39.891  3916 24751 E MediaProvider: 	at com.android.providers.media.MediaProvider.insertInternal(MediaProvider.java:5428)
02-13 07:59:39.891  3916 24751 E MediaProvider: 	at com.android.providers.media.MediaProvider.insert(MediaProvider.java:5121)
02-13 07:59:39.891  3916 24751 E MediaProvider: 	at com.android.providers.media.MediaProvider.insertFileForFuse(MediaProvider.java:10052)
02-13 07:59:39.891  3916 24751 E MediaProvider: 	at com.android.providers.media.MediaProvider.insertFileIfNecessaryForFuse(MediaProvider.java:10147)
02-13 07:59:39.894  3916  4894 E MediaProvider: insertFileIfNecessary failed
02-13 07:59:39.894  3916  4894 E MediaProvider: java.lang.IllegalArgumentException: Primary directory null not allowed for content://media/external_primary/file; allowed directories are [Download, Documents]
02-13 07:59:39.894  3916  4894 E MediaProvider: 	at com.android.providers.media.MediaProvider.ensureFileColumns(MediaProvider.java:4411)
02-13 07:59:39.894  3916  4894 E MediaProvider: 	at com.android.providers.media.MediaProvider.ensureUniqueFileColumns(MediaProvider.java:4035)
02-13 07:59:39.894  3916  4894 E MediaProvider: 	at com.android.providers.media.MediaProvider.insertFile(MediaProvider.java:4833)
02-13 07:59:39.894  3916  4894 E MediaProvider: 	at com.android.providers.media.MediaProvider.insertInternal(MediaProvider.java:5428)
02-13 07:59:39.894  3916  4894 E MediaProvider: 	at com.android.providers.media.MediaProvider.insert(MediaProvider.java:5121)
02-13 07:59:39.894  3916  4894 E MediaProvider: 	at com.android.providers.media.MediaProvider.insertFileForFuse(MediaProvider.java:10052)
02-13 07:59:39.894  3916  4894 E MediaProvider: 	at com.android.providers.media.MediaProvider.insertFileIfNecessaryForFuse(MediaProvider.java:10147)
02-13 07:59:39.897  3916  4903 E MediaProvider: insertFileIfNecessary failed
02-13 07:59:39.897  3916  4903 E MediaProvider: java.lang.IllegalArgumentException: Primary directory null not allowed for content://media/external_primary/file; allowed directories are [Download, Documents]
02-13 07:59:39.897  3916  4903 E MediaProvider: 	at com.android.providers.media.MediaProvider.ensureFileColumns(MediaProvider.java:4411)
02-13 07:59:39.897  3916  4903 E MediaProvider: 	at com.android.providers.media.MediaProvider.ensureUniqueFileColumns(MediaProvider.java:4035)
02-13 07:59:39.897  3916  4903 E MediaProvider: 	at com.android.providers.media.MediaProvider.insertFile(MediaProvider.java:4833)
02-13 07:59:39.897  3916  4903 E MediaProvider: 	at com.android.providers.media.MediaProvider.insertInternal(MediaProvider.java:5428)
02-13 07:59:39.897  3916  4903 E MediaProvider: 	at com.android.providers.media.MediaProvider.insert(MediaProvider.java:5121)
02-13 07:59:39.897  3916  4903 E MediaProvider: 	at com.android.providers.media.MediaProvider.insertFileForFuse(MediaProvider.java:10052)
02-13 07:59:39.897  3916  4903 E MediaProvider: 	at com.android.providers.media.MediaProvider.insertFileIfNecessaryForFuse(MediaProvider.java:10147)
02-13 07:59:39.898  4261  4261 I cr_ApplicationStatus: initialize application (com.sec.android.app.sbrowser.SBrowserApplication@333c85f)
02-13 07:59:39.898  4185  4185 I MapsAgent: Configs jobState 110, appListNotiCnt 1, MCC=272 (), MNC=01 (0), CSC=EUX, MODEL_NAME=SM-S921B, OS=34, COUNTRY_ISO=ENG, LOCALE=en-rUS, COUNTRY=UNITED KINGDOM, DETERMINED_COUNTRY=IRL, DETERMINED_MCC=272, CarrierId=EUX, SingleSKU=true, SINGLE_SKU_ACTIVATED=true, MDC_UNIFIED=true, ACTIVATED_ID=EUX
02-13 07:59:39.899  1111  1640 I ActivityManager: Flag disabled. Ignoring finishAttachApplication from uid: 10197. pid: 4185
02-13 07:59:39.902  1111  1914 D NetdEventListenerService: DNS Requested by 253, 10383, 1
02-13 07:59:39.904  1111  1914 D NetdEventListenerService: DNS Requested by 253, 10383, 1
02-13 07:59:39.904  1111  1914 D NetdEventListenerService: DNS Requested by 253, 10383, 2
02-13 07:59:39.904  4261  4261 I MostVisitedSitesProvider: onCreate
02-13 07:59:39.905  1111  1914 D NetdEventListenerService: DNS Requested by 253, 10383, 1
02-13 07:59:39.905  1111  1914 D NetdEventListenerService: DNS Requested by 253, 10383, 4
02-13 07:59:39.905  4261  4261 I SbrowserSettingsSearchIndexablesProvider: secQueryGetFingerprint versionName for Internet : 23.0.7.72
02-13 07:59:39.905  4261  4261 I SbrowserSettingsSearchIndexablesProvider: Internet setting indexing
02-13 07:59:39.906  1111  1914 D NetdEventListenerService: DNS Requested by 253, 10383, 2
02-13 07:59:39.906  1111  1914 D NetdEventListenerService: DNS Requested by 253, 10383, 3
02-13 07:59:39.906  1111  1914 D NetdEventListenerService: DNS Requested by 253, 10383, 2
02-13 07:59:39.907  1111  1914 D NetdEventListenerService: DNS Requested by 253, 10383, 2
02-13 07:59:39.908  1111  1640 I ActivityManager: Killing 28357:com.samsung.android.app.sharelive/5026 (adj 999): empty #33
02-13 07:59:39.910   759   765 E statsd  : Predicate 7729334320784921827 dropping data for dimension key (27)0x10000->10197[I] 
02-13 07:59:39.914  1111  1171 I libprocessgroup: Successfully killed process cgroup uid 5026 pid 28357 in 5ms
02-13 07:59:39.925  4092 25509 I SDHMS:l : onTaskStackChanged
02-13 07:59:39.925  3686  3756 D webrtc  : onIceCandidate:  for peer lt_qp2csugF
02-13 07:59:39.925  3686  3756 D webrtc  : onIceCandidate:  for peer lt_qp2csugF
02-13 07:59:39.925  3686  3756 D webrtc  : onIceCandidate:  for peer lt_qp2csugF
02-13 07:59:39.926  1294  1345 I HoneySpace.RecentTasks: onRecentTasksChanged
02-13 07:59:39.935   761   761 I Zygote  : Process 28357 exited due to signal 9 (Killed)
02-13 07:59:39.935   759   765 E statsd  : Predicate 7729334320784921827 dropping data for dimension key (27)0x10000->5026[I] 
02-13 07:59:39.949  1111  1161 D DisplayManagerService: Drop pending events for gone uid 5026
02-13 07:59:39.951  4261  4261 I CloudControlUtil: disableInternetSync is called!
02-13 07:59:39.952  4261  4261 I CapsuleProvider_1.0.25: onCreate
02-13 07:59:39.956  1111  1131 I system_server: Background concurrent copying GC freed 443811(26MB) AllocSpace objects, 43(1716KB) LOS objects, 10% free, 209MB/233MB, paused 208us,179us total 382.350ms
02-13 07:59:39.961  4261  4261 I CapsuleProvider_1.0.25: releasing initialize wait lock.
02-13 07:59:39.961  4261  4261 I Sbixby_1.0.25: initialized
02-13 07:59:39.962  4261  4261 I DarkModeUtils: setDefaultNightModeIfNeeded :  systemNightTheme=false PrevSystemNightTheme=null
02-13 07:59:39.963  4261  4261 I DarkModeUtils: setDefaultNightModeIfNeeded: systemNightThemeSupported = true, systemNightTheme = false, nightModeEnabled = false, highContrastMode = false, contentDarkMode = false, defaultNightMode = -100, appTheme = true, shouldChangeUiMode = true
02-13 07:59:39.964  1111  4613 D CompatibilityChangeReporter: Compat change id reported: 161145287; UID 10319; state: ENABLED
02-13 07:59:39.966  4261  4440 I BookmarkDBOperations: 3 OpBookmarks : Google (1) | Galaxy Shop (1) | User guide (1) | 
02-13 07:59:39.966  4261  4440 I BookmarkDBOperations: updateGoogleOpBookmarkCID()
02-13 07:59:39.966  1111  4613 I ActivityManager: Flag disabled. Ignoring finishAttachApplication from uid: 10319. pid: 4261
02-13 07:59:39.968  4261  4261 E SixBlocklistData: isBlockedByBlocklist: no blocklist was stored
02-13 07:59:39.968  4261  4440 I CountryUtil: PREF_HOMEPAGE_TYPE: null, PREF_HOME_PAGE_INDEX: -1
02-13 07:59:39.970  4261  4440 I CountryUtil: SimCountryIso: 
02-13 07:59:39.970  4261  4440 I CountryUtil: NetworkCountryIso: ie
02-13 07:59:39.970  4261  4440 I CountryUtil: CscCountryIso: GB
02-13 07:59:39.970  4261  4440 I CountryUtil: LocaleCountryIso: US
02-13 07:59:39.970  4261  4440 I CountryUtil: Country: GB, isRevenueUnsharedCountry: false
02-13 07:59:39.970  4261  4440 I CountryUtil: Do not save country yet!
02-13 07:59:39.970  4261  4440 I CountryUtil: PREF_HOMEPAGE_TYPE: null, PREF_HOME_PAGE_INDEX: -1
02-13 07:59:39.970  4261  4440 I CountryUtil: SimCountryIso: 
02-13 07:59:39.971  4261  4440 I CountryUtil: NetworkCountryIso: ie
02-13 07:59:39.971  4261  4440 I CountryUtil: CscCountryIso: GB
02-13 07:59:39.971  4261  4440 I CountryUtil: LocaleCountryIso: US
02-13 07:59:39.971  4261  4440 I CountryUtil: Country: GB, isRevenueUnsharedCountry: false
02-13 07:59:39.971  4261  4440 I CountryUtil: Do not save country yet!
02-13 07:59:39.972  1111  4613 D CompatibilityChangeReporter: Compat change id reported: 135634846; UID 10259; state: DISABLED
02-13 07:59:39.972  1111  4613 D CompatibilityChangeReporter: Compat change id reported: 177438394; UID 10259; state: DISABLED
02-13 07:59:39.972  1111  4613 D CompatibilityChangeReporter: Compat change id reported: 135772972; UID 10259; state: DISABLED
02-13 07:59:39.972  1111  4613 D CompatibilityChangeReporter: Compat change id reported: 135754954; UID 10259; state: ENABLED
02-13 07:59:39.972  1111  1170 D CompatibilityChangeReporter: Compat change id reported: 143937733; UID 10259; state: ENABLED
02-13 07:59:39.972  4261  4261 E SixIntentsReceiver: isSamsungAccountIntents - Not SA intents: android.intent.action.PACKAGE_REMOVED
02-13 07:59:39.972  4261  4261 I SixAppDataUpdater: getSixAppDataList - No data was loaded from SharedPreference
02-13 07:59:39.972  4261  4261 I SixAppDataUpdater: removeDuplicatedItemIfExists - no needed. Aborting
02-13 07:59:39.972  4261  4261 E SixIntentsReceiver: wasInstalledPkg - No stored data..
02-13 07:59:39.974  4261  4261 I ContentBlock.Receiver: onReceive is called
02-13 07:59:39.974  4261  4261 I ContentBlock.Receiver: onReceive is finished
02-13 07:59:39.975  1111  4613 I ActivityManager: Killing 1027:com.samsung.android.stickercenter/1000 (adj 999): empty #33
02-13 07:59:39.976   759   765 E statsd  : Predicate 7729334320784921827 dropping data for dimension key (27)0x10000->10319[I] 
02-13 07:59:39.981  1111  1171 I libprocessgroup: Successfully killed process cgroup uid 1000 pid 1027 in 5ms
02-13 07:59:39.985   761   761 D Zygote  : Forked child process 4454
02-13 07:59:39.985  1111  1170 I ActivityManager: Start proc 4454:com.google.process.gapps/u0a259 for content provider {com.google.android.gsf/com.google.android.gsf.settings.GoogleSettingsProvider}
02-13 07:59:39.998   761   761 I Zygote  : Process 1027 exited due to signal 9 (Killed)
02-13 07:59:39.999  4454  4454 I e.process.gapps: Using CollectorTypeCC GC.
02-13 07:59:40.001  4454  4454 E e.process.gapps: Not starting debugger since process cannot load the jdwp agent.
02-13 07:59:40.005  4454  4454 D ActivityThread: setConscryptValidator
02-13 07:59:40.005  4454  4454 D ActivityThread: setConscryptValidator - put
02-13 07:59:40.007  1111  4613 D CompatibilityChangeReporter: Compat change id reported: 168419799; UID 10259; state: DISABLED
02-13 07:59:40.007  1111  4613 D CompatibilityChangeReporter: Compat change id reported: 273564678; UID 10259; state: DISABLED
02-13 07:59:40.009  4454  4454 D CompatibilityChangeReporter: Compat change id reported: 171979766; UID 10259; state: ENABLED
02-13 07:59:40.010  4454  4454 D CompatibilityChangeReporter: Compat change id reported: 242716250; UID 10259; state: ENABLED
02-13 07:59:40.016  1111  3618 D FreecessController: com.lambdatest.lambdatestservice(10362) is important[fg-service]
02-13 07:59:40.017  4454  4454 D nativeloader: Configuring clns-shared-4 for other apk /system/framework/org.apache.http.legacy.jar. target_sdk_version=34, uses_libraries=ALL, library_path=/system/system_ext/priv-app/GoogleServicesFramework/lib/arm64:/system/system_ext/priv-app/GoogleServicesFramework/GoogleServicesFramework.apk!/lib/arm64-v8a:/system/lib64:/system/system_ext/lib64, permitted_path=/data:/mnt/expand:/data/user/0/com.google.android.gsf:/system/system_ext/priv-app/GoogleServicesFramework:/system/lib64:/system/system_ext/lib64
