--------- beginning of system
02-13 07:59:37.848  1111  1367 D PowerManagerService: displayReady: false groupId=0
02-13 07:59:37.849  1111  1367 D DisplayPowerController2[0]: animateScreenStateChange: target=ON, mIsEnabled=true
02-13 07:59:37.849  1111  1367 D PowerManagerService: displayReady: true groupId=0
--------- beginning of main
02-13 07:59:37.929  1111  1111 I Mocca_MoccaServiceImpl: (1.0.07.0)Mocca heartbeat : 1 devices are connected
02-13 07:59:37.933   792  3676 I HYPER-HAL: [RequestManager.cpp]releaseLocked(): Released ID : 8464577
02-13 07:59:38.049  1111  1367 D PowerManagerService: displayReady: false groupId=0
02-13 07:59:38.050  1111  1367 D DisplayPowerController2[0]: animateScreenStateChange: target=ON, mIsEnabled=true
02-13 07:59:38.050  1111  1367 D PowerManagerService: displayReady: true groupId=0
02-13 07:59:38.254  1111  1367 D PowerManagerService: displayReady: false groupId=0
02-13 07:59:38.254  1111  1367 D DisplayPowerController2[0]: animateScreenStateChange: target=ON, mIsEnabled=true
02-13 07:59:38.255  1111  1367 D PowerManagerService: displayReady: true groupId=0
02-13 07:59:38.293  1111  6622 D SemWifiUsabilityStatsMonitor: onWifiUsabilityStats - seqNum 534905, isSameBssidAndFreq true
02-13 07:59:38.294  1111  1867 I SemWifiLinkQualityMonitor: Link stat: 1381 / 687 / 1.12 (123) / 400 / -30.0 || 100.0 : 400.00 / 0.5 : 0.89 / 0.55 : 0.50 / RT QoS: false (true) || QoS: 0.16 ms / 49.00 Mbps (N) / 0 (0)
02-13 07:59:38.456  1111  1367 D PowerManagerService: displayReady: false groupId=0
02-13 07:59:38.457  1111  1367 D DisplayPowerController2[0]: animateScreenStateChange: target=ON, mIsEnabled=true
02-13 07:59:38.457  1111  1367 D PowerManagerService: displayReady: true groupId=0
02-13 07:59:38.470  1111  3618 D FreecessController: io.appium.settings(10408) is important[fg-service]
02-13 07:59:38.474  1111 26743 I UMR     : getDamonEnableTimeout entry mSystemStatus: 16
02-13 07:59:38.630   541   541 D io_stats: !@   8,0 r 101339453 4654166796 w 87291366 1310400524 d 2817307 1703077224 f 2057900 8859632 iot 47422096 0 th 0 0 0 pt 0 inp 0 0 1622860.385
02-13 07:59:38.630   541   541 D io_stats: !@ Read_top(KB): ch_zygote(3686) 7300 app_process(3718) 980 kworker/u20:1(7797) 776
02-13 07:59:38.630   541   541 D io_stats: !@ Write_top(KB): f2fs_ckpt-254:5(593) 244 id.diagmonagent(3987) 52 .gms.persistent(31968) 32
02-13 07:59:38.660  1111  1367 D PowerManagerService: displayReady: false groupId=0
02-13 07:59:38.661  1111  1367 D DisplayPowerController2[0]: animateScreenStateChange: target=ON, mIsEnabled=true
02-13 07:59:38.662  1111  1367 D PowerManagerService: displayReady: true groupId=0
02-13 07:59:38.862  1111  1367 D PowerManagerService: displayReady: false groupId=0
02-13 07:59:38.863  1111  1367 D DisplayPowerController2[0]: animateScreenStateChange: target=ON, mIsEnabled=true
02-13 07:59:38.863  1111  1367 D PowerManagerService: displayReady: true groupId=0
02-13 07:59:38.949  3686  3767 D TrafficStats: tagSocket(91) with statsTag=0xffffffff, statsUid=-1
02-13 07:59:38.964  3686  3947 D HttpServer: Received GET request: /android/stream/details
02-13 07:59:38.965  3686  3947 W libc    : Access denied finding property "ro.serialno"
02-13 07:59:39.065  1111  1367 D PowerManagerService: displayReady: false groupId=0
02-13 07:59:39.066  1111  1367 D DisplayPowerController2[0]: animateScreenStateChange: target=ON, mIsEnabled=true
02-13 07:59:39.066  1111  1367 D PowerManagerService: displayReady: true groupId=0
02-13 07:59:39.129  1111  1640 D KNOX_MDM_SettingsProvider: isChangeAllowed() : name = accelerometer_rotation
02-13 07:59:39.130  1111  1640 D KNOX_MDM_SettingsProvider: edmUri: content://com.sec.knox.provider/RestrictionPolicy3
02-13 07:59:39.130  1111  1640 D KNOX_MDM_SettingsProvider: projectionArgs: isSettingsChangesAllowed
02-13 07:59:39.130  1111  1640 D KNOX_MDM_SettingsProvider: selectionArgs: false
02-13 07:59:39.130  1111  1640 D KNOX_MDM_SettingsProvider: selectionArgs: 2000
02-13 07:59:39.130  1111  1640 D SecContentProvider: query(), uri = 17 selection = isSettingsChangesAllowed
02-13 07:59:39.130  1111  1640 D SecContentProvider: called from android.uid.shell:2000
02-13 07:59:39.130  1111  1640 D RestrictionPolicy: isSettingsChangesAllowedAsUser, userId 0 : true
02-13 07:59:39.130  1111  1640 D KNOX_MDM_SettingsProvider: ret = 1
02-13 07:59:39.132  2114  2114 D Navbar.Store: handleEvent(0) OnRotationLockedChanged(rotationLocked=true) [Module] NavBarStoreImpl
02-13 07:59:39.133  2114  2114 D SettingsHelper: onChange() COMPLETED elapsed= 0
02-13 07:59:39.133  2114  2114 D SRotationLockTile:  OnChangedCallback : 
02-13 07:59:39.135  2114  2363 D SRotationLockTile:  mRotationLocked: true handleUpdateState: false orientation = true
02-13 07:59:39.151  3972  3972 W libc    : Unable to set property "persist.sys.usb.config" to "adb": error code: 0x18, try count : 1
02-13 07:59:39.152  3972  3972 W libc    : Unable to set property "persist.sys.usb.config" to "adb": error code: 0x18, try count : 2
02-13 07:59:39.152  3972  3972 W libc    : Unable to set property "persist.sys.usb.config" to "adb": error code: 0x18, try count : 3
02-13 07:59:39.179  1111  6765 D KNOX_MDM_SettingsProvider: isChangeAllowed() : name = user_rotation
02-13 07:59:39.179  1111  6765 D KNOX_MDM_SettingsProvider: edmUri: content://com.sec.knox.provider/RestrictionPolicy3
02-13 07:59:39.179  1111  6765 D KNOX_MDM_SettingsProvider: projectionArgs: isSettingsChangesAllowed
02-13 07:59:39.179  1111  6765 D KNOX_MDM_SettingsProvider: selectionArgs: false
02-13 07:59:39.179  1111  6765 D KNOX_MDM_SettingsProvider: selectionArgs: 2000
02-13 07:59:39.179  1111  6765 D SecContentProvider: query(), uri = 17 selection = isSettingsChangesAllowed
02-13 07:59:39.179  1111  6765 D SecContentProvider: called from android.uid.shell:2000
02-13 07:59:39.179  1111  6765 D RestrictionPolicy: isSettingsChangesAllowedAsUser, userId 0 : true
02-13 07:59:39.179  1111  6765 D KNOX_MDM_SettingsProvider: ret = 1
02-13 07:59:39.183  1111  6765 D PackageManager: setEnabledSetting : userId = 0 packageName = com.github.uiautomator.test cmp = null newState = 3 callingPackage = shell:1000
02-13 07:59:39.185  1111  6765 I AppsFilter: interaction: PackageSetting{ffd41b4 com.lambdatest.lambdatestservice/10362} -> PackageSetting{83c5190 com.github.uiautomator.test/12283} BLOCKED
02-13 07:59:39.185  1111  6765 I AppsFilter: interaction: PackageSetting{66a3032 io.appium.uiautomator2.server.test/12207} -> PackageSetting{83c5190 com.github.uiautomator.test/12283} BLOCKED
02-13 07:59:39.185  1111  6765 I AppsFilter: interaction: PackageSetting{7e8ca89 com.lambdatest.androidwebrtc/10383} -> PackageSetting{83c5190 com.github.uiautomator.test/12283} BLOCKED
02-13 07:59:39.185  1111  6765 I AppsFilter: interaction: PackageSetting{468fda0 io.appium.uiautomator2.server/12206} -> PackageSetting{83c5190 com.github.uiautomator.test/12283} BLOCKED
02-13 07:59:39.186  3686  3767 D TrafficStats: tagSocket(91) with statsTag=0xffffffff, statsUid=-1
02-13 07:59:39.191  3686  3993 D HttpServer: Received POST request: /android/internal/rotate
02-13 07:59:39.192  1111  1391 I ActivityManager: broadcastAllowList remove BroadcastFilter{62aece2 10260/u0 ReceiverList{e2c91ad 31797 com.google.android.apps.messaging/10260/u0 remote:9cbeec4}}
02-13 07:59:39.192  1111  1391 I ActivityManager: broadcastAllowList remove BroadcastFilter{cfd53d3 10260/u0 ReceiverList{5d769c2 27739 com.google.android.apps.messaging:rcs/10260/u0 remote:1bb760d}}
02-13 07:59:39.192  3686  3993 D HttpServer: POST data: {
02-13 07:59:39.192  3686  3993 D HttpServer: 		"orientation":"portrait"
02-13 07:59:39.192  3686  3993 D HttpServer: 	}
02-13 07:59:39.195  1111  1641 D OverlayManager: reconcileSettingsForPackage pkgName=com.github.uiautomator.test userId=0
02-13 07:59:39.195  1111  1641 I OverlayManager: updateOverlaysForTarget() called with: targetPackage = [com.github.uiautomator.test], userId = [0], flags = [8]
02-13 07:59:39.202  1111  1111 D DevicePolicyManager:  handle packages changed  setCrossProfileAppToIgnored com.github.uiautomator.test 0
02-13 07:59:39.202  1111  1829 I AppWidgetServiceImpl: Received broadcast: android.intent.action.PACKAGE_CHANGED, Updates all providers with com.github.uiautomator.test, userId: 0
02-13 07:59:39.202  1111  1160 I CDM_CompanionDeviceManagerService: onPackageModified() u0/com.github.uiautomator.test
02-13 07:59:39.202  1111  1829 I AppWidgetServiceImpl: queryIntentReceivers intent : Intent { act=android.appwidget.action.APPWIDGET_UPDATE pkg=com.github.uiautomator.test }  userid : 0  flags : 268436608 result : 0
02-13 07:59:39.203  1111  1160 D LocationManagerService: package com.github.uiautomator.test reset
02-13 07:59:39.203  1111  1773 D WifiService: Remove settings for package:com.github.uiautomator.test
02-13 07:59:39.203  1111  1773 D WifiConfigManager: Remove all networks for app ApplicationInfo{8df92af com.github.uiautomator.test}
02-13 07:59:39.205  1111  2053 D EdmStorageProvider: getCount(AppSeparationTable) - 0
02-13 07:59:39.205  1111  2053 D KnoxMUMContainerPolicy: getAppSeparationConfig(): no record. Return null
02-13 07:59:39.206 23988 23988 D CarrierSvcBindHelper: onPackageModified: com.github.uiautomator.test
02-13 07:59:39.206  2114  2114 D ControlsListingControllerImpl: ServiceConfig reloaded, count: 0
02-13 07:59:39.207 23988 23988 D CarrierSvcBindHelper: No carrier app for: 0
02-13 07:59:39.207  1111  1674 D SEP_UNION_SemDeviceInfoManagerService: onReceive : android.intent.action.PACKAGE_CHANGED, userId = 0 
02-13 07:59:39.208 23988 23988 D CarrierSvcBindHelper: No carrier app for: 1
02-13 07:59:39.208  1111  1111 D DualDARComnService: reConnectAgentsByPkgName:: package: com.github.uiautomator.test
02-13 07:59:39.208  2114  2471 D PluginActionManager: queryPkg com.github.uiautomator.test com.android.systemui.action.PLUGIN_NOTIFICATION_MENU_ROW
02-13 07:59:39.209 23988 24156 D EuiccConnector: handleMessage: E msg.what=1
02-13 07:59:39.209 23988 24156 D EuiccConnector: processMsg: AvailableState
02-13 07:59:39.209 23988 24156 D EuiccConnector: processMsg: UnavailableState
02-13 07:59:39.210 23988 24156 D EuiccConnector: transitionTo: destState=AvailableState
02-13 07:59:39.210  1111  1111 D ApplicationPolicy: No updatable permission to DENY found for com.github.uiautomator.test(0)
02-13 07:59:39.210 23988 24255 D ImsResolver: maybeAddedImsService, packageName: com.github.uiautomator.test
02-13 07:59:39.211  1111  1111 D ApplicationPolicy: No updatable permission to GRANT found for com.github.uiautomator.test(0)
02-13 07:59:39.213   827   827 I seh_thermal_service: getTemperaturesWithType SehTemperatureType: 3
02-13 07:59:39.213   820   820 I sehhealth-service: updateLrpSysfs: write: 351
02-13 07:59:39.213  1111  4407 D BatteryService: logFullBatteryDurationLocked : mFullBatteryStartTime=1622698254 mFullBatteryDuration=445741
02-13 07:59:39.214 23988 24156 D EuiccConnector: handleMessage: new destination call exit/enter
02-13 07:59:39.214 23988 24156 D EuiccConnector: setupTempStateStackWithStatesToEnter: X mTempStateStackCount=1,curStateInfo: state=UnavailableState,active=true,parent=null
02-13 07:59:39.214 23988 24156 D EuiccConnector: invokeExitMethods: AvailableState
02-13 07:59:39.214 23988 24156 D EuiccConnector: moveTempStackToStateStack: i=0,j=1
02-13 07:59:39.214 23988 24156 D EuiccConnector: moveTempStackToStateStack: X mStateStackTop=1,startingIndex=1,Top=AvailableState
02-13 07:59:39.214 23988 24156 D EuiccConnector: invokeEnterMethods: AvailableState
02-13 07:59:39.214 23988 24156 D EuiccConnector: handleMessage: X
02-13 07:59:39.214  2114  2471 D PluginActionManager: Found 0 plugins
02-13 07:59:39.214  2114  2471 D PluginActionManager: queryPkg com.github.uiautomator.test com.android.systemui.action.PLUGIN_QS_FACTORY
02-13 07:59:39.215  1111  4407 D EdmStorageProvider: getCount(AppSeparationTable) - 0
02-13 07:59:39.215  1111  4407 D KnoxMUMContainerPolicy: getAppSeparationConfig(): no record. Return null
02-13 07:59:39.215 30906 30906 I Finsky  : [2] xeb.g(1): xeb - Received: android.intent.action.PACKAGE_CHANGED, [c2hSSSlh08_PngAaTJOaEZVSsfSE5kinsbbaw5rVYV0]
02-13 07:59:39.215 25659 25813 I DWBThread: onPackageRemoved Already Removed : com.github.uiautomator.test
02-13 07:59:39.215 25659 25813 W ContextImpl: Calling a method in the system process without a qualified user: android.app.ContextImpl.sendBroadcast:1281 android.content.ContextWrapper.sendBroadcast:513 k7.i$a.b:20 k7.i$a.onReceive:322 android.app.LoadedApk$ReceiverDispatcher$Args.lambda$getRunnable$0:1911 
02-13 07:59:39.215  1111  1699 I InputReader: Reconfiguring input devices, changes=KEYBOARD_LAYOUTS
02-13 07:59:39.216  2114  2471 D PluginActionManager: Found 0 plugins
02-13 07:59:39.216  2114  2471 D PluginActionManager: queryPkg com.github.uiautomator.test com.android.systemui.action.PLUGIN_QS
02-13 07:59:39.216  2114  2471 D PluginActionManager: Found 0 plugins
02-13 07:59:39.216  2114  2471 D PluginActionManager: queryPkg com.github.uiautomator.test com.android.systemui.action.PLUGIN_NOTIFICATION_MENU_ROW
02-13 07:59:39.216  2114  2471 D PluginActionManager: Found 0 plugins
02-13 07:59:39.216  1111  1671 I RoleService: Granting default roles...
02-13 07:59:39.216  2114  2471 D PluginActionManager: queryPkg com.github.uiautomator.test com.android.systemui.action.PLUGIN_SENSOR_MANAGER
02-13 07:59:39.217  2114  2471 D PluginActionManager: Found 0 plugins
02-13 07:59:39.217  2114  2471 D PluginActionManager: queryPkg com.github.uiautomator.test com.android.systemui.action.PLUGIN_NOTIFICATION_MENU_ROW
02-13 07:59:39.217  2114  2471 D PluginActionManager: Found 0 plugins
02-13 07:59:39.217  2114  2471 D PluginActionManager: queryPkg com.github.uiautomator.test com.android.systemui.action.PLUGIN_NOTIFICATION_MENU_ROW
02-13 07:59:39.217  2114  2471 D PluginActionManager: Found 0 plugins
02-13 07:59:39.217  2114  2471 D PluginActionManager: queryPkg com.github.uiautomator.test com.android.systemui.action.PLUGIN_NOTIFICATION_ASSISTANT
02-13 07:59:39.217   820   888 E BatteryDump: !@new_battery_dump : 4446,363,500,1500,100,342,324,366,342,0,352,358,0,Full,NO_CHARGING,Additional,Good,USB_CDP,2,Normal,0,0,5400,0x20008000,0x10010000,0x0,0,0,0000,0000,00000000,0,0,0,0,0,4433,10000,980,0,
02-13 07:59:39.217  2114  2471 D PluginActionManager: Found 0 plugins
02-13 07:59:39.217  2114  2471 D PluginActionManager: queryPkg com.github.uiautomator.test com.android.systemui.action.PLUGIN_GLOBAL_ACTIONS
02-13 07:59:39.217  2114  2114 D KeyguardUpdateMonitor: received broadcast android.intent.action.PACKAGE_CHANGED
02-13 07:59:39.218  2624  2624 D RegisteredNfcFServicesCache: Service unchanged, not updating
02-13 07:59:39.218  2114  2114 D SPluginManagerImpl: onReceive: android.intent.action.PACKAGE_CHANGED, size:{com.android.systemui.navigationbar.plugin.PluginBarInteractionManager$pluginListener$1@398d941=SPluginInstanceManager@225773577 (action=com.samsung.systemui.navigationbar.PLUGIN), com.android.systemui.lockstar.PluginLockStarManager@6dfa4f3=SPluginInstanceManager@54352398 (action=com.samsung.systemui.action.PLUGIN_LOCK_STAR), com.android.systemui.noticenter.NotiCenterPlugin$NotiCenterPluginListener@6fc7942=SPluginInstanceManager@123980847 (action=com.samsung.systemui.action.PLUGIN_NOTICENTER), com.android.systemui.pluginlock.PluginLockMediatorImpl@906b3f0=SPluginInstanceManager@151941692 (action=com.samsung.systemui.action.PLUGIN_LOCK), com.android.systemui.slimindicator.SlimIndicatorPluginMediator@cb5ffca=SPluginInstanceManager@140319685 (action=com.samsung.systemui.action.SPLUGIN_SLIMINDICATOR), com.samsung.android.systemui.multistar.MultiStarManager$2@cb7e0c5=SPluginInstanceManager@226035994 (action=com.samsung.systemui.action.PLUGIN_MULTISTAR), com.android.systemui.volume.VolumeStarInteractor$start$1@eb492a7=SPluginInstanceManager@23788619 (action=com.samsung.systemui.volume.PLUGIN)}
02-13 07:59:39.218  2114  2114 D FaceWidgetMetadataParser: updatePackage() com.github.uiautomator.test false
02-13 07:59:39.218  2114  2114 W FaceWidgetMetadataParser: updatePackage() package is disabled
02-13 07:59:39.218  2114  2114 D FaceWidgetMetadataParser: removePackage() key = com.github.uiautomator.test
02-13 07:59:39.219  1111  6765 W ActivityManager: Invalid packageName: com.samsung.android.MtpApplication
02-13 07:59:39.220  1111  1640 D EdmStorageProvider: getCount(AppSeparationTable) - 0
02-13 07:59:39.220  1111  1640 D KnoxMUMContainerPolicy: getAppSeparationConfig(): no record. Return null
02-13 07:59:39.221  2114  2471 D PluginActionManager: Found 0 plugins
02-13 07:59:39.221  2114  2471 D PluginActionManager: queryPkg com.github.uiautomator.test com.android.systemui.action.PLUGIN_OVERLAY
02-13 07:59:39.221 16774 28624 I PermissionControllerServiceImpl: Updating user sensitive for uid 12283
02-13 07:59:39.221  2114  2471 D PluginActionManager: Found 0 plugins
02-13 07:59:39.221  2114  2471 D PluginActionManager: queryPkg com.github.uiautomator.test com.android.systemui.action.PEOPLE_HUB_PERSON_EXTRACTOR
02-13 07:59:39.221  2114  2471 D PluginActionManager: Found 0 plugins
02-13 07:59:39.221  2114  2471 D PluginActionManager: queryPkg com.github.uiautomator.test com.samsung.systemui.action.PLUGIN_FACE_WIDGET
02-13 07:59:39.221  2114  2471 D PluginActionManager: Too many of com.samsung.systemui.action.PLUGIN_FACE_WIDGET
02-13 07:59:39.221  2114  2471 D PluginActionManager: queryPkg com.github.uiautomator.test com.android.systemui.action.PLUGIN_TOAST
02-13 07:59:39.222  2114  2471 D PluginActionManager: Found 0 plugins
02-13 07:59:39.222  2114  2471 D PluginActionManager: queryPkg com.github.uiautomator.test com.android.systemui.action.PLUGIN_NOTIFICATION_MENU_ROW
02-13 07:59:39.222  1111  3037 D EdmStorageProvider: getCount(AppSeparationTable) - 0
02-13 07:59:39.222  1111  3037 D KnoxMUMContainerPolicy: getAppSeparationConfig(): no record. Return null
02-13 07:59:39.222  2114  2471 D PluginActionManager: Found 0 plugins
02-13 07:59:39.222  2114  2471 D PluginActionManager: queryPkg com.github.uiautomator.test com.android.systemui.action.PLUGIN_CLOCK_PROVIDER
02-13 07:59:39.223  1111  2877 D EdmStorageProvider: getCount(AppSeparationTable) - 0
02-13 07:59:39.223  1111  2877 D KnoxMUMContainerPolicy: getAppSeparationConfig(): no record. Return null
02-13 07:59:39.223  1111  7745 D EdmStorageProvider: getCount(AppSeparationTable) - 0
02-13 07:59:39.223  1111  7745 D KnoxMUMContainerPolicy: getAppSeparationConfig(): no record. Return null
02-13 07:59:39.224  2114  2471 D PluginActionManager: Found 0 plugins
02-13 07:59:39.224  2114  2471 D PluginActionManager: queryPkg com.github.uiautomator.test com.android.systemui.action.PLUGIN_NOTIFICATION_MENU_ROW
02-13 07:59:39.224 25659 25659 I DWBThread: com.samsung.android.forest.PACKAGE_REMOVED received
02-13 07:59:39.224  1111  6765 D EdmStorageProvider: getCount(AppSeparationTable) - 0
02-13 07:59:39.224  1111  6765 D KnoxMUMContainerPolicy: getAppSeparationConfig(): no record. Return null
02-13 07:59:39.225  2114  2471 D PluginActionManager: Found 0 plugins
02-13 07:59:39.225  2114  2471 D PluginActionManager: queryPkg com.github.uiautomator.test com.android.systemui.action.PLUGIN_VOLUME
02-13 07:59:39.225  1111  6765 D EdmStorageProvider: getCount(AppSeparationTable) - 0
02-13 07:59:39.225  1111  6765 D KnoxMUMContainerPolicy: getAppSeparationConfig(): no record. Return null
02-13 07:59:39.225  2114  2471 D PluginActionManager: Found 0 plugins
02-13 07:59:39.225  2114  2471 D PluginActionManager: queryPkg com.github.uiautomator.test com.android.systemui.action.PLUGIN_NOTIFICATION_MENU_ROW
02-13 07:59:39.226  2114  2471 D PluginActionManager: Found 0 plugins
02-13 07:59:39.226  1111  1640 D EdmStorageProvider: getCount(AppSeparationTable) - 0
02-13 07:59:39.226  1111  1640 D KnoxMUMContainerPolicy: getAppSeparationConfig(): no record. Return null
02-13 07:59:39.227  1111  1640 D EdmStorageProvider: getCount(AppSeparationTable) - 0
02-13 07:59:39.227  1111  1640 D KnoxMUMContainerPolicy: getAppSeparationConfig(): no record. Return null
02-13 07:59:39.227  1111  7439 D EdmStorageProvider: getCount(AppSeparationTable) - 0
02-13 07:59:39.227  1111  7439 D KnoxMUMContainerPolicy: getAppSeparationConfig(): no record. Return null
02-13 07:59:39.228  1111  1654 W JobScheduler.Concurrency: Had fewer than 16 in existence
02-13 07:59:39.228  1111  1654 W JobScheduler.Concurrency: Had fewer than 16 in existence
02-13 07:59:39.228  1111  1654 W JobScheduler.Concurrency: Had fewer than 16 in existence
02-13 07:59:39.229  1111  1654 W JobScheduler.Concurrency: Had fewer than 16 in existence
02-13 07:59:39.229  1111  1654 W JobScheduler.Concurrency: Had fewer than 16 in existence
02-13 07:59:39.229  1111  1654 W JobScheduler.Concurrency: Had fewer than 16 in existence
02-13 07:59:39.230 30906  3999 I Finsky  : [10034] osn.run(45): Wrote row to frosting DB: 522
02-13 07:59:39.231  1111  1654 W ActivityManager: Unable to start service Intent { flg=0x4 cmp=com.facebook.appmanager/com.facebook.analytics2.logger.LollipopUploadService } U=0: not found
02-13 07:59:39.231  1111  1654 E JobScheduler.Concurrency: Error executing JobStatus{4a0c9b3 #u0a186/2131230722 com.facebook.appmanager/com.facebook.analytics2.logger.LollipopUploadService u=0 s=10186 TIME=-18d18h48m17s151ms:none NET failures=3 READY}
02-13 07:59:39.231 32767 32767 I HBD     : c currentConnectionState : false 
02-13 07:59:39.231 32767 32767 I HBD     : c currentConnectionState : false 
02-13 07:59:39.231 32767 32767 I HBD     : c currentConnectionState : false 
02-13 07:59:39.231 32767 32767 I HBD     : c currentConnectionState : false 
02-13 07:59:39.232 30906 30906 I Finsky  : [2] kfc.f(9): AIM: AppInfoCacheUpdater -> invalidating apps: [com.github.uiautomator.test]
02-13 07:59:39.232  1111  7439 D EdmStorageProvider: getCount(AppSeparationTable) - 0
02-13 07:59:39.232  1111  7439 D KnoxMUMContainerPolicy: getAppSeparationConfig(): no record. Return null
02-13 07:59:39.232 30906 30906 I Finsky  : [2] kft.g(21): AIM: AppInfoManager-Perf > getApps > called for 1 apps
02-13 07:59:39.234 30906 31200 I Finsky  : [9948] kgx.a(55): AIM: AppInfoManager-Perf > OnDeviceAppInfo > cacheHitCount=0, cacheMissCount=1. Missed  in cache (limit 10) : [com.github.uiautomator.test]
02-13 07:59:39.234 31968  4011 I Fitness : (REDACTED) OnPackageChangedOperation got intent: %s
02-13 07:59:39.235  1111  1773 D WifiConfigStore: Writing to stores completed in 30 ms.
02-13 07:59:39.235  1111  1773 I PasspointManager: No app ops listener found for com.github.uiautomator.test
02-13 07:59:39.235 30906 31200 I Finsky  : [9948] keu.apply(1129): AIM: Got app ownership map. App counts: . Unique apps: 0
02-13 07:59:39.236 30906 31173 I Finsky  : [9936] kgx.a(55): AIM: AppInfoManager-Perf > OnDeviceAppInfo > cacheHitCount=1, cacheMissCount=0. Missed  in cache (limit 10) : []
02-13 07:59:39.236  1111  7745 D EdmStorageProvider: getCount(AppSeparationTable) - 0
02-13 07:59:39.236  1111  7745 D KnoxMUMContainerPolicy: getAppSeparationConfig(): no record. Return null
02-13 07:59:39.238 30906 31187 I Finsky  : [9940] keu.apply(1129): AIM: Got app ownership map. App counts: . Unique apps: 0
02-13 07:59:39.240  1111  6765 D EdmStorageProvider: getCount(AppSeparationTable) - 0
02-13 07:59:39.240  1111  6765 D KnoxMUMContainerPolicy: getAppSeparationConfig(): no record. Return null
02-13 07:59:39.241  1111  1806 I PackageManager: START DELETE PACKAGE: observer{218213248}
02-13 07:59:39.241  1111  1806 I PackageManager: pkg{com.github.uiautomator.test}, user{0}, caller{2000} flags{2}
02-13 07:59:39.241  1111  2877 D EdmStorageProvider: getCount(AppSeparationTable) - 0
02-13 07:59:39.241  1111  2877 D KnoxMUMContainerPolicy: getAppSeparationConfig(): no record. Return null
02-13 07:59:39.242  1111  1391 D ApplicationPolicy: getApplicationUninstallationEnabled
02-13 07:59:39.242  1111  1391 D ApplicationPolicy: getApplicationUninstallationEnabled :  enabled true
02-13 07:59:39.243  1111  1391 I AppsFilter: interaction: PackageSetting{97fc545 com.lambdatest.lambdatestservice/10362} -> PackageSetting{c396a98 com.github.uiautomator.test/12283} BLOCKED
02-13 07:59:39.243  1111  1391 I AppsFilter: interaction: PackageSetting{f138e81 io.appium.uiautomator2.server.test/12207} -> PackageSetting{c396a98 com.github.uiautomator.test/12283} BLOCKED
02-13 07:59:39.243  1111  1391 I AppsFilter: interaction: PackageSetting{5be54a9 com.lambdatest.androidwebrtc/10383} -> PackageSetting{c396a98 com.github.uiautomator.test/12283} BLOCKED
02-13 07:59:39.243  1111  1391 I AppsFilter: interaction: PackageSetting{93a07fd io.appium.uiautomator2.server/12206} -> PackageSetting{c396a98 com.github.uiautomator.test/12283} BLOCKED
02-13 07:59:39.243  1111  1169 I ActivityManager: Force stopping com.github.uiautomator.test appid=12283 user=-1: deletePackageX
02-13 07:59:39.243  1111  7439 D IntervalStats: Unable to parse usage stats packages: [177, 301, 400, 432, 434, 437, 438, 442, 444, 445, 449, 450, 476, 477, 478, 479, 484]
02-13 07:59:39.243 25659 25659 I DWBThread: isChild ? false
02-13 07:59:39.246 30906  3999 I Finsky  : [10034] osn.run(45): Wrote row to frosting DB: 523
02-13 07:59:39.249 32019 32107 E WorkSourceUtil: Could not find package: com.github.uiautomator.test
02-13 07:59:39.250 25659  4023 I SEP_UNION_SemUnionManager: getUnionService(semeventdelegator) 
02-13 07:59:39.250 32019 32065 E Icing   : Could not get app info for com.github.uiautomator.test: android.content.pm.PackageManager$NameNotFoundException: com.github.uiautomator.test
02-13 07:59:39.250 32019 32065 I Icing   : doRemovePackageData com.github.uiautomator.test
02-13 07:59:39.250  1111  6765 D SEP_UNION_SemDeviceInfoManagerService: Clear pending intents for package = com.samsung.android.forest, userId = 0 
02-13 07:59:39.250 32019 32065 E Icing   : Could not get app info for com.github.uiautomator.test: android.content.pm.PackageManager$NameNotFoundException: com.github.uiautomator.test
02-13 07:59:39.251 32019 32107 E Icing   : Could not get app info for com.github.uiautomator.test: android.content.pm.PackageManager$NameNotFoundException: com.github.uiautomator.test
02-13 07:59:39.253 31968  4012 I Fitness : (REDACTED) FitCleanupIntentOperation received Intent %s
02-13 07:59:39.266  1111  1367 D PowerManagerService: displayReady: false groupId=0
02-13 07:59:39.266  1111  1367 D DisplayPowerController2[0]: animateScreenStateChange: target=ON, mIsEnabled=true
02-13 07:59:39.266  1111  1367 D PowerManagerService: displayReady: true groupId=0
02-13 07:59:39.295 30906 31173 I Finsky  : [9936] kgu.a(206): AIM: AppInfoManager-Perf > ItemModel > CacheSize=47, cacheHitCount=0, cacheMissCount=0, total appsWithNoServerDataCount=5. Missed  in cache (limit 10) : []
02-13 07:59:39.295 30906 31200 I Finsky  : [9948] kgu.a(206): AIM: AppInfoManager-Perf > ItemModel > CacheSize=47, cacheHitCount=0, cacheMissCount=0, total appsWithNoServerDataCount=5. Missed  in cache (limit 10) : []
02-13 07:59:39.299 30906 31173 I Finsky  : [9936] jjd.accept(156): AIM: AppInfoManager-Perf > getApps > data collection finished
02-13 07:59:39.299 30906 31173 I Finsky  : [9936] jcx.run(40): AIM: AppInfoManager-Perf > maybeDestroyAppInfoManager is called. actives = 1
02-13 07:59:39.323  2114  4029 D MemoryMonitor:  - Memory Information -
02-13 07:59:39.341  1111  1391 W EnterpriseLicenseService: updateAdminPermissions() :com.manageengine.mdm.android
02-13 07:59:39.341  1111  1391 I PackageManager: setLicensePermissions 
02-13 07:59:39.341  1111  1391 I PermissionManager: setLicensePermissions : packageName = com.manageengine.mdm.android
02-13 07:59:39.342  1111  1391 D EnterpriseLicenseService: getPermissions() - deserializeObject
02-13 07:59:39.395  1111  1391 D PackageManager: isLocaleOptimizedPackage() -  Non optimized app: com.github.uiautomator.test. Proceed with normal install
02-13 07:59:39.400  1111  1391 D AASA_PackageManager_RESTRICTED: Uninstall : userId = 0, info.mRemovedAppId = 12283, info.uid = 12283, packageName = com.github.uiautomator.test
02-13 07:59:39.401  1111  1391 I APKFromUnknownSource: /data/system/.aasa/AASApolicy/ASKS_UNKNOWN_SA_REPORTED_NEW.xml does not exist.
02-13 07:59:39.401  1111  1391 I PackageManager: result of delete: 1{218213248}
02-13 07:59:39.402  1111  1391 I ActivityManager: Force stopping com.github.uiautomator.test appid=12283 user=0: pkg removed
02-13 07:59:39.407  1111  1391 I ActivityManager: broadcastAllowList remove BroadcastFilter{62aece2 10260/u0 ReceiverList{e2c91ad 31797 com.google.android.apps.messaging/10260/u0 remote:9cbeec4}}
02-13 07:59:39.407  1111  1391 I ActivityManager: broadcastAllowList remove BroadcastFilter{cfd53d3 10260/u0 ReceiverList{5d769c2 27739 com.google.android.apps.messaging:rcs/10260/u0 remote:1bb760d}}
02-13 07:59:39.407  2114  4029 D MemoryMonitor: Dalvik Heap : 45988
02-13 07:59:39.407  2114  4029 D MemoryMonitor: Native Heap : 109447
02-13 07:59:39.407  2114  4029 D MemoryMonitor: Graphics : 34287
02-13 07:59:39.407  2114  4029 D MemoryMonitor: Total PSS : 249284
02-13 07:59:39.407  2114  4029 D MemoryMonitor:  - View count -
02-13 07:59:39.407  2114  4029 D MemoryMonitor: View=1845
02-13 07:59:39.407  2114  4029 D MemoryMonitor: ViewRootImpl=12
02-13 07:59:39.407  2114  4029 D MemoryMonitor: Notification=8
02-13 07:59:39.408   566 15313 I keystore2: system/security/keystore2/src/maintenance.rs:140 - clear_namespace : r#APP, 12283
02-13 07:59:39.411   566 15313 E keystore2: system/security/keystore2/src/keystore2_main.rs:73 - !@ [SQLITE3] 30: open db: flags=6, /data/misc/keystore/vpnprofilestore.sqlite
02-13 07:59:39.411   566 15313 E keystore2: system/security/keystore2/src/keystore2_main.rs:73 - !@ [SQLITE3] 30: close db /data/misc/keystore/vpnprofilestore.sqlite.
02-13 07:59:39.411   567   567 D android.hardware.security.keymint-service: addRngEntropy: ret 0
02-13 07:59:39.414 23988 23988 D CarrierSvcBindHelper: onPackageRemoved: com.github.uiautomator.test
02-13 07:59:39.415 23988 24156 D EuiccConnector: handleMessage: E msg.what=1
02-13 07:59:39.415 23988 24156 D EuiccConnector: processMsg: AvailableState
02-13 07:59:39.415 23988 24156 D EuiccConnector: processMsg: UnavailableState
02-13 07:59:39.415 23988 23988 D CarrierSvcBindHelper: No carrier app for: 0
02-13 07:59:39.415 23988 23988 D CarrierSvcBindHelper: No carrier app for: 1
02-13 07:59:39.416  3575  3657 I PackageInfoManager_FLP: action : ACTION_PACKAGE_REMOVED, packageName = com.github.uiautomator.test
02-13 07:59:39.416  1111  4060 E TaskPersister: File error accessing recents directory (directory doesn't exist?).
02-13 07:59:39.416 23988 23988 I VvmPkgInstalledRcvr: onReceive(): android.intent.action.PACKAGE_REMOVED
02-13 07:59:39.416  1111  1169 I ActivityManager: com.samsung.android.bbc.bbcagent is exempt from freezer
02-13 07:59:39.416  1111  1169 D CompatibilityChangeReporter: Compat change id reported: 135634846; UID 1000; state: DISABLED
02-13 07:59:39.416  1111  1169 D CompatibilityChangeReporter: Compat change id reported: 177438394; UID 1000; state: DISABLED
02-13 07:59:39.416  1111  1169 D CompatibilityChangeReporter: Compat change id reported: 135772972; UID 1000; state: DISABLED
02-13 07:59:39.416  1111  1169 D CompatibilityChangeReporter: Compat change id reported: 135754954; UID 1000; state: ENABLED
02-13 07:59:39.416  1111  1641 D OverlayManager: onPackageRemoved pkgName=com.github.uiautomator.test userId=0
02-13 07:59:39.416  1111  1641 I OverlayManager: updateOverlaysForTarget() called with: targetPackage = [com.github.uiautomator.test], userId = [0], flags = [0]
02-13 07:59:39.417  1111  1160 I CDM_CompanionDeviceManagerService: onPackageRemove_Or_DataCleared() u0/com.github.uiautomator.test
02-13 07:59:39.417  1111  1674 D SEP_UNION_SemDeviceInfoManagerService: onReceive : android.intent.action.PACKAGE_REMOVED, userId = 0 
02-13 07:59:39.418  1111  2053 D EdmStorageProvider: getCount(AppSeparationTable) - 0
02-13 07:59:39.418  1111  2053 D KnoxMUMContainerPolicy: getAppSeparationConfig(): no record. Return null
02-13 07:59:39.419  1111  1729 V StorageManagerService: Package com.github.uiautomator.test does not have legacy storage
02-13 07:59:39.419  4092  4092 W FASProvider: delete cnt : 1
02-13 07:59:39.420 25513 25513 I GsaVoiceInteractionSrv: (REDACTED) O received %s
02-13 07:59:39.420   566 15313 E keystore2: system/security/keystore2/src/keystore2_main.rs:73 - !@ [SQLITE3] 30: open db: flags=6, /data/misc/keystore/vpnprofilestore.sqlite
02-13 07:59:39.422   566  4034 E keystore2: system/security/keystore2/src/keystore2_main.rs:73 - !@ [SQLITE3] 30: open db: flags=6, /data/misc/keystore/vpnprofilestore.sqlite
02-13 07:59:39.422  1111  4370 D EdmStorageProvider: getCount(AppSeparationTable) - 0
02-13 07:59:39.422  1111  4370 D KnoxMUMContainerPolicy: getAppSeparationConfig(): no record. Return null
02-13 07:59:39.422   566  4034 E keystore2: system/security/keystore2/src/keystore2_main.rs:73 - !@ [SQLITE3] 30: close db /data/misc/keystore/vpnprofilestore.sqlite.
02-13 07:59:39.422   566 15313 E keystore2: system/security/keystore2/src/keystore2_main.rs:73 - !@ [SQLITE3] 30: close db /data/misc/keystore/vpnprofilestore.sqlite.
02-13 07:59:39.422 30906 30906 I Finsky  : [2] xeb.g(1): xeb - Received: android.intent.action.PACKAGE_REMOVED, [c2hSSSlh08_PngAaTJOaEZVSsfSE5kinsbbaw5rVYV0]
02-13 07:59:39.424  1111  1657 I RollbackManager: broadcast=ACTION_PACKAGE_FULLY_REMOVED pkg=com.github.uiautomator.test
02-13 07:59:39.424 23988 23988 I VvmPkgInstalledRcvr: packageName: com.github.uiautomator.test, systemDialer: com.samsung.android.dialer
02-13 07:59:39.425  1111  2541 I Telecom:SamsungTelecomServiceImpl: getCallCapablePhoneAccounts - includeDisabledAccounts : false / callingPackage : com.android.phone / callingUser : UserHandle{0} / hasCrossUserAccess : true
02-13 07:59:39.425 25659 25659 I DWBThread: android.intent.action.PACKAGE_FULLY_REMOVED received
02-13 07:59:39.425 23988 23988 I VvmPkgInstalledRcvr: capablePhoneAccounts : [ComponentInfo{com.android.phone/com.android.services.telephony.TelephonyConnectionService}, E, UserHandle{0}]
02-13 07:59:39.425 23988 23988 I VvmPkgInstalledRcvr: capablePhoneAccounts.size : 1
02-13 07:59:39.425 15968 15968 I MDMAppMgmtLogger: Action: android.intent.action.PACKAGE_REMOVED
02-13 07:59:39.426  1111  7745 I Telecom:SamsungTelecomServiceImpl: getCallCapablePhoneAccounts - includeDisabledAccounts : false / callingPackage : com.android.phone / callingUser : UserHandle{0} / hasCrossUserAccess : true
02-13 07:59:39.426 23988 23988 I VvmPkgInstalledRcvr: phoneAccountHandle : ComponentInfo{com.android.phone/com.android.services.telephony.TelephonyConnectionService}, E, UserHandle{0}
02-13 07:59:39.426 23988 23988 I VvmPkgInstalledRcvr: pinnedTelephonyManager : null
02-13 07:59:39.426 23988 23988 E VvmPkgInstalledRcvr: cannot create TelephonyManager from ComponentInfo{com.android.phone/com.android.services.telephony.TelephonyConnectionService}, E, UserHandle{0}
02-13 07:59:39.426 23988 23988 I Telephony: SamsungTuiRelayReceiver: registerWhoWhoPackageRemovedEvents
02-13 07:59:39.426 23988 23988 I Telephony: SamsungTuiRelayReceiver: registerCallBGProviderPackageRemovedEvents
02-13 07:59:39.426 23988 23988 I Telephony: SamsungTuiRelayReceiver: sendRelayIntentForCallBG
02-13 07:59:39.427  1111  1699 I InputReader: Reconfiguring input devices, changes=KEYBOARD_LAYOUTS
02-13 07:59:39.429  1111  7730 D EdmStorageProvider: getCount(AppSeparationTable) - 0
02-13 07:59:39.429  1111  7730 D KnoxMUMContainerPolicy: getAppSeparationConfig(): no record. Return null
02-13 07:59:39.433   761   761 D Zygote  : Forked child process 4042
02-13 07:59:39.436  1111  2969 D EdmStorageProvider: getCount(AppSeparationTable) - 0
02-13 07:59:39.436  1111  2969 D KnoxMUMContainerPolicy: getAppSeparationConfig(): no record. Return null
02-13 07:59:39.437  1111  3037 D EdmStorageProvider: getCount(AppSeparationTable) - 0
02-13 07:59:39.437  1111  3037 D KnoxMUMContainerPolicy: getAppSeparationConfig(): no record. Return null
02-13 07:59:39.438  1111  3037 D EdmStorageProvider: getCount(AppSeparationTable) - 0
02-13 07:59:39.438  1111  3037 D KnoxMUMContainerPolicy: getAppSeparationConfig(): no record. Return null
02-13 07:59:39.439  1111  3037 D EdmStorageProvider: getCount(AppSeparationTable) - 0
02-13 07:59:39.439  1111  3037 D KnoxMUMContainerPolicy: getAppSeparationConfig(): no record. Return null
02-13 07:59:39.446  1111  1168 D EdmStorageProvider: getCount(AppSeparationTable) - 0
02-13 07:59:39.447  1111  1168 D KnoxMUMContainerPolicy: getAppSeparationConfig(): no record. Return null
02-13 07:59:39.448  4042  4042 I id.bbc.bbcagent: Using CollectorTypeCC GC.
02-13 07:59:39.450  1111  1773 W WifiService: Couldn't get PackageInfo for package:com.github.uiautomator.test
02-13 07:59:39.450  1111  1773 D WifiService: Remove settings for package:com.github.uiautomator.test
02-13 07:59:39.450  1111  1773 D WifiConfigManager: Remove all networks for app ApplicationInfo{9afb431 com.github.uiautomator.test}
02-13 07:59:39.452  4092  4092 I SDHMS:BatteryStatsDBProvider: BarTender DB Provider Delete Start
02-13 07:59:39.452  3916  3916 W MediaProvider: WorkProfileOwnerApps cache miss for package com.github.uiautomator.test
02-13 07:59:39.453 25659 25813 I DWBThread: onPackageRemoved Already Removed : com.github.uiautomator.test
02-13 07:59:39.454  2114  2114 D ControlsListingControllerImpl: ServiceConfig reloaded, count: 0
02-13 07:59:39.454 31968  4016 I Fitness : (REDACTED) OnPackageChangedOperation got intent: %s
02-13 07:59:39.454  2114  2114 D KeyguardUpdateMonitor: received broadcast android.intent.action.PACKAGE_REMOVED
02-13 07:59:39.454  2114  2114 D TileServices: mUninstallReceiver onReceive = Intent { act=android.intent.action.PACKAGE_REMOVED dat=package: flg=0x4000010 (has extras) }
02-13 07:59:39.454  2114  2114 D KeyguardShortcutManager: onReceive : Intent.EXTRA_REPLACING false, com.github.uiautomator.test
02-13 07:59:39.455  2114  2114 D SPluginManagerImpl: onReceive: android.intent.action.PACKAGE_REMOVED, size:{com.android.systemui.navigationbar.plugin.PluginBarInteractionManager$pluginListener$1@398d941=SPluginInstanceManager@225773577 (action=com.samsung.systemui.navigationbar.PLUGIN), com.android.systemui.lockstar.PluginLockStarManager@6dfa4f3=SPluginInstanceManager@54352398 (action=com.samsung.systemui.action.PLUGIN_LOCK_STAR), com.android.systemui.noticenter.NotiCenterPlugin$NotiCenterPluginListener@6fc7942=SPluginInstanceManager@123980847 (action=com.samsung.systemui.action.PLUGIN_NOTICENTER), com.android.systemui.pluginlock.PluginLockMediatorImpl@906b3f0=SPluginInstanceManager@151941692 (action=com.samsung.systemui.action.PLUGIN_LOCK), com.android.systemui.slimindicator.SlimIndicatorPluginMediator@cb5ffca=SPluginInstanceManager@140319685 (action=com.samsung.systemui.action.SPLUGIN_SLIMINDICATOR), com.samsung.android.systemui.multistar.MultiStarManager$2@cb7e0c5=SPluginInstanceManager@226035994 (action=com.samsung.systemui.action.PLUGIN_MULTISTAR), com.android.systemui.volume.VolumeStarInteractor$start$1@eb492a7=SPluginInstanceManager@23788619 (action=com.samsung.systemui.volume.PLUGIN)}
02-13 07:59:39.455  1111  4613 D KNOX_MDM_SettingsProvider: isChangeAllowed() : name = immersive_mode_confirmations
02-13 07:59:39.455  1111  4613 D KNOX_MDM_SettingsProvider: edmUri: content://com.sec.knox.provider/RestrictionPolicy3
02-13 07:59:39.455  1111  4613 D KNOX_MDM_SettingsProvider: projectionArgs: isSettingsChangesAllowed
02-13 07:59:39.455  1111  4613 D KNOX_MDM_SettingsProvider: selectionArgs: false
02-13 07:59:39.455  1111  4613 D KNOX_MDM_SettingsProvider: selectionArgs: 2000
02-13 07:59:39.455  2114  2114 D Navbar.Store: handleEvent(0) OnPackageRemoved(packageName=com.github.uiautomator.test) [Module] NavBarStoreImpl
02-13 07:59:39.455  1111  4613 D SecContentProvider: query(), uri = 17 selection = isSettingsChangesAllowed
02-13 07:59:39.455  2114  2114 D Navbar.Store: --[Band]REMOTE_VIEW_PACK_PACKAGE_REMOVED
02-13 07:59:39.455  1111  4613 D SecContentProvider: called from android.uid.shell:2000
02-13 07:59:39.455  1111  4613 D RestrictionPolicy: isSettingsChangesAllowedAsUser, userId 0 : true
02-13 07:59:39.455  2114  2114 D FaceWidgetMusicViewModel: onPackageRemoved() pkg = com.github.uiautomator.test, r = false
02-13 07:59:39.455  1111  4613 D KNOX_MDM_SettingsProvider: ret = 1
02-13 07:59:39.455  2114  2114 D FaceWidgetMusicViewModel: resetDataAndClear()
02-13 07:59:39.455  2114  2114 D FaceWidgetMetadataParser: removePackage() key = com.github.uiautomator.test
02-13 07:59:39.455  1111  1354 D FASDataManager: getFASDataFromDB fasEntityList size : 37
02-13 07:59:39.455 30906 30906 I Finsky  : [2] xeu.w(84): Package no longer installed: com.github.uiautomator.test
02-13 07:59:39.455 23988 24156 D EuiccConnector: transitionTo: destState=AvailableState
02-13 07:59:39.456  1111  1674 D ActivityManager: Received BROADCAST intent 0xe1b2865 Key{broadcastIntent pkg=com.android.systemui intent=act=com.samsung.android.app.edgelighting.PACKAGE_REMOVED cmp=com.android.systemui/.edgelighting.EdgeLightingReceiver$1 flags=0x2000000 u=0} requestCode=0 sent=0 from uid 1000
02-13 07:59:39.456  4042  4042 E id.bbc.bbcagent: Not starting debugger since process cannot load the jdwp agent.
02-13 07:59:39.456  1111  1674 D SEP_UNION_SemDeviceInfoManagerService: Send intent com.samsung.android.app.edgelighting.PACKAGE_REMOVED, userId: 0 by broadcast 
02-13 07:59:39.456  1111  1674 D ActivityManager: Received BROADCAST intent 0xb0fb9c7 Key{broadcastIntent pkg=com.samsung.android.provider.filterprovider intent=act=com.samsung.android.provider.filterprovider.INTENT_PACKAGE_REMOVED cmp=com.samsung.android.provider.filterprovider/.PackageIntentReceiver flags=0x2000000 u=0} requestCode=0 sent=0 from uid 1000
02-13 07:59:39.456  1111  1674 D SEP_UNION_SemDeviceInfoManagerService: Send intent com.samsung.android.provider.filterprovider.INTENT_PACKAGE_REMOVED, userId: 0 by broadcast 
02-13 07:59:39.457  1111  1674 D ActivityManager: Received BROADCAST intent 0xc8706a0 Key{broadcastIntent pkg=com.sec.android.app.sbrowser intent=act=com.sec.android.app.sbrowser.pending_intent.SIX cmp=com.sec.android.app.sbrowser/.extensions.SixIntentsReceiver flags=0x2000000 u=0} requestCode=0 sent=0 from uid 1000
02-13 07:59:39.457  1111  1674 D SEP_UNION_SemDeviceInfoManagerService: Send intent com.sec.android.app.sbrowser.pending_intent.SIX, userId: 0 by broadcast 
02-13 07:59:39.457 32019  4008 E GmscoreIpa: Could not get app info for com.github.uiautomator.test [CONTEXT service_id=255 ]
02-13 07:59:39.457 32019  4008 E GmscoreIpa: android.content.pm.PackageManager$NameNotFoundException: com.github.uiautomator.test
02-13 07:59:39.457 32019  4008 E GmscoreIpa: 	at android.app.ApplicationPackageManager.getApplicationInfoAsUser(ApplicationPackageManager.java:551)
02-13 07:59:39.457 32019  4008 E GmscoreIpa: 	at android.app.ApplicationPackageManager.getApplicationInfo(ApplicationPackageManager.java:534)
02-13 07:59:39.457 32019  4008 E GmscoreIpa: 	at android.app.ApplicationPackageManager.getApplicationInfo(ApplicationPackageManager.java:528)
02-13 07:59:39.457 32019  4008 E GmscoreIpa: 	at com.google.android.gms.ipa.appsindexer.IpaPackageBroadcastIntentOperation.onHandleIntent(:com.google.android.gms@240213039@24.02.13 (190408-599553831):120)
02-13 07:59:39.457 32019  4008 E GmscoreIpa: 	at com.google.android.chimera.IntentOperation.onHandleIntent(:com.google.android.gms@240213039@24.02.13 (190408-599553831):2)
02-13 07:59:39.457 32019  4008 E GmscoreIpa: 	at ahhf.onHandleIntent(:com.google.android.gms@240213039@24.02.13 (190408-599553831):10)
02-13 07:59:39.457 32019  4008 E GmscoreIpa: 	at oib.run(:com.google.android.gms@240213039@24.02.13 (190408-599553831):70)
02-13 07:59:39.457 32019  4008 E GmscoreIpa: 	at oia.run(:com.google.android.gms@240213039@24.02.13 (190408-599553831):152)
02-13 07:59:39.457 32019  4008 E GmscoreIpa: 	at ebdb.run(:com.google.android.gms@240213039@24.02.13 (190408-599553831):21)
02-13 07:59:39.457 32019  4008 E GmscoreIpa: 	at java.util.concurrent.ThreadPoolExecutor.runWorker(ThreadPoolExecutor.java:1145)
02-13 07:59:39.457 32019  4008 E GmscoreIpa: 	at java.util.concurrent.ThreadPoolExecutor$Worker.run(ThreadPoolExecutor.java:644)
02-13 07:59:39.457 32019  4008 E GmscoreIpa: 	at java.lang.Thread.run(Thread.java:1012)
02-13 07:59:39.457  1111  1674 D ActivityManager: Received BROADCAST intent 0x27a0e1e Key{broadcastIntent pkg=com.sec.android.app.sbrowser intent=act=com.sec.android.app.sbrowser.pending_intent.ContentBlock cmp=com.sec.android.app.sbrowser/.blockers.content_block.ContentBlockReceiver flags=0x2000000 u=0} requestCode=0 sent=0 from uid 1000
02-13 07:59:39.457  1111  1674 D SEP_UNION_SemDeviceInfoManagerService: Send intent com.sec.android.app.sbrowser.pending_intent.ContentBlock, userId: 0 by broadcast 
02-13 07:59:39.457 30906 30906 I Finsky  : [2] xeu.w(84): Package no longer installed: com.github.uiautomator.test
02-13 07:59:39.457  1111  1674 D SEP_UNION_SemDeviceInfoManagerService: Package com.github.uiautomator.test is removed on User 0 
02-13 07:59:39.457  1111  1674 D SEP_UNION_SemDeviceInfoManagerService: onReceive : android.intent.action.PACKAGE_FULLY_REMOVED, userId = 0 
02-13 07:59:39.457  1111  1674 D ActivityManager: Received BROADCAST intent 0x92f24b2 Key{broadcastIntent pkg=com.sec.android.diagmonagent intent=act=com.sec.android.diagmonagent.intent.PACKAGE_FULLY_REMOVED pkg=com.sec.android.diagmonagent cmp=com.sec.android.diagmonagent/.sa.datalogging.monitor.AppInstallationMonitor$AppInstallationBroadcastReceiver flags=0x2000000 u=0} requestCode=0 sent=0 from uid 1000
02-13 07:59:39.457  1111  1674 D SEP_UNION_SemDeviceInfoManagerService: Send intent com.sec.android.diagmonagent.intent.PACKAGE_FULLY_REMOVED, userId: 0 by broadcast 
02-13 07:59:39.459  1111  1111 D DevicePolicyManager:  handle packages changed  setCrossProfileAppToIgnored com.github.uiautomator.test 0
02-13 07:59:39.459 23988 24156 D EuiccConnector: handleMessage: new destination call exit/enter
02-13 07:59:39.459 23988 24156 D EuiccConnector: setupTempStateStackWithStatesToEnter: X mTempStateStackCount=1,curStateInfo: state=UnavailableState,active=true,parent=null
02-13 07:59:39.459 23988 24156 D EuiccConnector: invokeExitMethods: AvailableState
02-13 07:59:39.459 23988 24156 D EuiccConnector: moveTempStackToStateStack: i=0,j=1
02-13 07:59:39.459  1111  1111 D AS.AudioService: com.github.uiautomator.test(12283) is removed
02-13 07:59:39.459 23988 24156 D EuiccConnector: moveTempStackToStateStack: X mStateStackTop=1,startingIndex=1,Top=AvailableState
02-13 07:59:39.459 23988 24156 D EuiccConnector: invokeEnterMethods: AvailableState
02-13 07:59:39.459 23988 24156 D EuiccConnector: handleMessage: X
02-13 07:59:39.459  1111  1354 D MARsPolicyManager: deletePkgInfoInMARs size = 37
02-13 07:59:39.459  1111  1354 D MARsPolicyManager: updateMARsTargetPackages mMARsTargetPackages.size-38
02-13 07:59:39.460 30906 31200 I Finsky  : [9948] kgx.a(55): AIM: AppInfoManager-Perf > OnDeviceAppInfo > cacheHitCount=1, cacheMissCount=0. Missed  in cache (limit 10) : []
02-13 07:59:39.460  2624  2624 D RegisteredNfcFServicesCache: Service unchanged, not updating
02-13 07:59:39.460 30906 31200 I Finsky  : [9948] keu.apply(1129): AIM: Got app ownership map. App counts: . Unique apps: 0
02-13 07:59:39.460 32767 32767 I HBD     : c currentConnectionState : false 
02-13 07:59:39.460 32767 32767 I HBD     : c currentConnectionState : false 
02-13 07:59:39.460  1111  4581 D EdmStorageProvider: getCount(AppSeparationTable) - 0
02-13 07:59:39.460  1111  4581 D KnoxMUMContainerPolicy: getAppSeparationConfig(): no record. Return null
02-13 07:59:39.461 32767 32767 I HBD     : c currentConnectionState : false 
02-13 07:59:39.461 32767 32767 I HBD     : c currentConnectionState : false 
02-13 07:59:39.461  1111  1111 D SGM:GameManager: identifyGamePackage. com.github.uiautomator.test, mCurrentUserId: 0, callerUserId: 0, callingMethodInfo: com.samsung.android.game.SemGameManager.isGamePackage(SemGameManager.java:109)
02-13 07:59:39.461  1111  1111 D SGM:PkgDataHelper: getGamePkgData(). com.github.uiautomator.test
02-13 07:59:39.461  1111  1111 D SGM:SemGameManager: isGamePackage(), pkgName=com.github.uiautomator.test, ret=false
02-13 07:59:39.461  1111  1889 D SemWifiTransportLayerMonitor.TcpMonitorHandler: MSG_SAVE_PACKAGE_INFO
02-13 07:59:39.461  1111  1889 D SemWifiTransportLayerFileManager: saveWifiPackageInfoToFile
02-13 07:59:39.461  1111  1889 D SemWifiTransportLayerFileManager: writeWifiPackageInfoList
02-13 07:59:39.461  3916 24751 E MediaProvider: Creating or writing to a non-default top level directory is not allowed!
02-13 07:59:39.461   759  1680 I statsd  : Bytes used 51296 is above limit 51200, need to delete something
02-13 07:59:39.461  1111  1160 D LocationManagerService: package com.github.uiautomator.test reset
02-13 07:59:39.461  1111  1111 I Telecom : CarModeTracker: Package com.github.uiautomator.test is not tracked.: SSH.oR@3j8
02-13 07:59:39.462  1111  1111 I Telecom : InCallController: updateCarModeForConnections: car mode apps: : SSH.oR@3j8
02-13 07:59:39.462  1111  1111 I Telecom : InCallController: update carmode current:UserHandle{0} parent:null: SSH.oR@3j8
02-13 07:59:39.462  1111  1111 I DomainFilter: onReceive() - Intent { act=android.intent.action.PACKAGE_REMOVED dat=package: flg=0x4000010 (has extras) }
02-13 07:59:39.462  1111  1111 I DomainFilter: packageRemoved() - packageName: com.github.uiautomator.test uid: 0
02-13 07:59:39.462  1111  2088 I Pageboost: remove app @ runtime : com.github.uiautomator.test
02-13 07:59:39.462  1111  1111 I Firewall: onReceive() - Intent { act=android.intent.action.PACKAGE_REMOVED dat=package: flg=0x4000010 (has extras) }
