02-13 07:59:40.017  4454  4454 D nativeloader: Extending system_exposed_libraries: libhumantracking.arcsoft.so:libPortraitDistortionCorrection.arcsoft.so:libPortraitDistortionCorrectionCali.arcsoft.so:libface_landmark.arcsoft.so:libFacialStickerEngine.arcsoft.so:libfrtracking_engine.arcsoft.so:libFaceRecognition.arcsoft.so:libveengine.arcsoft.so:lib_pet_detection.arcsoft.so:libae_bracket_hdr.arcsoft.so:libdigital_tele_scope.arcsoft.so:libdigital_tele_scope_rawsr.arcsoft.so:libsf_tetra_enhance.arcsoft.so:libhybrid_high_dynamic_range.arcsoft.so:libimage_enhancement.arcsoft.so:liblow_light_hdr.arcsoft.so:libhigh_dynamic_range.arcsoft.so:libobjectcapture_jni.arcsoft.so:libobjectcapture.arcsoft.so:libFacialAttributeDetection.arcsoft.so:libaudiomirroring_jni.audiomirroring.samsung.so:libBeauty_v4.camera.samsung.so:libexifa.camera.samsung.so:libjpega.camera.samsung.so:libOpenCv.camera.samsung.so:libaifrcInterface.camera.samsung.so:libVideoClassifier.camera.samsung.so:libImageScreener.camera.samsung.so:libMyFilter.camera.samsung.so:libtflite2.myfilters.camera.sa
02-13 07:59:40.018  1294  1345 I SearchEngineAppSuggestion: packageUpdateEvent: com.honeyspace.sdk.source.entity.PackageOperation$Removed@1245a52
02-13 07:59:40.018  1294  1345 I SearchEngineAppSuggestion: package removed: com.github.uiautomator.test
02-13 07:59:40.018  1294  1345 I SearchEngine: query: reTriggered SUGGESTED_APPS 1
02-13 07:59:40.018  1294  1345 I HoneySpace.SuggestAppDecor: cellX : 4
02-13 07:59:40.019  1294  1345 I ResultDataManager: Results: keys=SUGGESTED_TIPCARD, SUGGESTED_APPS, SUGGESTED_TAG, SUGGESTED_DIRECTORY
02-13 07:59:40.019  1294  4082 I HoneySpace.ContentsViewModel: observed com.honeyspace.search.ui.honeypot.presentation.content.ContentsViewModel@2a79b22 
02-13 07:59:40.019  1294  4082 I HoneySpace.ContentsViewModel: result onUpdated: SUGGESTED_APPS_
02-13 07:59:40.019  1294  4082 I HoneySpace.ContentsViewModel: result onRemoved: SUGGESTED_APPS_
02-13 07:59:40.019  1294  4082 I HoneySpace.ContentsViewModel: result onAdded: SUGGESTED_APPS_
02-13 07:59:40.021  1294  4082 I ContentsUI: onUpdate: [p9.a@55fd65d, p9.a@da4d44c, p9.a@60ccbd2, p9.a@ff8f4a3]
02-13 07:59:40.021  1294  4082 I ContentsUI: before Latch : Normal
02-13 07:59:40.021  1294  4082 I ContentsUI: request post
02-13 07:59:40.025  4454  4454 D nativeloader: Configuring clns-shared-5 for other apk /system/system_ext/priv-app/GoogleServicesFramework/GoogleServicesFramework.apk. target_sdk_version=34, uses_libraries=, library_path=/system/system_ext/priv-app/GoogleServicesFramework/lib/arm64:/system/system_ext/priv-app/GoogleServicesFramework/GoogleServicesFramework.apk!/lib/arm64-v8a:/system/lib64:/system/system_ext/lib64, permitted_path=/data:/mnt/expand:/data/user/0/com.google.android.gsf:/system/system_ext/priv-app/GoogleServicesFramework:/system/lib64:/system/system_ext/lib64
02-13 07:59:40.037  4454  4454 V GraphicsEnvironment: Currently set values for:
02-13 07:59:40.037  4454  4454 V GraphicsEnvironment:   angle_gl_driver_selection_pkgs=[]
02-13 07:59:40.037  4454  4454 V GraphicsEnvironment:   angle_gl_driver_selection_values=[]
02-13 07:59:40.038  4454  4454 V GraphicsEnvironment: ANGLE GameManagerService for com.google.android.gsf: false
02-13 07:59:40.038  4454  4454 V GraphicsEnvironment: com.google.android.gsf is not listed in per-application setting
02-13 07:59:40.038  4454  4454 V GraphicsEnvironment: Neither updatable production driver nor prerelease driver is supported.
02-13 07:59:40.062  4454  4478 I carui   : CarUi plugin is disabled
02-13 07:59:40.067  1111  1367 D PowerManagerService: displayReady: false groupId=0
02-13 07:59:40.068  1111  1367 D DisplayPowerController2[0]: animateScreenStateChange: target=ON, mIsEnabled=true
02-13 07:59:40.068  1111  1367 D DisplayPowerController2[652]: animateScreenStateChange: target=ON, mIsEnabled=true
02-13 07:59:40.068  1111  1367 D PowerManagerService: displayReady: true groupId=0
02-13 07:59:40.068  1111  4613 I ActivityManager: Flag disabled. Ignoring finishAttachApplication from uid: 10259. pid: 4454
02-13 07:59:40.070  4261  4440 I CidUtil : getClientId- search : ms-android-samsung-ss
02-13 07:59:40.074  4261  4440 I CidUtil : EEA or EEA_V2 device
02-13 07:59:40.074  4261  4440 I CidUtil : getClientId- converted : ms-android-samsung-rvo1
02-13 07:59:40.074  4261  4440 I BookmarkDBOperations: updateGoogleOpBookmarkCID() New CID : ms-android-samsung-rvo1
02-13 07:59:40.074  4261  4440 I BookmarkDBOperations: updateGoogleOpBookmarkCID() URL contains latest CID
02-13 07:59:40.074  4261  4440 I BookmarkDBOperations: updateGalaxyShopBookmark()
02-13 07:59:40.075  4261  4440 I BookmarkDBOperations: updateGalaxyShopBookmark() EDITABLE : 1
02-13 07:59:40.171  1294  1294 I CardAdapter: setCards: SUGGESTED_TIPCARD, SUGGESTED_APPS, SUGGESTED_TAG, SUGGESTED_DIRECTORY
02-13 07:59:40.183  1111  7730 D KNOX_MDM_SettingsProvider: isChangeAllowed() : name = http_proxy
02-13 07:59:40.183  1111  7730 D KNOX_MDM_SettingsProvider: edmUri: content://com.sec.knox.provider/RestrictionPolicy3
02-13 07:59:40.183  1111  7730 D KNOX_MDM_SettingsProvider: projectionArgs: isSettingsChangesAllowed
02-13 07:59:40.183  1111  7730 D KNOX_MDM_SettingsProvider: selectionArgs: false
02-13 07:59:40.183  1111  7730 D KNOX_MDM_SettingsProvider: selectionArgs: 2000
02-13 07:59:40.183  1111  7730 D SecContentProvider: query(), uri = 17 selection = isSettingsChangesAllowed
02-13 07:59:40.183  1111  7730 D SecContentProvider: called from android.uid.shell:2000
02-13 07:59:40.183  1111  7730 D RestrictionPolicy: isSettingsChangesAllowedAsUser, userId 0 : true
02-13 07:59:40.183  1111  7730 D KNOX_MDM_SettingsProvider: ret = 1
02-13 07:59:40.184  1111  1786 D KNOX_MDM_SettingsProvider: isChangeAllowed() : name = global_http_proxy_host
02-13 07:59:40.184  1111  1786 D KNOX_MDM_SettingsProvider: edmUri: content://com.sec.knox.provider/FirewallPolicy
02-13 07:59:40.184  1111  1786 D KNOX_MDM_SettingsProvider: projectionArgs: isGlobalProxyAllowed
02-13 07:59:40.184  1111  1786 D SecContentProvider: query(), uri = 10 selection = isGlobalProxyAllowed
02-13 07:59:40.184  1111  1786 D SecContentProvider: called from android.uid.system:1000
02-13 07:59:40.185  1111  1786 D KNOX_MDM_SettingsProvider: ret = 1
02-13 07:59:40.185  1111  1786 D KNOX_MDM_SettingsProvider: isChangeAllowed() : name = global_http_proxy_port
02-13 07:59:40.185  1111  1786 D KNOX_MDM_SettingsProvider: edmUri: content://com.sec.knox.provider/FirewallPolicy
02-13 07:59:40.185  1111  1786 D KNOX_MDM_SettingsProvider: projectionArgs: isGlobalProxyAllowed
02-13 07:59:40.185  1111  1786 D SecContentProvider: query(), uri = 10 selection = isGlobalProxyAllowed
02-13 07:59:40.185  1111  1786 D SecContentProvider: called from android.uid.system:1000
02-13 07:59:40.185  1111  1786 D KNOX_MDM_SettingsProvider: ret = 1
02-13 07:59:40.185  1111  1786 D KNOX_MDM_SettingsProvider: isChangeAllowed() : name = global_http_proxy_exclusion_list
02-13 07:59:40.185  1111  1786 D KNOX_MDM_SettingsProvider: edmUri: content://com.sec.knox.provider/FirewallPolicy
02-13 07:59:40.185  1111  1786 D KNOX_MDM_SettingsProvider: projectionArgs: isGlobalProxyAllowed
02-13 07:59:40.185  1111  1786 D SecContentProvider: query(), uri = 10 selection = isGlobalProxyAllowed
02-13 07:59:40.185  1111  1786 D SecContentProvider: called from android.uid.system:1000
02-13 07:59:40.185  1111  1786 D KNOX_MDM_SettingsProvider: ret = 1
02-13 07:59:40.185  1111  1786 D KNOX_MDM_SettingsProvider: isChangeAllowed() : name = global_proxy_pac_url
02-13 07:59:40.185  1111  1786 D KNOX_MDM_SettingsProvider: edmUri: content://com.sec.knox.provider/FirewallPolicy
02-13 07:59:40.185  1111  1786 D KNOX_MDM_SettingsProvider: projectionArgs: isGlobalProxyAllowed
02-13 07:59:40.185  1111  1786 D SecContentProvider: query(), uri = 10 selection = isGlobalProxyAllowed
02-13 07:59:40.186  1111  1786 D SecContentProvider: called from android.uid.system:1000
02-13 07:59:40.186  1111  1786 D KNOX_MDM_SettingsProvider: ret = 1
02-13 07:59:40.186  1111  1786 D ProxyTracker: sending Proxy Broadcast for [3.13.28.220] 8166 xl=
02-13 07:59:40.187  1111  3618 D ActivityManager: unpendingScheduleServiceRestart: u=10263, drop=false
02-13 07:59:40.188  1111  1786 D FreecessController: UFZ : com.google.android.apps.tachyon(0), reason: broadcast
02-13 07:59:40.191  1111  3618 W LocationManagerService: onFreezeStateChanged, uid[10263]=false
02-13 07:59:40.191  1111  3618 I PowerManagerService: [PWL] SetWakeLockEnableDisable uid = 10263 , disable= false
02-13 07:59:40.191  1111  3618 I PowerManagerService: [PWL] can not change uid =  10263
02-13 07:59:40.191  1111  3618 D FreecessController: com.google.android.apps.tachyon(state: Initial -> Freezeable, Reason: broadcast)
02-13 07:59:40.209  1111  1671 I RoleService: Granting default roles...
02-13 07:59:40.219  2114  2114 I AppWidgetDataProvider:  updatePackageChangeData type  1 , pack type 3  ,  pkg com.github.uiautomator.test
02-13 07:59:40.219  2114  2114 E AODCommonUtils: isEnabledPackage : com.github.uiautomator.test not found
02-13 07:59:40.219  2114  2114 I AppWidgetDataProvider: updatePackageChangeData  remove widget disabled or no widget Info com.github.uiautomator.test
02-13 07:59:40.219  2114  2114 I AppWidgetDataProvider: removeComplicationWidget com.github.uiautomator.test
02-13 07:59:40.219  2114  2114 I LockscreenTileDatabaseBridge: writeEnableWidgetIds  
02-13 07:59:40.220  2114  2114 I AbsSettings: putStringInner: updated f / enabled_complication_widgets_id_list=
02-13 07:59:40.220  2114  2114 D KeyguardClockPosition: onChanged content://com.samsung.android.app.clockpack.provider/lock_settings/complication_enabled_list
02-13 07:59:40.221  2114  2114 E AbsSettings: refreshInner: refreshedSettingsDBItem key enabled_complication_widgets_id_list val = 
02-13 07:59:40.222  2114  2114 E AbsSettings: refreshInner: refreshedSettingsDBItem key enabled_complication_widgets_id_list val = 
02-13 07:59:40.222  2114  2114 I LockscreenTileDatabaseBridge: readEnableWidgetIds  
02-13 07:59:40.222  2114  2114 I TilesDataController: onComplicationTileUpdated() : 1 , 
02-13 07:59:40.222  2114  2114 I TileConfigurationStore:  getAvailableTiles 9
02-13 07:59:40.222  2114  2114 I TilesDataController: onComplicationTileUpdate  start parsing 0
02-13 07:59:40.222  2114  2114 I TilesDataController: onComplicationTileUpdate  mTileByWidgetId size  0
02-13 07:59:40.222  1111  3751 I AppWidgetServiceImpl: startListening callbacks : com.android.internal.appwidget.IAppWidgetHost$Stub$Proxy@15d560f
02-13 07:59:40.222  2114  2114 I AppWidgetDataProvider:  changeHostIds 2304 , o6.a@5ffe7d
02-13 07:59:40.222  1111  3037 I AppWidgetServiceImpl: startListening callbacks : com.android.internal.appwidget.IAppWidgetHost$Stub$Proxy@390669c
02-13 07:59:40.222  2114  2114 I KeyguardDozeTransitionManager: onDataChanged: tile
02-13 07:59:40.222  2114  2114 I ComplicationWidgetPluginController: onDataChanged start com.samsung.android.app.facewidget.complication.c{a606cc V.E...... ......ID 540,0-540,0}
02-13 07:59:40.223 16774  4015 E RoleControllerServiceImpl: Default/fallback role holder package doesn't qualify for the role, package: com.google.android.gms.supervision, role: android.app.role.SYSTEM_SUPERVISION
02-13 07:59:40.230 16774  4015 W Role    : Default holder doesn't have required signing certificate: com.google.android.apps.work.clouddpc:23962F4B43B9857638EA66F4D419518EAE282491ACDA4B94707BD59003C45E58
02-13 07:59:40.242  1111  3037 D EdmStorageProvider: getCount(AppSeparationTable) - 0
02-13 07:59:40.242  1111  3037 D KnoxMUMContainerPolicy: getAppSeparationConfig(): no record. Return null
02-13 07:59:40.242  1111  3037 D EdmStorageProvider: getCount(AppSeparationTable) - 0
02-13 07:59:40.242  1111  3037 D KnoxMUMContainerPolicy: getAppSeparationConfig(): no record. Return null
02-13 07:59:40.246  1111  3037 D EdmStorageProvider: getCount(AppSeparationTable) - 0
02-13 07:59:40.246  1111  3037 D KnoxMUMContainerPolicy: getAppSeparationConfig(): no record. Return null
02-13 07:59:40.247  3686  3756 D webrtc  : onIceGatheringChange: COMPLETE
02-13 07:59:40.247  3686  3756 I webrtc  : onIceGatheringChange: Completed, reducing latch
02-13 07:59:40.268  1111  1367 D PowerManagerService: displayReady: false groupId=0
02-13 07:59:40.268  1111  1367 D DisplayPowerController2[0]: animateScreenStateChange: target=ON, mIsEnabled=true
02-13 07:59:40.268  1111  1367 D DisplayPowerController2[652]: animateScreenStateChange: target=ON, mIsEnabled=true
02-13 07:59:40.268  1111  1367 D PowerManagerService: displayReady: true groupId=0
02-13 07:59:40.309  1111  3037 D EdmStorageProvider: getCount(AppSeparationTable) - 0
02-13 07:59:40.309  1111  3037 D KnoxMUMContainerPolicy: getAppSeparationConfig(): no record. Return null
02-13 07:59:40.333  1111  3037 D EdmStorageProvider: getCount(AppSeparationTable) - 0
02-13 07:59:40.333  1111  3037 D KnoxMUMContainerPolicy: getAppSeparationConfig(): no record. Return null
02-13 07:59:40.333  1111  3037 D EdmStorageProvider: getCount(AppSeparationTable) - 0
02-13 07:59:40.333  1111  3037 D KnoxMUMContainerPolicy: getAppSeparationConfig(): no record. Return null
02-13 07:59:40.334  1111  3037 D EdmStorageProvider: getCount(AppSeparationTable) - 0
02-13 07:59:40.334  1111  3037 D KnoxMUMContainerPolicy: getAppSeparationConfig(): no record. Return null
02-13 07:59:40.334  1111  3037 D EdmStorageProvider: getCount(AppSeparationTable) - 0
02-13 07:59:40.334  1111  3037 D KnoxMUMContainerPolicy: getAppSeparationConfig(): no record. Return null
02-13 07:59:40.335  1111  3037 D EdmStorageProvider: getCount(AppSeparationTable) - 0
02-13 07:59:40.335  1111  3037 D KnoxMUMContainerPolicy: getAppSeparationConfig(): no record. Return null
02-13 07:59:40.353  1111  3037 D EdmStorageProvider: getCount(AppSeparationTable) - 0
02-13 07:59:40.353  1111  3037 D KnoxMUMContainerPolicy: getAppSeparationConfig(): no record. Return null
02-13 07:59:40.353  1111  3037 D EdmStorageProvider: getCount(AppSeparationTable) - 0
02-13 07:59:40.353  1111  3037 D KnoxMUMContainerPolicy: getAppSeparationConfig(): no record. Return null
02-13 07:59:40.368  1111  1168 D PackageSettings: ++ writeStateForUserSyncLPr(0)
02-13 07:59:40.368  1111  1168 W PackageSettings: -- writeStateForUserSyncLPr(0)
02-13 07:59:40.368  1111  3037 D EdmStorageProvider: getCount(AppSeparationTable) - 0
02-13 07:59:40.368  1111  3037 D KnoxMUMContainerPolicy: getAppSeparationConfig(): no record. Return null
02-13 07:59:40.368  1111  3037 D EdmStorageProvider: getCount(AppSeparationTable) - 0
02-13 07:59:40.368  1111  3037 D KnoxMUMContainerPolicy: getAppSeparationConfig(): no record. Return null
02-13 07:59:40.380  1111  1691 D KNOX_MDM_SettingsProvider: isChangeAllowed() : name = development_settings_enabled
02-13 07:59:40.380  1111  1691 D KNOX_MDM_SettingsProvider: edmUri: content://com.sec.knox.provider/RestrictionPolicy3
02-13 07:59:40.380  1111  1691 D KNOX_MDM_SettingsProvider: projectionArgs: isSettingsChangesAllowed
02-13 07:59:40.380  1111  1691 D KNOX_MDM_SettingsProvider: selectionArgs: false
02-13 07:59:40.380  1111  1691 D KNOX_MDM_SettingsProvider: selectionArgs: 2000
02-13 07:59:40.380  1111  1691 D SecContentProvider: query(), uri = 17 selection = isSettingsChangesAllowed
02-13 07:59:40.380  1111  1691 D SecContentProvider: called from android.uid.shell:2000
02-13 07:59:40.380  1111  1691 D RestrictionPolicy: isSettingsChangesAllowedAsUser, userId 0 : true
02-13 07:59:40.380  1111  1691 D KNOX_MDM_SettingsProvider: ret = 1
02-13 07:59:40.380  1111  1691 D KNOX_MDM_SettingsProvider: edmUri: content://com.sec.knox.provider/RestrictionPolicy1
02-13 07:59:40.380  1111  1691 D KNOX_MDM_SettingsProvider: projectionArgs: isDeveloperModeAllowed
02-13 07:59:40.380  1111  1691 D SecContentProvider: query(), uri = 15 selection = isDeveloperModeAllowed
02-13 07:59:40.380  1111  1691 D SecContentProvider: called from android.uid.shell:2000
02-13 07:59:40.380  1111  1691 D RestrictionPolicy: isDeveloperModeAllowed : true
02-13 07:59:40.380  1111  1691 D KNOX_MDM_SettingsProvider: ret = 1
02-13 07:59:40.380  1111  1691 D KNOX_MDM_SettingsProvider: logValueForAudit event - name: development_settings_enabled value: 0 userId: 0
02-13 07:59:40.381  1111  1169 D PackageManager: setEnabledSetting : userId = 0 packageName = com.android.shell cmp = com.android.shell.BugreportStorageProvider newState = 0 callingPackage = android
02-13 07:59:40.389  1111  1169 D ApplicationPolicy: getApplicationStateEnabled : pkg = com.android.shell userId : 0
02-13 07:59:40.389  1111  3037 D EdmStorageProvider: getCount(AppSeparationTable) - 0
02-13 07:59:40.389  1111  3037 D KnoxMUMContainerPolicy: getAppSeparationConfig(): no record. Return null
02-13 07:59:40.389  1111  1169 D ApplicationPolicy: getApplicationComponentState : pkg = com.android.shell userId : 0
02-13 07:59:40.389  1111  3037 D EdmStorageProvider: getCount(AppSeparationTable) - 0
02-13 07:59:40.389  1111  3037 D KnoxMUMContainerPolicy: getAppSeparationConfig(): no record. Return null
02-13 07:59:40.391  1111  3037 D EdmStorageProvider: getCount(AppSeparationTable) - 0
02-13 07:59:40.391  1111  3037 D KnoxMUMContainerPolicy: getAppSeparationConfig(): no record. Return null
02-13 07:59:40.391  1111  1641 D OverlayManager: reconcileSettingsForPackage pkgName=com.android.shell userId=0
02-13 07:59:40.391  1111  1641 I OverlayManager: updateOverlaysForTarget() called with: targetPackage = [com.android.shell], userId = [0], flags = [8]
02-13 07:59:40.391  1111  1111 D DevicePolicyManager:  handle packages changed  setCrossProfileAppToIgnored com.android.shell 0
02-13 07:59:40.392  1111  1829 I AppWidgetServiceImpl: Received broadcast: android.intent.action.PACKAGE_CHANGED, Updates all providers with com.android.shell, userId: 0
02-13 07:59:40.392  1111  3037 D EdmStorageProvider: getCount(AppSeparationTable) - 0
02-13 07:59:40.392  1111  3037 D KnoxMUMContainerPolicy: getAppSeparationConfig(): no record. Return null
02-13 07:59:40.392  1111  1845 D EdmStorageProvider: getCount(AppSeparationTable) - 0
02-13 07:59:40.392  1111  1845 D KnoxMUMContainerPolicy: getAppSeparationConfig(): no record. Return null
02-13 07:59:40.392  1111  1829 I AppWidgetServiceImpl: queryIntentReceivers intent : Intent { act=android.appwidget.action.APPWIDGET_UPDATE pkg=com.android.shell }  userid : 0  flags : 268436608 result : 0
02-13 07:59:40.392  1111  1160 I CDM_CompanionDeviceManagerService: onPackageModified() u0/com.android.shell
02-13 07:59:40.393  1111  3037 D EdmStorageProvider: getCount(AppSeparationTable) - 0
02-13 07:59:40.393  1111  3037 D KnoxMUMContainerPolicy: getAppSeparationConfig(): no record. Return null
02-13 07:59:40.393  1111  2053 D EdmStorageProvider: getCount(AppSeparationTable) - 0
02-13 07:59:40.393  1111  2053 D KnoxMUMContainerPolicy: getAppSeparationConfig(): no record. Return null
02-13 07:59:40.394  2114  2471 D PluginActionManager: queryPkg com.android.shell com.android.systemui.action.PLUGIN_NOTIFICATION_MENU_ROW
02-13 07:59:40.394  2114  2114 D ControlsListingControllerImpl: ServiceConfig reloaded, count: 0
02-13 07:59:40.394  2114  2471 D PluginActionManager: Found 0 plugins
02-13 07:59:40.394  2114  2471 D PluginActionManager: queryPkg com.android.shell com.android.systemui.action.PLUGIN_QS_FACTORY
02-13 07:59:40.394 23988 23988 D CarrierSvcBindHelper: onPackageModified: com.android.shell
02-13 07:59:40.394  2114  2471 D PluginActionManager: Found 0 plugins
02-13 07:59:40.394  2114  2471 D PluginActionManager: queryPkg com.android.shell com.android.systemui.action.PLUGIN_QS
02-13 07:59:40.395  2114  2471 D PluginActionManager: Found 0 plugins
02-13 07:59:40.395  2114  2471 D PluginActionManager: queryPkg com.android.shell com.android.systemui.action.PLUGIN_NOTIFICATION_MENU_ROW
02-13 07:59:40.395  2114  2471 D PluginActionManager: Found 0 plugins
02-13 07:59:40.395  2114  2471 D PluginActionManager: queryPkg com.android.shell com.android.systemui.action.PLUGIN_SENSOR_MANAGER
02-13 07:59:40.395  2114  2471 D PluginActionManager: Found 0 plugins
02-13 07:59:40.395  2114  2471 D PluginActionManager: queryPkg com.android.shell com.android.systemui.action.PLUGIN_NOTIFICATION_MENU_ROW
02-13 07:59:40.395  2114  2471 D PluginActionManager: Found 0 plugins
02-13 07:59:40.395  2114  2471 D PluginActionManager: queryPkg com.android.shell com.android.systemui.action.PLUGIN_NOTIFICATION_MENU_ROW
02-13 07:59:40.395  2114  2471 D PluginActionManager: Found 0 plugins
02-13 07:59:40.395  2114  2471 D PluginActionManager: queryPkg com.android.shell com.android.systemui.action.PLUGIN_NOTIFICATION_ASSISTANT
02-13 07:59:40.395  2114  2471 D PluginActionManager: Found 0 plugins
02-13 07:59:40.395  2114  2471 D PluginActionManager: queryPkg com.android.shell com.android.systemui.action.PLUGIN_GLOBAL_ACTIONS
02-13 07:59:40.396  2114  2471 D PluginActionManager: Found 0 plugins
02-13 07:59:40.396  2114  2471 D PluginActionManager: queryPkg com.android.shell com.android.systemui.action.PLUGIN_OVERLAY
02-13 07:59:40.396  1111  7730 D EdmStorageProvider: getCount(AppSeparationTable) - 0
02-13 07:59:40.396  1111  7730 D KnoxMUMContainerPolicy: getAppSeparationConfig(): no record. Return null
02-13 07:59:40.396  2114  2471 D PluginActionManager: Found 0 plugins
02-13 07:59:40.396  2114  2471 D PluginActionManager: queryPkg com.android.shell com.android.systemui.action.PEOPLE_HUB_PERSON_EXTRACTOR
02-13 07:59:40.396 23988 23988 D CarrierSvcBindHelper: No carrier app for: 0
02-13 07:59:40.396 23988 24156 D EuiccConnector: handleMessage: E msg.what=1
02-13 07:59:40.396 23988 24156 D EuiccConnector: processMsg: AvailableState
02-13 07:59:40.396 23988 24156 D EuiccConnector: processMsg: UnavailableState
02-13 07:59:40.396  2114  2471 D PluginActionManager: Found 0 plugins
02-13 07:59:40.396  2114  2471 D PluginActionManager: queryPkg com.android.shell com.samsung.systemui.action.PLUGIN_FACE_WIDGET
02-13 07:59:40.396  2114  2471 D PluginActionManager: Too many of com.samsung.systemui.action.PLUGIN_FACE_WIDGET
02-13 07:59:40.396  2114  2471 D PluginActionManager: queryPkg com.android.shell com.android.systemui.action.PLUGIN_TOAST
02-13 07:59:40.396  2114  2471 D PluginActionManager: Found 0 plugins
02-13 07:59:40.396  2114  2471 D PluginActionManager: queryPkg com.android.shell com.android.systemui.action.PLUGIN_NOTIFICATION_MENU_ROW
02-13 07:59:40.396  1111  1699 I InputReader: Reconfiguring input devices, changes=KEYBOARD_LAYOUTS
02-13 07:59:40.396 25659 25813 I DWBThread: onPackageRemoved Already Removed : com.android.shell
02-13 07:59:40.396  2114  2471 D PluginActionManager: Found 0 plugins
02-13 07:59:40.396  2114  2471 D PluginActionManager: queryPkg com.android.shell com.android.systemui.action.PLUGIN_CLOCK_PROVIDER
02-13 07:59:40.396  2114  2471 D PluginActionManager: Found 0 plugins
02-13 07:59:40.396 16774 13449 I PermissionControllerServiceImpl: Updating user sensitive for uid 2000
02-13 07:59:40.396  2114  2471 D PluginActionManager: queryPkg com.android.shell com.android.systemui.action.PLUGIN_NOTIFICATION_MENU_ROW
02-13 07:59:40.397  2114  2471 D PluginActionManager: Found 0 plugins
02-13 07:59:40.397  2624  2624 D RegisteredNfcFServicesCache: Service unchanged, not updating
02-13 07:59:40.397  2114  2471 D PluginActionManager: queryPkg com.android.shell com.android.systemui.action.PLUGIN_VOLUME
02-13 07:59:40.397  2114  2114 D KeyguardUpdateMonitor: received broadcast android.intent.action.PACKAGE_CHANGED
02-13 07:59:40.397  2114  2471 D PluginActionManager: Found 0 plugins
02-13 07:59:40.397  2114  2471 D PluginActionManager: queryPkg com.android.shell com.android.systemui.action.PLUGIN_NOTIFICATION_MENU_ROW
02-13 07:59:40.397  2114  2114 D SPluginManagerImpl: onReceive: android.intent.action.PACKAGE_CHANGED, size:{com.android.systemui.navigationbar.plugin.PluginBarInteractionManager$pluginListener$1@398d941=SPluginInstanceManager@225773577 (action=com.samsung.systemui.navigationbar.PLUGIN), com.android.systemui.lockstar.PluginLockStarManager@6dfa4f3=SPluginInstanceManager@54352398 (action=com.samsung.systemui.action.PLUGIN_LOCK_STAR), com.android.systemui.noticenter.NotiCenterPlugin$NotiCenterPluginListener@6fc7942=SPluginInstanceManager@123980847 (action=com.samsung.systemui.action.PLUGIN_NOTICENTER), com.android.systemui.pluginlock.PluginLockMediatorImpl@906b3f0=SPluginInstanceManager@151941692 (action=com.samsung.systemui.action.PLUGIN_LOCK), com.android.systemui.slimindicator.SlimIndicatorPluginMediator@cb5ffca=SPluginInstanceManager@140319685 (action=com.samsung.systemui.action.SPLUGIN_SLIMINDICATOR), com.samsung.android.systemui.multistar.MultiStarManager$2@cb7e0c5=SPluginInstanceManager@226035994 (action=com.samsung.systemui.action.PLUGIN_MULTISTAR), com.android.systemui.volume.VolumeStarInteractor$start$1@eb492a7=SPluginInstanceManager@23788619 (action=com.samsung.systemui.volume.PLUGIN)}
02-13 07:59:40.397  2114  2114 D FaceWidgetMetadataParser: updatePackage() com.android.shell false
02-13 07:59:40.397 23988 24156 D EuiccConnector: transitionTo: destState=AvailableState
02-13 07:59:40.397  2114  2471 D PluginActionManager: Found 0 plugins
02-13 07:59:40.397  2114  2114 W FaceWidgetMetadataParser: updatePackage() there is no metadata
02-13 07:59:40.397  1111  4513 D EdmStorageProvider: getCount(AppSeparationTable) - 0
02-13 07:59:40.397  1111  4513 D KnoxMUMContainerPolicy: getAppSeparationConfig(): no record. Return null
02-13 07:59:40.397  2114  2114 D FaceWidgetMetadataParser: removePackage() key = com.android.shell
02-13 07:59:40.398 23988 23988 D CarrierSvcBindHelper: No carrier app for: 1
02-13 07:59:40.399  1111  1674 D SEP_UNION_SemDeviceInfoManagerService: onReceive : android.intent.action.PACKAGE_CHANGED, userId = 0 
02-13 07:59:40.399  1111  1111 D DualDARComnService: reConnectAgentsByPkgName:: package: com.android.shell
02-13 07:59:40.399  1111  4370 D EdmStorageProvider: getCount(AppSeparationTable) - 0
02-13 07:59:40.399  1111  4370 D KnoxMUMContainerPolicy: getAppSeparationConfig(): no record. Return null
02-13 07:59:40.399  1111  7439 D EdmStorageProvider: getCount(AppSeparationTable) - 0
02-13 07:59:40.399  1111  7439 D KnoxMUMContainerPolicy: getAppSeparationConfig(): no record. Return null
02-13 07:59:40.399 23988 24255 D ImsResolver: maybeAddedImsService, packageName: com.android.shell
02-13 07:59:40.399 32767 32767 I HBD     : c currentConnectionState : false 
02-13 07:59:40.399 32767 32767 I HBD     : c currentConnectionState : false 
02-13 07:59:40.399 32767 32767 I HBD     : c currentConnectionState : false 
02-13 07:59:40.399 32767 32767 I HBD     : c currentConnectionState : false 
02-13 07:59:40.400 23988 24156 D EuiccConnector: handleMessage: new destination call exit/enter
02-13 07:59:40.400 23988 24156 D EuiccConnector: setupTempStateStackWithStatesToEnter: X mTempStateStackCount=1,curStateInfo: state=UnavailableState,active=true,parent=null
02-13 07:59:40.400 23988 24156 D EuiccConnector: invokeExitMethods: AvailableState
02-13 07:59:40.400 23988 24156 D EuiccConnector: moveTempStackToStateStack: i=0,j=1
02-13 07:59:40.400 23988 24156 D EuiccConnector: moveTempStackToStateStack: X mStateStackTop=1,startingIndex=1,Top=AvailableState
02-13 07:59:40.400 23988 24156 D EuiccConnector: invokeEnterMethods: AvailableState
02-13 07:59:40.400 23988 24156 D EuiccConnector: handleMessage: X
02-13 07:59:40.400  1111  4513 D EdmStorageProvider: getCount(AppSeparationTable) - 0
02-13 07:59:40.400  1111  4513 D KnoxMUMContainerPolicy: getAppSeparationConfig(): no record. Return null
02-13 07:59:40.406  1111  7928 D EdmStorageProvider: getCount(AppSeparationTable) - 0
02-13 07:59:40.406  1111  7928 D KnoxMUMContainerPolicy: getAppSeparationConfig(): no record. Return null
02-13 07:59:40.406  1111  7730 D EdmStorageProvider: getCount(AppSeparationTable) - 0
02-13 07:59:40.406  1111  7730 D KnoxMUMContainerPolicy: getAppSeparationConfig(): no record. Return null
02-13 07:59:40.407  1111  2541 D EdmStorageProvider: getCount(AppSeparationTable) - 0
02-13 07:59:40.407  1111  2541 D KnoxMUMContainerPolicy: getAppSeparationConfig(): no record. Return null
02-13 07:59:40.407  1111  4370 D EdmStorageProvider: getCount(AppSeparationTable) - 0
02-13 07:59:40.407  1111  4370 D KnoxMUMContainerPolicy: getAppSeparationConfig(): no record. Return null
02-13 07:59:40.407  1111  3751 D EdmStorageProvider: getCount(AppSeparationTable) - 0
02-13 07:59:40.407  1111  3751 D KnoxMUMContainerPolicy: getAppSeparationConfig(): no record. Return null
02-13 07:59:40.407  1111  2541 D EdmStorageProvider: getCount(AppSeparationTable) - 0
02-13 07:59:40.407  1111  2541 D KnoxMUMContainerPolicy: getAppSeparationConfig(): no record. Return null
02-13 07:59:40.408  1111  7439 D EdmStorageProvider: getCount(AppSeparationTable) - 0
02-13 07:59:40.408  1111  7439 D KnoxMUMContainerPolicy: getAppSeparationConfig(): no record. Return null
02-13 07:59:40.408  1111  1806 D EdmStorageProvider: getCount(AppSeparationTable) - 0
02-13 07:59:40.408  1111  1806 D KnoxMUMContainerPolicy: getAppSeparationConfig(): no record. Return null
02-13 07:59:40.412 31968  4098 I Fitness : (REDACTED) OnPackageChangedOperation got intent: %s
02-13 07:59:40.419 16774  4015 W Role    : Cannot get ApplicationInfo for default holder: com.android.devicelockcontroller
02-13 07:59:40.419 31968  4098 I Fitness : (REDACTED) FitCleanupIntentOperation received Intent %s
02-13 07:59:40.420  1111  7439 D CompatibilityChangeReporter: Compat change id reported: 161145287; UID 10259; state: ENABLED
02-13 07:59:40.421  1111  1136 D EdmStorageProvider: getCount(AppSeparationTable) - 0
02-13 07:59:40.421  1111  1136 D KnoxMUMContainerPolicy: getAppSeparationConfig(): no record. Return null
02-13 07:59:40.421 32019  4111 I Icing   : Indexing com.google.android.gms-apps from com.google.android.gms
02-13 07:59:40.422 32019  4111 I Icing   : Indexing done com.google.android.gms-apps
02-13 07:59:40.434  1111  3037 D EdmStorageProvider: getCount(AppSeparationTable) - 0
02-13 07:59:40.434  1111  3037 D KnoxMUMContainerPolicy: getAppSeparationConfig(): no record. Return null
02-13 07:59:40.455  2114  2114 I TileConfigurationStore: updatePackageDataChange : do not need update com.github.uiautomator.test, type = 2
02-13 07:59:40.455  2114  2114 I AppWidgetDataProvider:  updatePackageChangeData type  1 , pack type 2  ,  pkg com.github.uiautomator.test
02-13 07:59:40.455  2114  2114 I AppWidgetDataProvider: removeComplicationWidget com.github.uiautomator.test
02-13 07:59:40.456  2114  2114 I LockscreenTileDatabaseBridge: writeEnableWidgetIds  
02-13 07:59:40.456  2114  2114 I AbsSettings: putStringInner: updated f / enabled_complication_widgets_id_list=
02-13 07:59:40.456  2114  2114 D KeyguardClockPosition: onChanged content://com.samsung.android.app.clockpack.provider/lock_settings/complication_enabled_list
02-13 07:59:40.456  2114  2114 E AbsSettings: refreshInner: refreshedSettingsDBItem key enabled_complication_widgets_id_list val = 
02-13 07:59:40.457  2114  2114 E AbsSettings: refreshInner: refreshedSettingsDBItem key enabled_complication_widgets_id_list val = 
02-13 07:59:40.457  2114  2114 I LockscreenTileDatabaseBridge: readEnableWidgetIds  
02-13 07:59:40.457  2114  2114 I TilesDataController: onComplicationTileUpdated() : 1 , 
02-13 07:59:40.457  2114  2114 I TileConfigurationStore:  getAvailableTiles 9
02-13 07:59:40.457  2114  2114 I TilesDataController: onComplicationTileUpdate  start parsing 0
02-13 07:59:40.457  2114  2114 I TilesDataController: onComplicationTileUpdate  mTileByWidgetId size  0
02-13 07:59:40.457  1111  7439 I AppWidgetServiceImpl: startListening callbacks : com.android.internal.appwidget.IAppWidgetHost$Stub$Proxy@115d9d2
02-13 07:59:40.457  2114  2114 I AppWidgetDataProvider:  changeHostIds 2304 , o6.a@5ffe7d
02-13 07:59:40.457  1111  7439 I AppWidgetServiceImpl: startListening callbacks : com.android.internal.appwidget.IAppWidgetHost$Stub$Proxy@917eaa3
02-13 07:59:40.457  2114  2114 I KeyguardDozeTransitionManager: onDataChanged: tile
02-13 07:59:40.457  2114  2114 I ComplicationWidgetPluginController: onDataChanged start com.samsung.android.app.facewidget.complication.c{a606cc V.E...... ......ID 540,0-540,0}
02-13 07:59:40.468  1111  1367 D PowerManagerService: displayReady: false groupId=0
02-13 07:59:40.468  1111  1367 D DisplayPowerController2[0]: animateScreenStateChange: target=ON, mIsEnabled=true
02-13 07:59:40.468  1111  1367 D DisplayPowerController2[652]: animateScreenStateChange: target=ON, mIsEnabled=true
02-13 07:59:40.468  1111  1367 D PowerManagerService: displayReady: true groupId=0
02-13 07:59:40.478  1111  1168 I SearchManagerService: updateSearchables
02-13 07:59:40.479  2114  2970 D LauncherApps: onPackageChanged 0,com.android.shell
02-13 07:59:40.479  1111  1168 D LauncherApps: onPackageChanged 0,com.android.shell
02-13 07:59:40.479  1294  1294 I HoneySpace.PackageOperationTracker: onPackageChanged - com.android.shell UserHandle{0}
02-13 07:59:40.480  1111  3037 D EdmStorageProvider: getCount(AppSeparationTable) - 0
02-13 07:59:40.480  1111  3037 D KnoxMUMContainerPolicy: getAppSeparationConfig(): no record. Return null
02-13 07:59:40.481  1294  2557 I HoneySpace.PackageSourceImpl: package changed info list size : 0
02-13 07:59:40.481  1294  1294 I HoneySpace.HoneySpaceManagerContainer: packageUpdateEvent - com.honeyspace.sdk.source.entity.PackageOperation$Changed@6a5bc95
02-13 07:59:40.481  1294  1294 I HoneySpace.HoneySpaceManagerContainer: refreshHoneyPlugin, packageName: com.android.shell
02-13 07:59:40.481  1294  1417 I HoneySpace.HoneySpacePackageSourceImpl: Package changed : com.android.shell
02-13 07:59:40.481  1294  4077 I SearchableManager: invalidate: com.android.shell
02-13 07:59:40.481  1294  1417 I HoneySpace.HoneySpacePackageSourceImpl: getHiddenItems : 0
02-13 07:59:40.493  1111  1801 I SearchManagerService: _updateSearchables
02-13 07:59:40.494  1111  1801 D EdmStorageProvider: getCount(AppSeparationTable) - 0
02-13 07:59:40.494  1111  1801 D KnoxMUMContainerPolicy: getAppSeparationConfig(): no record. Return null
02-13 07:59:40.494  1111  1801 D EdmStorageProvider: getCount(AppSeparationTable) - 0
02-13 07:59:40.494  1111  1801 D KnoxMUMContainerPolicy: getAppSeparationConfig(): no record. Return null
02-13 07:59:40.494  1111  1801 D EdmStorageProvider: getCount(AppSeparationTable) - 0
02-13 07:59:40.494  1111  1801 D KnoxMUMContainerPolicy: getAppSeparationConfig(): no record. Return null
02-13 07:59:40.495  1111  1801 D EdmStorageProvider: getCount(AppSeparationTable) - 0
02-13 07:59:40.495  1111  1801 D KnoxMUMContainerPolicy: getAppSeparationConfig(): no record. Return null
02-13 07:59:40.498  1111  1168 I SemExecuteManagerService: onPackageModified
02-13 07:59:40.518  1111  1801 W SearchableInfo: Invalid searchable metadata for com.samsung.android.messaging/.ui.view.main.picker.contact.ContactPickerActivity: Search label must be a resource reference.
02-13 07:59:40.537  1111  3618 D FreecessController: com.genymobile.gnirehtet(state: Freezeable -> Frozen, Reason: uidIdle)
02-13 07:59:40.537  1111  3618 D FreecessController: com.samsung.android.themestore(state: Freezeable -> Frozen, Reason: uidIdle)
02-13 07:59:40.537  1111  3618 D FreecessController: com.samsung.android.aremoji(state: Freezeable -> Frozen, Reason: uidIdle)
02-13 07:59:40.537  1111  3618 D FreecessController: com.touchtype.swiftkey(state: Freezeable -> Frozen, Reason: uidIdle)
02-13 07:59:40.538  1111  3618 E FreecessController: FZ error : com.genymobile.gnirehtet(0)
02-13 07:59:40.538  1111  3618 D FreecessController: UFZ : com.genymobile.gnirehtet(0) because failed to freeze, success : false
02-13 07:59:40.538  1111  3618 E FreecessController: FZ error : com.samsung.android.themestore(0)
02-13 07:59:40.538  1111  3618 D FreecessController: UFZ : com.samsung.android.themestore(0) because failed to freeze, success : false
02-13 07:59:40.538  1111  3618 E FreecessController: FZ error : com.samsung.android.aremoji(0)
02-13 07:59:40.538  1111  3618 D FreecessController: UFZ : com.samsung.android.aremoji(0) because failed to freeze, success : false
02-13 07:59:40.538  1111  3618 E FreecessController: FZ error : com.touchtype.swiftkey(0)
02-13 07:59:40.538  1111  3618 D FreecessController: UFZ : com.touchtype.swiftkey(0) because failed to freeze, success : false
02-13 07:59:40.574  1111  1801 D EdmStorageProvider: getCount(AppSeparationTable) - 0
02-13 07:59:40.574  1111  1801 D KnoxMUMContainerPolicy: getAppSeparationConfig(): no record. Return null
02-13 07:59:40.574  1111  1801 D EdmStorageProvider: getCount(AppSeparationTable) - 0
02-13 07:59:40.574  1111  1801 D KnoxMUMContainerPolicy: getAppSeparationConfig(): no record. Return null
02-13 07:59:40.574  1111  1801 I SearchManagerService: _updateSearchables completed.
02-13 07:59:40.596   792  4296 I HYPER-HAL: [RequestManager.cpp]releaseLocked(): Released ID : 653828
02-13 07:59:40.629  2114  2114 I AODNotificationManager: updateNotification() 
02-13 07:59:40.631   541   541 D io_stats: !@   8,0 r 101340982 4654199612 w 87293056 1310413604 d 2817307 1703077224 f 2057961 8859830 iot 47422984 0 th 0 0 0 pt 0 inp 0 0 1622862.386
02-13 07:59:40.636   891   923 I VSyncReactor: Current= 120, Period= 120, Distance= 1
02-13 07:59:40.637   891   891 D SurfaceFlinger: GPIS:: requestGPISForClientComposition
02-13 07:59:40.644   891   923 I VSyncReactor: Current= 120, Period= 120, Distance= 120
02-13 07:59:40.668  1111  1367 D PowerManagerService: displayReady: false groupId=0
02-13 07:59:40.668  1111  1367 D DisplayPowerController2[0]: animateScreenStateChange: target=ON, mIsEnabled=true
02-13 07:59:40.668  1111  1367 D DisplayPowerController2[652]: animateScreenStateChange: target=ON, mIsEnabled=true
02-13 07:59:40.669  1111  1367 D PowerManagerService: displayReady: true groupId=0
02-13 07:59:40.752  1111  1391 D PackageManager: Don't send PACKAGE_CHANGED for com.samsung.android.sm.devicesecurity by WorkManager
02-13 07:59:40.763   792  4271 I HYPER-HAL: [RequestManager.cpp]releaseLocked(): Released ID : 634516
02-13 07:59:40.869  1111  1367 D PowerManagerService: displayReady: false groupId=0
02-13 07:59:40.869  1111  1367 D DisplayPowerController2[0]: animateScreenStateChange: target=ON, mIsEnabled=true
02-13 07:59:40.869  1111  1367 D DisplayPowerController2[652]: animateScreenStateChange: target=ON, mIsEnabled=true
02-13 07:59:40.869  1111  1367 D PowerManagerService: displayReady: true groupId=0
02-13 07:59:40.882  1294  4078 I SearchEngineAppSuggestion: packageUpdateEvent: com.honeyspace.sdk.source.entity.PackageOperation$Changed@6a5bc95
02-13 07:59:40.882  1294  4078 I SearchEngineAppSuggestion: package changed: com.android.shell
02-13 07:59:40.882  1294  4078 I SearchEngine: query: reTriggered SUGGESTED_APPS 2
02-13 07:59:40.882  1294  4078 I HoneySpace.SuggestAppDecor: cellX : 4
02-13 07:59:40.882  1294  4078 I ResultDataManager: Results: keys=SUGGESTED_TIPCARD, SUGGESTED_APPS, SUGGESTED_TAG, SUGGESTED_DIRECTORY
02-13 07:59:40.883  1294  4077 I HoneySpace.ContentsViewModel: observed com.honeyspace.search.ui.honeypot.presentation.content.ContentsViewModel@2a79b22 
02-13 07:59:40.883  1294  4077 I HoneySpace.ContentsViewModel: result onUpdated: SUGGESTED_APPS_
02-13 07:59:40.883  1294  4077 I HoneySpace.ContentsViewModel: result onRemoved: SUGGESTED_APPS_
02-13 07:59:40.883  1294  4077 I HoneySpace.ContentsViewModel: result onAdded: SUGGESTED_APPS_
02-13 07:59:40.885  1294  4077 I ContentsUI: onUpdate: [p9.a@55fd65d, p9.a@444e1aa, p9.a@60ccbd2, p9.a@ff8f4a3]
02-13 07:59:40.885  1294  4077 I ContentsUI: before Latch : Normal
02-13 07:59:40.885  1294  4077 I ContentsUI: request post
02-13 07:59:40.892 17444 17444 I SCS@AiSearch user 0: (PackageBroadcastReceiver) onReceive android.intent.action.PACKAGE_CHANGED
02-13 07:59:40.892 17444 17444 I SCS@AiSearch user 0: (PackageBroadcastReceiver) packageName: com.android.shell
02-13 07:59:40.892 17444 17444 I SCS@AiSearch user 0: (PackageBroadcastReceiver) Packages changed: [com.android.shell]
02-13 07:59:40.892 17444 17444 I SCS@AiSearch user 0: (AppsDataObserver) scheduling worker CMD_UPDATE_LIST
02-13 07:59:41.034  3686  3767 D TrafficStats: tagSocket(98) with statsTag=0xffffffff, statsUid=-1
02-13 07:59:41.035  1294  1294 I CardAdapter: setCards: SUGGESTED_TIPCARD, SUGGESTED_APPS, SUGGESTED_TAG, SUGGESTED_DIRECTORY
02-13 07:59:41.036  3686  4526 D HttpServer: Received POST request: /android/stream/answer
02-13 07:59:41.037  3686  4526 D HttpServer: POST data: {"answer":{"content":{"type":"answer","sdp":"v=0\r\no=- 3509030181599487688 2 IN IP4 127.0.0.1\r\ns=-\r\nt=0 0\r\na=group:BUNDLE audio video data\r\na=extmap-allow-mixed\r\na=msid-semantic: WMS\r\nm=audio 9 UDP/TLS/RTP/SAVPF 111 63 9 0 8 13 110 126\r\nc=IN IP4 0.0.0.0\r\na=rtcp:9 IN IP4 0.0.0.0\r\na=ice-ufrag:RQik\r\na=ice-pwd:oCzLRFfSkOwecWRXZl48koLI\r\na=ice-options:trickle\r\na=fingerprint:sha-256 A8:F8:A0:1F:D9:AD:D9:1B:52:92:B8:92:F9:2C:61:84:26:BA:90:EC:C1:D6:FD:EE:1A:6F:55:65:B4:9E:0D:EC\r\na=setup:active\r\na=mid:audio\r\na=extmap:1 urn:ietf:params:rtp-hdrext:ssrc-audio-level\r\na=extmap:2 http://www.webrtc.org/experiments/rtp-hdrext/abs-send-time\r\na=extmap:3 http://www.ietf.org/id/draft-holmer-rmcat-transport-wide-cc-extensions-01\r\na=recvonly\r\na=rtcp-mux\r\na=rtpmap:111 opus/48000/2\r\na=rtcp-fb:111 transport-cc\r\na=fmtp:111 minptime=10;useinbandfec=1\r\na=rtpmap:63 red/48000/2\r\na=fmtp:63 111/111\r\na=rtpmap:9 G722/8000\r\na=rtpmap:0 PCMU/8000\r\na=rtpmap:8 PCMA/8000\r\na=rtpmap:13 CN/8000\r\na=rtpmap:110 telephone-event/48000\r\na=rtpmap:126 telephone-event/8000\r\nm=video 9 UDP/TLS/RTP/SAVPF 96 97 98 99 35 36 100 101 125 124 127\r\nc=IN IP4 0.0.0.0\r\na=rtcp:9 IN IP4 0.0.0.0\r\na=ice-ufrag:RQik\r\na=ice-pwd:oCzLRFfSkOwecWRXZl48koLI\r\na=ice-options:trickle\r\na=fingerprint:sha-256 A8:F8:A0:1F:D9:AD:D9:1B:52:92:B8:92:F9:2C:61:84:26:BA:90:EC:C1:D6:FD:EE:1A:6F:55:65:B4:9E:0D:EC\r\na=setup:active\r\na=mid:video\r\na=extmap:14 urn:ietf:params:rtp-hdrext:toffset\r\na=extmap:2 http://www.webrtc.org/experiments/rtp-hdrext/abs-send-time\r\na=extmap:13 urn:3gpp:video-orientation\r\na=extmap:3 http://www.ietf.org/id/draft-holmer-rmcat-transport-wide-cc-extensions-01\r\na=extmap:5 http://www.webrtc.org/experiments/rtp-hdrext/playout-delay\r\na=extmap:6 http://www.webrtc.org/experiments/rtp-hdrext/video-content-type\r\na=extmap:7 http://www.webrtc.org/experiments/rtp-hdrext/video-timing\r\na=extmap:8 http://www.webrtc.org/experiments/rtp-hdrext/color-space\r\na=recvonly\r\na=rtcp-mux\r\na=rtcp-rsize\r\na=rtpmap:96 VP8/90000\r\na=rtcp-fb:96 goog-remb\r\na=rtcp-fb:96 transport-cc\r\na=rtcp-fb:96 ccm fir\r\na=rtcp-fb:96 nack\r\na=rtcp-fb:96 nack pli\r\na=rtpmap:97 rtx/90000\r\na=fmtp:97 apt=96\r\na=rtpmap:98 VP9/90000\r\na=rtcp-fb:98 goog-remb\r\na=rtcp-fb:98 transport-cc\r\na=rtcp-fb:98 ccm fir\r\na=rtcp-fb:98 nack\r\na=rtcp-fb:98 nack pli\r\na=fmtp:98 profile-id=0\r\na=rtpmap:99 rtx/90000\r\na=fmtp:99 apt=98\r\na=rtpmap:35 AV1/90000\r\na=rtcp-fb:35 goog-remb\r\na=rtcp-fb:35 transport-cc\r\na=rtcp-fb:35 ccm fir\r\na=rtcp-fb:35 nack\r\na=rtcp-fb:35 nack pli\r\na=rtpmap:36 rtx/90000\r\na=fmtp:36 apt=35\r\na=rtpmap:100 H264/90000\r\na=rtcp-fb:100 goog-remb\r\na=rtcp-fb:100 transport-cc\r\na=rtcp-fb:100 ccm fir\r\na=rtcp-fb:100 nack\r\na=rtcp-fb:100 nack pli\r\na=fmtp:100 level-asymmetry-allowed=1;packetization-mode=1;profile-level-id=42e01f\r\na=rtpmap:101 rtx/90000\r\na=fmtp:101 apt=100\r\na=rtpmap:125 red/90000\r\na=rtpmap:124 rtx/90000\r\na=fmtp:124 apt=125\r\na=rtpmap:127 ulpfec/90000\r\nm=application 9 UDP/DTLS/SCTP webrtc-datachannel\r\nc=IN IP4 0.0.0.0\r\na=ice-ufrag:RQik\r\na=ice-pwd:oCzLRFfSkOwecWRXZl48koLI\r\na=ice-options:trickle\r\na=fingerprint:sha-256 A8:F8:A0:1F:D9:AD:D9:1B:52:92:B8:92:F9:2C:61:84:26:BA:90:EC:C1:D6:FD:EE:1A:6F:55:65:B4:9E:0D:EC\r\na=setup:active\r\na=mid:data\r\na=sctp-port:5000\r\na=max-message-size:262144\r\n"},"message_type":"SDP"},"candidates":[],"peerId":"lt_qp2csugF"}
02-13 07:59:41.041  3686  3756 D webrtc  : onSignalingChange: STABLE for peer lt_qp2csugF
02-13 07:59:41.046  3686  3756 D webrtc  : onIceConnectionStateChange: CHECKING
02-13 07:59:41.049  3916 11328 W MediaProvider: isAppCloneUserPair for user 0: false
02-13 07:59:41.054  2883  2916 D CompatibilityChangeReporter: Compat change id reported: 150939131; UID 10071; state: ENABLED
02-13 07:59:41.060  2883  2918 D MediaSync: loaded: 5ms, 0
02-13 07:59:41.061  2883  2916 D SecMediaProvider: UPDATE /local/metadata 52720, 52744
02-13 07:59:41.069  1111  1367 D PowerManagerService: displayReady: false groupId=0
02-13 07:59:41.069  1111  1367 D DisplayPowerController2[0]: animateScreenStateChange: target=ON, mIsEnabled=true
02-13 07:59:41.069  1111  1367 D DisplayPowerController2[652]: animateScreenStateChange: target=ON, mIsEnabled=true
02-13 07:59:41.069  1111  1367 D PowerManagerService: displayReady: true groupId=0
02-13 07:59:41.079 31968  3460 I NetworkScheduler.Stats: (REDACTED) Task %s/%s started execution. cause:%s exec_start_elapsed_seconds: %s
02-13 07:59:41.081 31968  4110 I NetworkScheduler.Stats: (REDACTED) Task %s/%s finished executing. cause:%s result: %s elapsed_millis: %s uptime_millis: %s exec_start_elapsed_seconds: %s
02-13 07:59:41.120  3686  3767 D TrafficStats: tagSocket(98) with statsTag=0xffffffff, statsUid=-1
02-13 07:59:41.122  3686  4540 D HttpServer: Received POST request: /android/stream/addcandidates
02-13 07:59:41.122  3686  4540 D HttpServer: POST data: {"candidates":[{"candidate":"candidate:2657002991 1 udp 2113937151 c9f135d3-7830-4c9a-a681-d6967b2e9ff9.local 53532 typ host generation 0 ufrag RQik network-cost 999","sdpMid":"audio","sdpMLineIndex":0,"usernameFragment":"RQik"}],"peerId":"lt_qp2csugF"}
02-13 07:59:41.163  3686  3767 D TrafficStats: tagSocket(98) with statsTag=0xffffffff, statsUid=-1
02-13 07:59:41.165  3686  4546 D HttpServer: Received POST request: /android/stream/addcandidates
02-13 07:59:41.165  3686  4546 D HttpServer: POST data: {"candidates":[{"candidate":"candidate:1361879251 1 udp 1677729535 106.51.167.96 35854 typ srflx raddr 0.0.0.0 rport 0 generation 0 ufrag RQik network-cost 999","sdpMid":"audio","sdpMLineIndex":0,"usernameFragment":"RQik"}],"peerId":"lt_qp2csugF"}
02-13 07:59:41.209  1111  1671 I RoleService: Granting default roles...
02-13 07:59:41.222 16774  4015 E RoleControllerServiceImpl: Default/fallback role holder package doesn't qualify for the role, package: com.google.android.gms.supervision, role: android.app.role.SYSTEM_SUPERVISION
02-13 07:59:41.229 16774  4015 W Role    : Default holder doesn't have required signing certificate: com.google.android.apps.work.clouddpc:23962F4B43B9857638EA66F4D419518EAE282491ACDA4B94707BD59003C45E58
02-13 07:59:41.230  3686  3767 D TrafficStats: tagSocket(98) with statsTag=0xffffffff, statsUid=-1
02-13 07:59:41.232  3686  4547 D HttpServer: Received POST request: /android/stream/addcandidates
02-13 07:59:41.232  3686  4547 D HttpServer: POST data: {"candidates":[{"candidate":"candidate:2776233412 1 udp 33563135 10.163.64.68 55536 typ relay raddr 106.51.167.96 rport 35854 generation 0 ufrag RQik network-cost 999","sdpMid":"audio","sdpMLineIndex":0,"usernameFragment":"RQik"}],"peerId":"lt_qp2csugF"}
02-13 07:59:41.241  1111  4513 D EdmStorageProvider: getCount(AppSeparationTable) - 0
02-13 07:59:41.241  1111  4513 D KnoxMUMContainerPolicy: getAppSeparationConfig(): no record. Return null
02-13 07:59:41.241  1111  4513 D EdmStorageProvider: getCount(AppSeparationTable) - 0
02-13 07:59:41.241  1111  4513 D KnoxMUMContainerPolicy: getAppSeparationConfig(): no record. Return null
02-13 07:59:41.246  1111  4513 D EdmStorageProvider: getCount(AppSeparationTable) - 0
02-13 07:59:41.246  1111  4513 D KnoxMUMContainerPolicy: getAppSeparationConfig(): no record. Return null
02-13 07:59:41.256   792  4269 I HYPER-HAL: [RequestManager.cpp]releaseLocked(): Released ID : 8452235
02-13 07:59:41.270  1111  1367 D PowerManagerService: displayReady: false groupId=0
02-13 07:59:41.270  1111  1367 D DisplayPowerController2[0]: animateScreenStateChange: target=ON, mIsEnabled=true
02-13 07:59:41.270  1111  1367 D DisplayPowerController2[652]: animateScreenStateChange: target=ON, mIsEnabled=true
02-13 07:59:41.270  1111  1367 D PowerManagerService: displayReady: true groupId=0
02-13 07:59:41.271  3686  3767 D TrafficStats: tagSocket(98) with statsTag=0xffffffff, statsUid=-1
02-13 07:59:41.273  3686  4549 D HttpServer: Received POST request: /android/stream/addcandidates
02-13 07:59:41.274  3686  4549 D HttpServer: POST data: {"candidates":[{"candidate":"candidate:1540563280 1 udp 16785663 10.163.64.68 62524 typ relay raddr 106.51.167.96 rport 36543 generation 0 ufrag RQik network-cost 999","sdpMid":"audio","sdpMLineIndex":0,"usernameFragment":"RQik"}],"peerId":"lt_qp2csugF"}
02-13 07:59:41.275  3686  3767 D TrafficStats: tagSocket(157) with statsTag=0xffffffff, statsUid=-1
02-13 07:59:41.277  3686  4550 D HttpServer: Received POST request: /android/stream/addcandidates
02-13 07:59:41.278  3686  4550 D HttpServer: POST data: {"candidates":[{"candidate":"candidate:1540563280 1 udp 16785663 10.163.64.68 59743 typ relay raddr 106.51.167.96 rport 35614 generation 0 ufrag RQik network-cost 999","sdpMid":"audio","sdpMLineIndex":0,"usernameFragment":"RQik"}],"peerId":"lt_qp2csugF"}
02-13 07:59:41.300  1111  6622 D SemWifiUsabilityStatsMonitor: onWifiUsabilityStats - seqNum 534906, isSameBssidAndFreq true
02-13 07:59:41.301  1111  1867 I SemWifiLinkQualityMonitor: Link stat: 1875 / 1019 / 1.34 (51) / 400 / -29.0 || 100.0 : 400.00 / 0.5 : 0.75 / 0.55 : 0.54 / RT QoS: false (true) || QoS: 0.18 ms / 45.02 Mbps (N) / 0 (0)
02-13 07:59:41.306   792  4298 I HYPER-HAL: [RequestManager.cpp]releaseLocked(): Released ID : 8464577
02-13 07:59:41.313  1111  4513 D EdmStorageProvider: getCount(AppSeparationTable) - 0
